Microchip MPLAB XC8 Compiler V2.10 ()

Linker command line:

-W-3 --edf=C:\Program Files (x86)\Microchip\xc8\v2.10\pic\dat\en_msgs.txt \
  -cs -h+dist/default/production\Proyecto1_SlaveLOU.X.production.sym \
  --cmf=dist/default/production\Proyecto1_SlaveLOU.X.production.cmf -z \
  -Q16F887 -oC:\Users\Josue\AppData\Local\Temp\s6o4.2 \
  --defsym=__MPLAB_BUILD=1 \
  -Mdist/default/production/Proyecto1_SlaveLOU.X.production.map -E1 \
  -ver=XC8 --acfsm=1493 -ASTACK=0110h-016Fh -pstack=STACK \
  -ACODE=00h-07FFhx4 -ASTRCODE=00h-01FFFh -ASTRING=00h-0FFhx32 \
  -ACONST=00h-0FFhx32 -AENTRY=00h-0FFhx32 -ACOMMON=070h-07Fh \
  -ABANK0=020h-06Fh -ABANK1=0A0h-0EFh -ABANK2=0110h-016Fh \
  -ABANK3=0190h-01EFh -ARAM=020h-06Fh,0A0h-0EFh,0110h-016Fh,0190h-01EFh \
  -AABS1=020h-07Fh,0A0h-0EFh,0110h-016Fh,0190h-01EFh -ASFR0=00h-01Fh \
  -ASFR1=080h-09Fh -ASFR2=0100h-010Fh -ASFR3=0180h-018Fh \
  -preset_vec=00h,intentry=04h,init,end_init -ppowerup=CODE -pcinit=CODE \
  -pfunctab=ENTRY -ACONFIG=02007h-02008h -pconfig=CONFIG -DCONFIG=2 \
  -AIDLOC=02000h-02003h -pidloc=IDLOC -DIDLOC=2 -AEEDATA=00h-0FFh/02100h \
  -peeprom_data=EEDATA -DEEDATA=2 -DCODE=2 -DSTRCODE=2 -DSTRING=2 -DCONST=2 \
  -DENTRY=2 -k C:\Users\Josue\AppData\Local\Temp\s6o4.o \
  dist/default/production\Proyecto1_SlaveLOU.X.production.o 

Object code version is 3.11

Machine type is 16F887



                Name                               Link     Load   Length Selector   Space Scale
C:\Users\Josue\AppData\Local\Temp\s6o4.o
                end_init                              C        C        3        8       0
                reset_vec                             0        0        3        0       0
                config                             2007     2007        2     400E       0
dist/default/production\Proyecto1_SlaveLOU.X.production.o
                cinit                                 F        F       10        8       0
                intentry                              4        4        8        8       0
                text20                              AE4      AE4        E     15C8       0
                text19                              B0B      B0B       1A     1616       0
                text18                              B61      B61       21     16C2       0
                text17                              AF2      AF2       19     15E4       0
                text16                              C13      C13       2D     1826       0
                text15                              7EB      7EB        F        8       0
                text14                              BA3      BA3       25     1746       0
                text13                              774      774       77        8       0
                text12                              C40      C40       55     1880       0
                text11                              C95      C95       55     192A       0
                text10                              E21      E21      1DF     1C42       0
                text9                               4E9      4E9      1DF        8       0
                text8                               B82      B82       21     1704       0
                text7                               6C8      6C8       AC        8       0
                text6                               BED      BED       26     17DA       0
                text5                               B25      B25       1D     164A       0
                text4                               B42      B42       1F     1684       0
                text3                               BC8      BC8       25     1790       0
                text2                               D7D      D7D       A4     1AFA       0
                text1                               CEA      CEA       93     19D4       0
                maintext                             1F       1F      4CA        8       0
                cstackBANK0                          38       38       12       20       1
                cstackCOMMON                         70       70        9       70       1
                clrtext                             ADC      ADC        8     15B8       0
                bssBANK0                             20       20       18       20       1
                bssCOMMON                            79       79        3       70       1
                strings                             800      800       4E     1000       0

TOTAL           Name                               Link     Load   Length     Space
        CLASS   STACK          

        CLASS   CODE           
                end_init                              C        C        3         0
                cinit                                 F        F       10         0
                intentry                              4        4        8         0
                reset_vec                             0        0        3         0
                text20                              AE4      AE4        E         0
                text19                              B0B      B0B       1A         0
                text18                              B61      B61       21         0
                text17                              AF2      AF2       19         0
                text16                              C13      C13       2D         0
                text15                              7EB      7EB        F         0
                text14                              BA3      BA3       25         0
                text13                              774      774       77         0
                text12                              C40      C40       55         0
                text11                              C95      C95       55         0
                text10                              E21      E21      1DF         0
                text9                               4E9      4E9      1DF         0
                text8                               B82      B82       21         0
                text7                               6C8      6C8       AC         0
                text6                               BED      BED       26         0
                text5                               B25      B25       1D         0
                text4                               B42      B42       1F         0
                text3                               BC8      BC8       25         0
                text2                               D7D      D7D       A4         0
                text1                               CEA      CEA       93         0
                maintext                             1F       1F      4CA         0
                clrtext                             ADC      ADC        8         0

        CLASS   STRCODE        

        CLASS   STRING         
                strings                             800      800       4E         0

        CLASS   CONST          

        CLASS   ENTRY          

        CLASS   COMMON         
                cstackCOMMON                         70       70        9         1
                bssCOMMON                            79       79        3         1

        CLASS   BANK0          
                cstackBANK0                          38       38       12         1
                bssBANK0                             20       20       18         1

        CLASS   BANK1          

        CLASS   BANK2          

        CLASS   BANK3          

        CLASS   RAM            

        CLASS   ABS1           
                abs_s1                               7E       7E        2         1

        CLASS   SFR0           

        CLASS   SFR1           

        CLASS   SFR2           

        CLASS   SFR3           

        CLASS   CONFIG         
                config                             2007     2007        2         0

        CLASS   IDLOC          

        CLASS   EEDATA         



SEGMENTS        Name                           Load    Length   Top    Selector   Space  Class     Delta

                reset_vec                      000000  000003  000003         0       0  CODE        2
                intentry                       000004  0007F6  0007FA         8       0  CODE        2
                bssBANK0                       000020  00002A  00004A        20       1  BANK0       1
                cstackCOMMON                   000070  00000C  00007C        70       1  COMMON      1
                strings                        000800  00004E  00084E      1000       0  STRING      2
                clrtext                        000ADC  000008  000AE4      15B8       0  CODE        2
                text20                         000AE4  00000E  000AF2      15C8       0  CODE        2
                text17                         000AF2  000019  000B0B      15E4       0  CODE        2
                text19                         000B0B  00001A  000B25      1616       0  CODE        2
                text5                          000B25  00001D  000B42      164A       0  CODE        2
                text4                          000B42  00001F  000B61      1684       0  CODE        2
                text18                         000B61  000021  000B82      16C2       0  CODE        2
                text8                          000B82  000021  000BA3      1704       0  CODE        2
                text14                         000BA3  000025  000BC8      1746       0  CODE        2
                text3                          000BC8  000025  000BED      1790       0  CODE        2
                text6                          000BED  000026  000C13      17DA       0  CODE        2
                text16                         000C13  00002D  000C40      1826       0  CODE        2
                text12                         000C40  000055  000C95      1880       0  CODE        2
                text11                         000C95  000055  000CEA      192A       0  CODE        2
                text1                          000CEA  000093  000D7D      19D4       0  CODE        2
                text2                          000D7D  0000A4  000E21      1AFA       0  CODE        2
                text10                         000E21  0001DF  001000      1C42       0  CODE        2
                config                         002007  000002  002009      400E       0  CONFIG      2


UNUSED ADDRESS RANGES

        Name                Unused          Largest block    Delta
        BANK0            004A-006F             26           1
        BANK1            00A0-00EF             50           1
        BANK2            0110-016F             60           1
        BANK3            0190-01EF             60           1
        CODE             0003-0003              1           2
                         07FA-07FF              6
                         084E-0ADB            28E
                         1000-1FFF            800
        COMMON           007C-007D              2           1
        CONST            0003-0003              1           2
                         07FA-07FF              6
                         084E-0ADB            100
                         1000-1FFF            100
        EEDATA           2100-21FF            100           2
        ENTRY            0003-0003              1           2
                         07FA-07FF              6
                         084E-0ADB            100
                         1000-1FFF            100
        IDLOC            2000-2003              4           2
        RAM              004A-006F             26           1
                         00A0-00EF             50
                         0110-016F             60
                         0190-01EF             60
        SFR0             0000-001F             20           1
        SFR1             0080-009F             20           1
        SFR2             0100-010F             10           1
        SFR3             0180-018F             10           1
        STACK            0110-016F             60           1
        STRCODE          0003-0003              1           2
                         07FA-07FF              6
                         084E-0ADB            28E
                         1000-1FFF           1000
        STRING           0003-0003              1           2
                         07FA-07FF              6
                         084E-0ADB            100
                         1000-1FFF            100

                                  Symbol Table

?___wmul                    cstackCOMMON 0072
I2C_Slave_Init@address      cstackCOMMON 0072
LCD_CHAR@a                  cstackCOMMON 0073
LCD_CURSOR@a                cstackCOMMON 0075
LCD_CURSOR@b                cstackCOMMON 0077
LCD_CURSOR@d                cstackBANK0  0038
LCD_DATO@var                cstackCOMMON 0072
LCD_STRING@a                cstackCOMMON 0076
LCD_STRING@n                cstackCOMMON 0074
OSC_config@frecuencia       cstackCOMMON 0072
Servo1_grados@Servo1_grados cstackCOMMON 0074
Servo2_grados@Servo2_grados cstackCOMMON 0074
Stepper_CCW@Step_grados_ccw cstackCOMMON 0072
Stepper_CW@Step_grados_cw   cstackCOMMON 0072
_ADCON0bits                 (abs)        001F
_ADCON1bits                 (abs)        009F
_ADIF                       (abs)        0066
_ADRESH                     (abs)        001E
_ANSEL                      (abs)        0188
_ANSELbits                  (abs)        0188
_CCP1CONbits                (abs)        0017
_CCP2CONbits                (abs)        001D
_CCPR1L                     (abs)        0015
_CCPR2L                     (abs)        001B
_ESTADO                     bssBANK0     0030
_ESTADO2                    bssBANK0     002F
_GIE                        (abs)        005F
_Humedad_H                  bssBANK0     002C
_I2C_Slave_Init             text19       0B0B
_INTCONbits                 (abs)        000B
_ISR                        text20       0AE4
_LCD_CHAR                   text15       07EB
_LCD_CLEAR                  text17       0AF2
_LCD_CURSOR                 text16       0C13
_LCD_DATO                   text18       0B61
_LCD_STRING                 text14       0BA3
_LCD_iniciar                text13       0774
_OSCCONbits                 (abs)        008F
_OSC_config                 text7        06C8
_PEIE                       (abs)        005E
_PIE1bits                   (abs)        008C
_PIR1bits                   (abs)        000C
_PORTA                      (abs)        0005
_PORTB                      (abs)        0006
_PORTC                      (abs)        0007
_PORTD                      (abs)        0008
_PORTE                      (abs)        0009
_PORTEbits                  (abs)        0009
_PR2                        (abs)        0092
_RA3                        (abs)        002B
_RA4                        (abs)        002C
_SSPADD                     (abs)        0093
_SSPBUF                     (abs)        0013
_SSPCON                     (abs)        0014
_SSPCON2                    (abs)        0091
_SSPCON2bits                (abs)        0091
_SSPIE                      (abs)        0463
_SSPIF                      (abs)        0063
_SSPSTAT                    (abs)        0094
_Servo1_grados              text12       0C40
_Servo2_grados              text11       0C95
_Stepper_CCW                text10       0E21
_Stepper_CW                 text9        04E9
_T2CONbits                  (abs)        0012
_TRISA                      (abs)        0085
_TRISAbits                  (abs)        0085
_TRISB                      (abs)        0086
_TRISC                      (abs)        0087
_TRISC3                     (abs)        043B
_TRISC4                     (abs)        043C
_TRISCbits                  (abs)        0087
_TRISD                      (abs)        0088
_TRISE                      (abs)        0089
__CFG_BOR4V$BOR40V          (abs)        0000
__CFG_BOREN$OFF             (abs)        0000
__CFG_CP$OFF                (abs)        0000
__CFG_CPD$OFF               (abs)        0000
__CFG_FCMEN$OFF             (abs)        0000
__CFG_FOSC$INTRC_CLKOUT     (abs)        0000
__CFG_IESO$OFF              (abs)        0000
__CFG_LVP$OFF               (abs)        0000
__CFG_MCLRE$OFF             (abs)        0000
__CFG_PWRTE$OFF             (abs)        0000
__CFG_WDTE$OFF              (abs)        0000
__CFG_WRT$OFF               (abs)        0000
__Habs1                     abs1         0000
__Hbank0                    bank0        0000
__Hbank1                    bank1        0000
__Hbank2                    bank2        0000
__Hbank3                    bank3        0000
__HbssBANK0                 bssBANK0     0000
__HbssCOMMON                bssCOMMON    0000
__Hcinit                    cinit        001F
__Hclrtext                  clrtext      0000
__Hcode                     code         0000
__Hcommon                   common       0000
__Hconfig                   config       2009
__HcstackBANK0              cstackBANK0  0000
__HcstackCOMMON             cstackCOMMON 0000
__Heeprom_data              eeprom_data  0000
__Hend_init                 end_init     000F
__Hfunctab                  functab      0000
__Hidloc                    idloc        0000
__Hinit                     init         000C
__Hintentry                 intentry     000C
__Hmaintext                 maintext     0000
__Hpowerup                  powerup      0000
__Hram                      ram          0000
__Hreset_vec                reset_vec    0003
__Hsfr0                     sfr0         0000
__Hsfr1                     sfr1         0000
__Hsfr2                     sfr2         0000
__Hsfr3                     sfr3         0000
__Hspace_0                  (abs)        2009
__Hspace_1                  (abs)        007C
__Hspace_2                  (abs)        0000
__Hspace_3                  (abs)        0000
__Hstack                    stack        0000
__Hstrings                  strings      0000
__Htext                     text         0000
__Labs1                     abs1         0000
__Lbank0                    bank0        0000
__Lbank1                    bank1        0000
__Lbank2                    bank2        0000
__Lbank3                    bank3        0000
__LbssBANK0                 bssBANK0     0000
__LbssCOMMON                bssCOMMON    0000
__Lcinit                    cinit        000F
__Lclrtext                  clrtext      0000
__Lcode                     code         0000
__Lcommon                   common       0000
__Lconfig                   config       2007
__LcstackBANK0              cstackBANK0  0000
__LcstackCOMMON             cstackCOMMON 0000
__Leeprom_data              eeprom_data  0000
__Lend_init                 end_init     000C
__Lfunctab                  functab      0000
__Lidloc                    idloc        0000
__Linit                     init         000C
__Lintentry                 intentry     0004
__Lmaintext                 maintext     0000
__Lpowerup                  powerup      0000
__Lram                      ram          0000
__Lreset_vec                reset_vec    0000
__Lsfr0                     sfr0         0000
__Lsfr1                     sfr1         0000
__Lsfr2                     sfr2         0000
__Lsfr3                     sfr3         0000
__Lspace_0                  (abs)        0000
__Lspace_1                  (abs)        0000
__Lspace_2                  (abs)        0000
__Lspace_3                  (abs)        0000
__Lstack                    stack        0000
__Lstrings                  strings      0000
__Ltext                     text         0000
__S0                        (abs)        2009
__S1                        (abs)        007C
__S2                        (abs)        0000
__S3                        (abs)        0000
___int_sp                   stack        0000
___latbits                  (abs)        0002
___sp                       stack        0000
___stackhi                  (abs)        0000
___stacklo                  (abs)        0000
___wmul                     text3        0BC8
___wmul@multiplicand        cstackCOMMON 0074
___wmul@multiplier          cstackCOMMON 0072
___wmul@product             cstackCOMMON 0076
__end_of_I2C_Slave_Init     text19       0B25
__end_of_ISR                text20       0AF2
__end_of_LCD_CHAR           text15       07FA
__end_of_LCD_CLEAR          text17       0B0B
__end_of_LCD_CURSOR         text16       0C40
__end_of_LCD_DATO           text18       0B82
__end_of_LCD_STRING         text14       0BC8
__end_of_LCD_iniciar        text13       07EB
__end_of_OSC_config         text7        0774
__end_of_Servo1_grados      text12       0C95
__end_of_Servo2_grados      text11       0CEA
__end_of_Stepper_CCW        text10       1000
__end_of_Stepper_CW         text9        06C8
__end_of___wmul             text3        0BED
__end_of__initialization    cinit        001B
__end_of__stringtab         strings      0806
__end_of_config_ADC         text8        0BA3
__end_of_config_PORTS       text6        0C13
__end_of_init_PWM_1         text5        0B42
__end_of_init_PWM_2         text4        0B61
__end_of_main               maintext     04E9
__end_of_mapeo              text2        0E21
__end_of_uint_to_char       text1        0D7D
__initialization            cinit        000F
__pbssBANK0                 bssBANK0     0020
__pbssCOMMON                bssCOMMON    0079
__pcstackBANK0              cstackBANK0  0038
__pcstackCOMMON             cstackCOMMON 0070
__pintentry                 intentry     0004
__pmaintext                 maintext     001F
__pstrings                  strings      0800
__ptext1                    text1        0CEA
__ptext10                   text10       0E21
__ptext11                   text11       0C95
__ptext12                   text12       0C40
__ptext13                   text13       0774
__ptext14                   text14       0BA3
__ptext15                   text15       07EB
__ptext16                   text16       0C13
__ptext17                   text17       0AF2
__ptext18                   text18       0B61
__ptext19                   text19       0B0B
__ptext2                    text2        0D7D
__ptext20                   text20       0AE4
__ptext3                    text3        0BC8
__ptext4                    text4        0B42
__ptext5                    text5        0B25
__ptext6                    text6        0BED
__ptext7                    text7        06C8
__ptext8                    text8        0B82
__ptext9                    text9        04E9
__size_of_I2C_Slave_Init    (abs)        0000
__size_of_ISR               (abs)        0000
__size_of_LCD_CHAR          (abs)        0000
__size_of_LCD_CLEAR         (abs)        0000
__size_of_LCD_CURSOR        (abs)        0000
__size_of_LCD_DATO          (abs)        0000
__size_of_LCD_STRING        (abs)        0000
__size_of_LCD_iniciar       (abs)        0000
__size_of_OSC_config        (abs)        0000
__size_of_Servo1_grados     (abs)        0000
__size_of_Servo2_grados     (abs)        0000
__size_of_Stepper_CCW       (abs)        0000
__size_of_Stepper_CW        (abs)        0000
__size_of___wmul            (abs)        0000
__size_of_config_ADC        (abs)        0000
__size_of_config_PORTS      (abs)        0000
__size_of_init_PWM_1        (abs)        0000
__size_of_init_PWM_2        (abs)        0000
__size_of_main              (abs)        0000
__size_of_mapeo             (abs)        0000
__size_of_uint_to_char      (abs)        0000
__stringbase                strings      0805
__stringtab                 strings      0800
_cen                        bssBANK0     0034
_centena                    bssBANK0     0033
_config_ADC                 text8        0B82
_config_PORTS               text6        0BED
_dec                        bssBANK0     0035
_decena                     bssBANK0     0032
_i                          bssCOMMON    0079
_init_PWM_1                 text5        0B25
_init_PWM_2                 text4        0B42
_main                       maintext     001F
_mapeo                      text2        0D7D
_uint_to_char               text1        0CEA
_uni                        bssCOMMON    007B
_unidad                     bssBANK0     0031
_voltaje_map                bssBANK0     0037
btemp                       (abs)        007E
clear_ram0                  clrtext      0ADC
end_of_initialization       cinit        001B
interrupt_function          intentry     0004
intlevel0                   functab      0000
intlevel1                   functab      0000
intlevel2                   functab      0000
intlevel3                   functab      0000
intlevel4                   functab      0000
intlevel5                   functab      0000
mapeo@dividendo             cstackBANK0  0045
mapeo@limFisico             cstackBANK0  0039
mapeo@limPIC                cstackBANK0  0038
mapeo@result                cstackBANK0  003F
mapeo@valor                 cstackBANK0  003E
reset_vec                   reset_vec    0000
saved_w                     (abs)        007E
start                       init         000C
start_initialization        cinit        000F
uint_to_char@numChr         cstackCOMMON 0075
uint_to_char@numero         cstackCOMMON 0074
wtemp0                      (abs)        007E


FUNCTION INFORMATION:

 *************** function _main *****************
 Defined at:
		line 125 in file "Slave_Lou.c"
 Parameters:    Size  Location     Type
		None
 Auto vars:     Size  Location     Type
		None
 Return value:  Size  Location     Type
                  1    wreg      void 
 Registers used:
		wreg, fsr0l, fsr0h, status,2, status,0, btemp+1, pclath, cstack
 Tracked objects:
		On entry : 
		On exit  : 
		Unchanged: 
 Data sizes:     COMMON   BANK0   BANK1   BANK3   BANK2
      Params:         0       0       0       0       0
      Locals:         0       0       0       0       0
      Temps:          0       3       0       0       0
      Totals:         0       3       0       0       0
Total ram usage:        3 bytes
 Hardware stack levels required when called:    3
 This function calls:
		_I2C_Slave_Init
		_LCD_CHAR
		_LCD_CLEAR
		_LCD_CURSOR
		_LCD_STRING
		_LCD_iniciar
		_Servo1_grados
		_Servo2_grados
		_Stepper_CCW
		_Stepper_CW
		_config_ADC
		_config_PORTS
		_init_PWM_1
		_init_PWM_2
		_mapeo
		_uint_to_char
 This function is called by:
		Startup code after reset
 This function uses a non-reentrant model


 *************** function _uint_to_char *****************
 Defined at:
		line 98 in file "Lib_LCD.c"
 Parameters:    Size  Location     Type
  numero          1    wreg     unsigned char 
 Auto vars:     Size  Location     Type
  numero          1    4[COMMON] unsigned char 
  numChr          1    5[COMMON] unsigned char 
 Return value:  Size  Location     Type
                  1    wreg      unsigned char 
 Registers used:
		wreg, fsr0l, fsr0h, status,2, status,0
 Tracked objects:
		On entry : 
		On exit  : 
		Unchanged: 
 Data sizes:     COMMON   BANK0   BANK1   BANK3   BANK2
      Params:         0       0       0       0       0
      Locals:         2       0       0       0       0
      Temps:          2       0       0       0       0
      Totals:         4       0       0       0       0
Total ram usage:        4 bytes
 Hardware stack levels used:    1
 Hardware stack levels required when called:    1
 This function calls:
		Nothing
 This function is called by:
		_main
 This function uses a non-reentrant model


 *************** function _mapeo *****************
 Defined at:
		line 452 in file "Slave_Lou.c"
 Parameters:    Size  Location     Type
  valor           1    wreg     unsigned char 
  limPIC          1    0[BANK0 ] unsigned char 
  limFisico       1    1[BANK0 ] unsigned char 
 Auto vars:     Size  Location     Type
  valor           1    6[BANK0 ] unsigned char 
  result          6    7[BANK0 ] unsigned int [3]
  dividendo       2   13[BANK0 ] unsigned int 
 Return value:  Size  Location     Type
                  1    wreg      PTR unsigned int 
 Registers used:
		wreg, fsr0l, fsr0h, status,2, status,0, btemp+1, pclath, cstack
 Tracked objects:
		On entry : 
		On exit  : 
		Unchanged: 
 Data sizes:     COMMON   BANK0   BANK1   BANK3   BANK2
      Params:         0       2       0       0       0
      Locals:         0       9       0       0       0
      Temps:          0       4       0       0       0
      Totals:         0      15       0       0       0
Total ram usage:       15 bytes
 Hardware stack levels used:    1
 Hardware stack levels required when called:    2
 This function calls:
		___wmul
 This function is called by:
		_main
 This function uses a non-reentrant model


 *************** function ___wmul *****************
 Defined at:
		line 15 in file "C:\Program Files (x86)\Microchip\xc8\v2.10\pic\sources\c90\common\Umul16.c"
 Parameters:    Size  Location     Type
  multiplier      2    2[COMMON] unsigned int 
  multiplicand    2    4[COMMON] unsigned int 
 Auto vars:     Size  Location     Type
  product         2    6[COMMON] unsigned int 
 Return value:  Size  Location     Type
                  2    2[COMMON] unsigned int 
 Registers used:
		wreg, status,2, status,0
 Tracked objects:
		On entry : 
		On exit  : 
		Unchanged: 
 Data sizes:     COMMON   BANK0   BANK1   BANK3   BANK2
      Params:         4       0       0       0       0
      Locals:         2       0       0       0       0
      Temps:          0       0       0       0       0
      Totals:         6       0       0       0       0
Total ram usage:        6 bytes
 Hardware stack levels used:    1
 Hardware stack levels required when called:    1
 This function calls:
		Nothing
 This function is called by:
		_mapeo
 This function uses a non-reentrant model


 *************** function _init_PWM_2 *****************
 Defined at:
		line 42 in file "PWMs.c"
 Parameters:    Size  Location     Type
		None
 Auto vars:     Size  Location     Type
		None
 Return value:  Size  Location     Type
                  1    wreg      void 
 Registers used:
		wreg
 Tracked objects:
		On entry : 
		On exit  : 
		Unchanged: 
 Data sizes:     COMMON   BANK0   BANK1   BANK3   BANK2
      Params:         0       0       0       0       0
      Locals:         0       0       0       0       0
      Temps:          0       0       0       0       0
      Totals:         0       0       0       0       0
Total ram usage:        0 bytes
 Hardware stack levels used:    1
 Hardware stack levels required when called:    1
 This function calls:
		Nothing
 This function is called by:
		_main
 This function uses a non-reentrant model


 *************** function _init_PWM_1 *****************
 Defined at:
		line 14 in file "PWMs.c"
 Parameters:    Size  Location     Type
		None
 Auto vars:     Size  Location     Type
		None
 Return value:  Size  Location     Type
                  1    wreg      void 
 Registers used:
		wreg
 Tracked objects:
		On entry : 
		On exit  : 
		Unchanged: 
 Data sizes:     COMMON   BANK0   BANK1   BANK3   BANK2
      Params:         0       0       0       0       0
      Locals:         0       0       0       0       0
      Temps:          0       0       0       0       0
      Totals:         0       0       0       0       0
Total ram usage:        0 bytes
 Hardware stack levels used:    1
 Hardware stack levels required when called:    1
 This function calls:
		Nothing
 This function is called by:
		_main
 This function uses a non-reentrant model


 *************** function _config_PORTS *****************
 Defined at:
		line 369 in file "Slave_Lou.c"
 Parameters:    Size  Location     Type
		None
 Auto vars:     Size  Location     Type
		None
 Return value:  Size  Location     Type
                  1    wreg      void 
 Registers used:
		wreg, fsr0l, fsr0h, status,2, status,0, pclath, cstack
 Tracked objects:
		On entry : 
		On exit  : 
		Unchanged: 
 Data sizes:     COMMON   BANK0   BANK1   BANK3   BANK2
      Params:         0       0       0       0       0
      Locals:         0       0       0       0       0
      Temps:          0       0       0       0       0
      Totals:         0       0       0       0       0
Total ram usage:        0 bytes
 Hardware stack levels used:    1
 Hardware stack levels required when called:    2
 This function calls:
		_OSC_config
 This function is called by:
		_main
 This function uses a non-reentrant model


 *************** function _OSC_config *****************
 Defined at:
		line 393 in file "Slave_Lou.c"
 Parameters:    Size  Location     Type
  frecuencia      4    2[COMMON] unsigned long 
 Auto vars:     Size  Location     Type
		None
 Return value:  Size  Location     Type
                  1    wreg      void 
 Registers used:
		wreg, fsr0l, fsr0h, status,2, status,0
 Tracked objects:
		On entry : 
		On exit  : 
		Unchanged: 
 Data sizes:     COMMON   BANK0   BANK1   BANK3   BANK2
      Params:         4       0       0       0       0
      Locals:         0       0       0       0       0
      Temps:          0       0       0       0       0
      Totals:         4       0       0       0       0
Total ram usage:        4 bytes
 Hardware stack levels used:    1
 Hardware stack levels required when called:    1
 This function calls:
		Nothing
 This function is called by:
		_config_PORTS
 This function uses a non-reentrant model


 *************** function _config_ADC *****************
 Defined at:
		line 424 in file "Slave_Lou.c"
 Parameters:    Size  Location     Type
		None
 Auto vars:     Size  Location     Type
		None
 Return value:  Size  Location     Type
                  1    wreg      void 
 Registers used:
		None
 Tracked objects:
		On entry : 
		On exit  : 
		Unchanged: 
 Data sizes:     COMMON   BANK0   BANK1   BANK3   BANK2
      Params:         0       0       0       0       0
      Locals:         0       0       0       0       0
      Temps:          0       0       0       0       0
      Totals:         0       0       0       0       0
Total ram usage:        0 bytes
 Hardware stack levels used:    1
 Hardware stack levels required when called:    1
 This function calls:
		Nothing
 This function is called by:
		_main
 This function uses a non-reentrant model


 *************** function _Stepper_CW *****************
 Defined at:
		line 14 in file "STEPPER_MITSUMI.c"
 Parameters:    Size  Location     Type
  Step_grados_    2    2[COMMON] unsigned int 
 Auto vars:     Size  Location     Type
		None
 Return value:  Size  Location     Type
                  1    wreg      void 
 Registers used:
		wreg, fsr0l, fsr0h, status,2, status,0, btemp+1
 Tracked objects:
		On entry : 
		On exit  : 
		Unchanged: 
 Data sizes:     COMMON   BANK0   BANK1   BANK3   BANK2
      Params:         2       0       0       0       0
      Locals:         0       0       0       0       0
      Temps:          2       0       0       0       0
      Totals:         4       0       0       0       0
Total ram usage:        4 bytes
 Hardware stack levels used:    1
 Hardware stack levels required when called:    1
 This function calls:
		Nothing
 This function is called by:
		_main
 This function uses a non-reentrant model


 *************** function _Stepper_CCW *****************
 Defined at:
		line 102 in file "STEPPER_MITSUMI.c"
 Parameters:    Size  Location     Type
  Step_grados_    2    2[COMMON] unsigned int 
 Auto vars:     Size  Location     Type
		None
 Return value:  Size  Location     Type
                  1    wreg      void 
 Registers used:
		wreg, fsr0l, fsr0h, status,2, status,0, btemp+1
 Tracked objects:
		On entry : 
		On exit  : 
		Unchanged: 
 Data sizes:     COMMON   BANK0   BANK1   BANK3   BANK2
      Params:         2       0       0       0       0
      Locals:         0       0       0       0       0
      Temps:          2       0       0       0       0
      Totals:         4       0       0       0       0
Total ram usage:        4 bytes
 Hardware stack levels used:    1
 Hardware stack levels required when called:    1
 This function calls:
		Nothing
 This function is called by:
		_main
 This function uses a non-reentrant model


 *************** function _Servo2_grados *****************
 Defined at:
		line 117 in file "PWMs.c"
 Parameters:    Size  Location     Type
  Servo2_grado    1    wreg     unsigned char 
 Auto vars:     Size  Location     Type
  Servo2_grado    1    4[COMMON] unsigned char 
 Return value:  Size  Location     Type
                  1    wreg      void 
 Registers used:
		wreg, fsr0l, fsr0h, status,2, status,0
 Tracked objects:
		On entry : 
		On exit  : 
		Unchanged: 
 Data sizes:     COMMON   BANK0   BANK1   BANK3   BANK2
      Params:         0       0       0       0       0
      Locals:         1       0       0       0       0
      Temps:          2       0       0       0       0
      Totals:         3       0       0       0       0
Total ram usage:        3 bytes
 Hardware stack levels used:    1
 Hardware stack levels required when called:    1
 This function calls:
		Nothing
 This function is called by:
		_main
 This function uses a non-reentrant model


 *************** function _Servo1_grados *****************
 Defined at:
		line 73 in file "PWMs.c"
 Parameters:    Size  Location     Type
  Servo1_grado    1    wreg     unsigned char 
 Auto vars:     Size  Location     Type
  Servo1_grado    1    4[COMMON] unsigned char 
 Return value:  Size  Location     Type
                  1    wreg      void 
 Registers used:
		wreg, fsr0l, fsr0h, status,2, status,0
 Tracked objects:
		On entry : 
		On exit  : 
		Unchanged: 
 Data sizes:     COMMON   BANK0   BANK1   BANK3   BANK2
      Params:         0       0       0       0       0
      Locals:         1       0       0       0       0
      Temps:          2       0       0       0       0
      Totals:         3       0       0       0       0
Total ram usage:        3 bytes
 Hardware stack levels used:    1
 Hardware stack levels required when called:    1
 This function calls:
		Nothing
 This function is called by:
		_main
 This function uses a non-reentrant model


 *************** function _LCD_iniciar *****************
 Defined at:
		line 26 in file "Lib_LCD.c"
 Parameters:    Size  Location     Type
		None
 Auto vars:     Size  Location     Type
		None
 Return value:  Size  Location     Type
                  1    wreg      void 
 Registers used:
		wreg, status,2, status,0, pclath, cstack
 Tracked objects:
		On entry : 
		On exit  : 
		Unchanged: 
 Data sizes:     COMMON   BANK0   BANK1   BANK3   BANK2
      Params:         0       0       0       0       0
      Locals:         0       0       0       0       0
      Temps:          2       0       0       0       0
      Totals:         2       0       0       0       0
Total ram usage:        2 bytes
 Hardware stack levels used:    1
 Hardware stack levels required when called:    2
 This function calls:
		_LCD_DATO
 This function is called by:
		_main
 This function uses a non-reentrant model


 *************** function _LCD_STRING *****************
 Defined at:
		line 90 in file "Lib_LCD.c"
 Parameters:    Size  Location     Type
  a               1    wreg     PTR unsigned char 
		 -> STR_15(5), STR_14(5), STR_13(5), STR_12(5), 
		 -> STR_11(5), STR_10(5), STR_9(5), STR_8(5), 
		 -> STR_7(5), STR_6(5), STR_5(5), STR_4(5), 
		 -> STR_3(5), STR_2(17), STR_1(17), 
 Auto vars:     Size  Location     Type
  a               1    6[COMMON] PTR unsigned char 
		 -> STR_15(5), STR_14(5), STR_13(5), STR_12(5), 
		 -> STR_11(5), STR_10(5), STR_9(5), STR_8(5), 
		 -> STR_7(5), STR_6(5), STR_5(5), STR_4(5), 
		 -> STR_3(5), STR_2(17), STR_1(17), 
  n               2    4[COMMON] int 
 Return value:  Size  Location     Type
                  1    wreg      void 
 Registers used:
		wreg, fsr0l, fsr0h, status,2, status,0, pclath, cstack
 Tracked objects:
		On entry : 
		On exit  : 
		Unchanged: 
 Data sizes:     COMMON   BANK0   BANK1   BANK3   BANK2
      Params:         0       0       0       0       0
      Locals:         3       0       0       0       0
      Temps:          0       0       0       0       0
      Totals:         3       0       0       0       0
Total ram usage:        3 bytes
 Hardware stack levels used:    1
 Hardware stack levels required when called:    2
 This function calls:
		_LCD_CHAR
 This function is called by:
		_main
 This function uses a non-reentrant model


 *************** function _LCD_CHAR *****************
 Defined at:
		line 80 in file "Lib_LCD.c"
 Parameters:    Size  Location     Type
  a               1    wreg     unsigned char 
 Auto vars:     Size  Location     Type
  a               1    3[COMMON] unsigned char 
 Return value:  Size  Location     Type
                  1    wreg      void 
 Registers used:
		wreg
 Tracked objects:
		On entry : 
		On exit  : 
		Unchanged: 
 Data sizes:     COMMON   BANK0   BANK1   BANK3   BANK2
      Params:         0       0       0       0       0
      Locals:         1       0       0       0       0
      Temps:          1       0       0       0       0
      Totals:         2       0       0       0       0
Total ram usage:        2 bytes
 Hardware stack levels used:    1
 Hardware stack levels required when called:    1
 This function calls:
		Nothing
 This function is called by:
		_main
		_LCD_STRING
 This function uses a non-reentrant model


 *************** function _LCD_CURSOR *****************
 Defined at:
		line 63 in file "Lib_LCD.c"
 Parameters:    Size  Location     Type
  a               2    5[COMMON] int 
  b               2    7[COMMON] int 
 Auto vars:     Size  Location     Type
  d               2    0[BANK0 ] int 
 Return value:  Size  Location     Type
                  1    wreg      void 
 Registers used:
		wreg, status,2, status,0, pclath, cstack
 Tracked objects:
		On entry : 
		On exit  : 
		Unchanged: 
 Data sizes:     COMMON   BANK0   BANK1   BANK3   BANK2
      Params:         4       0       0       0       0
      Locals:         0       2       0       0       0
      Temps:          0       0       0       0       0
      Totals:         4       2       0       0       0
Total ram usage:        6 bytes
 Hardware stack levels used:    1
 Hardware stack levels required when called:    2
 This function calls:
		_LCD_DATO
 This function is called by:
		_main
 This function uses a non-reentrant model


 *************** function _LCD_CLEAR *****************
 Defined at:
		line 56 in file "Lib_LCD.c"
 Parameters:    Size  Location     Type
		None
 Auto vars:     Size  Location     Type
		None
 Return value:  Size  Location     Type
                  1    wreg      void 
 Registers used:
		wreg, status,2, status,0, pclath, cstack
 Tracked objects:
		On entry : 
		On exit  : 
		Unchanged: 
 Data sizes:     COMMON   BANK0   BANK1   BANK3   BANK2
      Params:         0       0       0       0       0
      Locals:         0       0       0       0       0
      Temps:          1       0       0       0       0
      Totals:         1       0       0       0       0
Total ram usage:        1 bytes
 Hardware stack levels used:    1
 Hardware stack levels required when called:    2
 This function calls:
		_LCD_DATO
 This function is called by:
		_main
 This function uses a non-reentrant model


 *************** function _LCD_DATO *****************
 Defined at:
		line 46 in file "Lib_LCD.c"
 Parameters:    Size  Location     Type
  var             2    2[COMMON] int 
 Auto vars:     Size  Location     Type
		None
 Return value:  Size  Location     Type
                  1    wreg      void 
 Registers used:
		wreg
 Tracked objects:
		On entry : 
		On exit  : 
		Unchanged: 
 Data sizes:     COMMON   BANK0   BANK1   BANK3   BANK2
      Params:         2       0       0       0       0
      Locals:         0       0       0       0       0
      Temps:          1       0       0       0       0
      Totals:         3       0       0       0       0
Total ram usage:        3 bytes
 Hardware stack levels used:    1
 Hardware stack levels required when called:    1
 This function calls:
		Nothing
 This function is called by:
		_LCD_iniciar
		_LCD_CLEAR
		_LCD_CURSOR
 This function uses a non-reentrant model


 *************** function _I2C_Slave_Init *****************
 Defined at:
		line 94 in file "I2C.c"
 Parameters:    Size  Location     Type
  address         1    wreg     unsigned char 
 Auto vars:     Size  Location     Type
  address         1    2[COMMON] unsigned char 
 Return value:  Size  Location     Type
                  1    wreg      void 
 Registers used:
		wreg
 Tracked objects:
		On entry : 
		On exit  : 
		Unchanged: 
 Data sizes:     COMMON   BANK0   BANK1   BANK3   BANK2
      Params:         0       0       0       0       0
      Locals:         1       0       0       0       0
      Temps:          0       0       0       0       0
      Totals:         1       0       0       0       0
Total ram usage:        1 bytes
 Hardware stack levels used:    1
 Hardware stack levels required when called:    1
 This function calls:
		Nothing
 This function is called by:
		_main
 This function uses a non-reentrant model


 *************** function _ISR *****************
 Defined at:
		line 81 in file "Slave_Lou.c"
 Parameters:    Size  Location     Type
		None
 Auto vars:     Size  Location     Type
		None
 Return value:  Size  Location     Type
                  1    wreg      void 
 Registers used:
		None
 Tracked objects:
		On entry : 
		On exit  : 
		Unchanged: 
 Data sizes:     COMMON   BANK0   BANK1   BANK3   BANK2
      Params:         0       0       0       0       0
      Locals:         0       0       0       0       0
      Temps:          2       0       0       0       0
      Totals:         2       0       0       0       0
Total ram usage:        2 bytes
 Hardware stack levels used:    1
 This function calls:
		Nothing
 This function is called by:
		Interrupt level 1
 This function uses a non-reentrant model



MODULE INFORMATION

Module		Function		Class		Link	Load	Size
STEPPER_MITSUMI.c
		_Stepper_CW    		CODE           	04E9	0000	480
		_Stepper_CCW   		CODE           	0E21	0000	480

STEPPER_MITSUMI.c estimated size: 960

C:\Program Files (x86)\Microchip\xc8\v2.10\pic\sources\c90\common\Umul16.c
		___wmul        		CODE           	0BC8	0000	38

C:\Program Files (x86)\Microchip\xc8\v2.10\pic\sources\c90\common\Umul16.c estimated size: 38

Lib_LCD.c
		_LCD_STRING    		CODE           	0BA3	0000	38
		_LCD_DATO      		CODE           	0B61	0000	34
		_LCD_CHAR      		CODE           	07EB	0000	16
		_LCD_CLEAR     		CODE           	0AF2	0000	26
		_LCD_iniciar   		CODE           	0774	0000	120
		_LCD_CURSOR    		CODE           	0C13	0000	46
		_uint_to_char  		CODE           	0CEA	0000	148

Lib_LCD.c estimated size: 428

PWMs.c
		_Servo1_grados 		CODE           	0C40	0000	86
		_init_PWM_1    		CODE           	0B25	0000	30
		_init_PWM_2    		CODE           	0B42	0000	32
		_Servo2_grados 		CODE           	0C95	0000	86

PWMs.c estimated size: 234

I2C.c
		_I2C_Slave_Init		CODE           	0B0B	0000	27

I2C.c estimated size: 27

Slave_Lou.c
		_ISR           		CODE           	0AE4	0000	15
		_main          		CODE           	001F	0000	1227
		_OSC_config    		CODE           	06C8	0000	173
		_config_ADC    		CODE           	0B82	0000	34
		_mapeo         		CODE           	0D7D	0000	165
		_config_PORTS  		CODE           	0BED	0000	39

Slave_Lou.c estimated size: 1653

shared
		__stringtab    		STRING         	0800	0000	7
		__initialization		CODE           	000F	0000	13

shared estimated size: 20

