Microchip MPLAB XC8 Compiler V2.05 ()

Linker command line:

-W-3 --edf=C:\Program Files (x86)\Microchip\xc8\v2.05\pic\dat\en_msgs.txt \
  -cs -h+dist/default/production\PIC_master.X.production.sym \
  --cmf=dist/default/production\PIC_master.X.production.cmf -z -Q16F887 \
  -oC:\Users\ICHELECE\AppData\Local\Temp\s4nk.2 --defsym=__MPLAB_BUILD=1 \
  -Mdist/default/production/PIC_master.X.production.map -E1 -ver=XC8 \
  --acfsm=1493 -ASTACK=0110h-016Fh -pstack=STACK -ACODE=00h-07FFhx4 \
  -ASTRCODE=00h-01FFFh -ASTRING=00h-0FFhx32 -ACONST=00h-0FFhx32 \
  -AENTRY=00h-0FFhx32 -ACOMMON=070h-07Fh -ABANK0=020h-06Fh \
  -ABANK1=0A0h-0EFh -ABANK2=0110h-016Fh -ABANK3=0190h-01EFh \
  -ARAM=020h-06Fh,0A0h-0EFh,0110h-016Fh,0190h-01EFh \
  -AABS1=020h-07Fh,0A0h-0EFh,0110h-016Fh,0190h-01EFh -ASFR0=00h-01Fh \
  -ASFR1=080h-09Fh -ASFR2=0100h-010Fh -ASFR3=0180h-018Fh \
  -preset_vec=00h,intentry=04h,init,end_init -ppowerup=CODE -pcinit=CODE \
  -pfunctab=ENTRY -ACONFIG=02007h-02008h -pconfig=CONFIG -DCONFIG=2 \
  -AIDLOC=02000h-02003h -pidloc=IDLOC -DIDLOC=2 -AEEDATA=00h-0FFh/02100h \
  -peeprom_data=EEDATA -DEEDATA=2 -DCODE=2 -DSTRCODE=2 -DSTRING=2 -DCONST=2 \
  -DENTRY=2 -k C:\Users\ICHELECE\AppData\Local\Temp\s4nk.o \
  dist/default/production\PIC_master.X.production.o 

Object code version is 3.11

Machine type is 16F887



                Name                               Link     Load   Length Selector   Space Scale
C:\Users\ICHELECE\AppData\Local\Temp\s4nk.o
                end_init                              C        C        3        8       0
                reset_vec                             0        0        3        0       0
                config                             2007     2007        2     400E       0
dist/default/production\PIC_master.X.production.o
                cinit                                 F        F       1A        8       0
                intentry                              4        4        8        8       0
                text31                              A56      A56       11     14AC       0
                text30                              C6A      C6A       60     18D4       0
                text29                              7BC      7BC       36      F78       0
                text28                              B91      B91       2F     1722       0
                text27                              A47      A47        F     148E       0
                text26                              B0D      B0D       2C     161A       0
                text25                              A9E      A9E       16     153C       0
                text24                              CCA      CCA       67     1994       0
                text23                              F54      F54       AC     1EA8       0
                text22                              A89      A89       15     1512       0
                text21                              E25      E25       86     1C4A       0
                text20                              A67      A67       11     14CE       0
                text19                              AB4      AB4       16     1568       0
                text18                              A34      A34        9     1468       0
                text17                              B39      B39       2C     1672       0
                text16                              A16      A16        7     142C       0
                text15                              A1D      A1D        7     143A       0
                text14                              A24      A24        8     1448       0
                text13                              32E      32E      1CC        8       0
                text12                              B65      B65       2C     16CA       0
                text11                              AEB      AEB       22     15D6       0
                text10                              6A4      6A4       5B        8       0
                text9                               BC0      BC0       4B     1780       0
                text8                               4FA      4FA       D8        8       0
                text7                               5D2      5D2       D2        8       0
                text6                               ACA      ACA       21     1594       0
                text5                               DA0      DA0       85     1B40       0
                text4                                29       29      305        8       0
                text3                               D31      D31       6F     1A62       0
                text2                               EAB      EAB       A9     1D56       0
                text1                               A3D      A3D        A     147A       0
                maintext                            C0B      C0B       5F     1816       0
                cstackBANK0                          20       20       1B       20       1
                cstackCOMMON                         70       70        A       70       1
                clrtext                             A2C      A2C        8     1458       0
                inittext                            A78      A78       11     14F0       0
                dataBANK0                            4D       4D        A       20       1
                bssBANK0                             3B       3B       12       20       1
                bssCOMMON                            7A       7A        2       70       1
                strings                             700      700       BC      E00       0
                idataBANK0                          7F2      7F2        A      F78       0

TOTAL           Name                               Link     Load   Length     Space
        CLASS   STACK          

        CLASS   CODE           
                end_init                              C        C        3         0
                cinit                                 F        F       1A         0
                intentry                              4        4        8         0
                reset_vec                             0        0        3         0
                text31                              A56      A56       11         0
                text30                              C6A      C6A       60         0
                text29                              7BC      7BC       36         0
                text28                              B91      B91       2F         0
                text27                              A47      A47        F         0
                text26                              B0D      B0D       2C         0
                text25                              A9E      A9E       16         0
                text24                              CCA      CCA       67         0
                text23                              F54      F54       AC         0
                text22                              A89      A89       15         0
                text21                              E25      E25       86         0
                text20                              A67      A67       11         0
                text19                              AB4      AB4       16         0
                text18                              A34      A34        9         0
                text17                              B39      B39       2C         0
                text16                              A16      A16        7         0
                text15                              A1D      A1D        7         0
                text14                              A24      A24        8         0
                text13                              32E      32E      1CC         0
                text12                              B65      B65       2C         0
                text11                              AEB      AEB       22         0
                text10                              6A4      6A4       5B         0
                text9                               BC0      BC0       4B         0
                text8                               4FA      4FA       D8         0
                text7                               5D2      5D2       D2         0
                text6                               ACA      ACA       21         0
                text5                               DA0      DA0       85         0
                text4                                29       29      305         0
                text3                               D31      D31       6F         0
                text2                               EAB      EAB       A9         0
                text1                               A3D      A3D        A         0
                maintext                            C0B      C0B       5F         0
                clrtext                             A2C      A2C        8         0
                inittext                            A78      A78       11         0
                idataBANK0                          7F2      7F2        A         0

        CLASS   STRCODE        

        CLASS   STRING         
                strings                             700      700       BC         0

        CLASS   CONST          

        CLASS   ENTRY          

        CLASS   COMMON         
                cstackCOMMON                         70       70        A         1
                bssCOMMON                            7A       7A        2         1

        CLASS   BANK0          
                cstackBANK0                          20       20       1B         1
                dataBANK0                            4D       4D        A         1
                bssBANK0                             3B       3B       12         1

        CLASS   BANK1          

        CLASS   BANK2          

        CLASS   BANK3          

        CLASS   RAM            

        CLASS   ABS1           
                abs_s1                               7E       7E        2         1

        CLASS   SFR0           

        CLASS   SFR1           

        CLASS   SFR2           

        CLASS   SFR3           

        CLASS   CONFIG         
                config                             2007     2007        2         0

        CLASS   IDLOC          

        CLASS   EEDATA         



SEGMENTS        Name                           Load    Length   Top    Selector   Space  Class     Delta

                reset_vec                      000000  000003  000003         0       0  CODE        2
                intentry                       000004  0006FB  0006FF         8       0  CODE        2
                cstackBANK0                    000020  000037  000057        20       1  BANK0       1
                cstackCOMMON                   000070  00000C  00007C        70       1  COMMON      1
                strings                        000700  0000BC  0007BC       E00       0  STRING      2
                text29                         0007BC  000040  0007FC       F78       0  CODE        2
                text16                         000A16  000007  000A1D      142C       0  CODE        2
                text15                         000A1D  000007  000A24      143A       0  CODE        2
                text14                         000A24  000008  000A2C      1448       0  CODE        2
                clrtext                        000A2C  000008  000A34      1458       0  CODE        2
                text18                         000A34  000009  000A3D      1468       0  CODE        2
                text1                          000A3D  00000A  000A47      147A       0  CODE        2
                text27                         000A47  00000F  000A56      148E       0  CODE        2
                text31                         000A56  000011  000A67      14AC       0  CODE        2
                text20                         000A67  000011  000A78      14CE       0  CODE        2
                inittext                       000A78  000011  000A89      14F0       0  CODE        2
                text22                         000A89  000015  000A9E      1512       0  CODE        2
                text25                         000A9E  000016  000AB4      153C       0  CODE        2
                text19                         000AB4  000016  000ACA      1568       0  CODE        2
                text6                          000ACA  000021  000AEB      1594       0  CODE        2
                text11                         000AEB  000022  000B0D      15D6       0  CODE        2
                text26                         000B0D  00002C  000B39      161A       0  CODE        2
                text17                         000B39  00002C  000B65      1672       0  CODE        2
                text12                         000B65  00002C  000B91      16CA       0  CODE        2
                text28                         000B91  00002F  000BC0      1722       0  CODE        2
                text9                          000BC0  00004B  000C0B      1780       0  CODE        2
                maintext                       000C0B  00005F  000C6A      1816       0  CODE        2
                text30                         000C6A  000060  000CCA      18D4       0  CODE        2
                text24                         000CCA  000067  000D31      1994       0  CODE        2
                text3                          000D31  00006F  000DA0      1A62       0  CODE        2
                text5                          000DA0  000085  000E25      1B40       0  CODE        2
                text21                         000E25  000086  000EAB      1C4A       0  CODE        2
                text2                          000EAB  0000A9  000F54      1D56       0  CODE        2
                text23                         000F54  0000AC  001000      1EA8       0  CODE        2
                config                         002007  000002  002009      400E       0  CONFIG      2


UNUSED ADDRESS RANGES

        Name                Unused          Largest block    Delta
        BANK0            0057-006F             19           1
        BANK1            00A0-00EF             50           1
        BANK2            0110-016F             60           1
        BANK3            0190-01EF             60           1
        CODE             0003-0003              1           2
                         06FF-06FF              1
                         07FC-0A15              4
                         1000-1FFF            800
        COMMON           007C-007D              2           1
        CONST            0003-0003              1           2
                         06FF-06FF              1
                         07FC-0A15            100
                         1000-1FFF            100
        EEDATA           2100-21FF            100           2
        ENTRY            0003-0003              1           2
                         06FF-06FF              1
                         07FC-0A15            100
                         1000-1FFF            100
        IDLOC            2000-2003              4           2
        RAM              0057-006F             19           1
                         00A0-00EF             50
                         0110-016F             60
                         0190-01EF             60
        SFR0             0000-001F             20           1
        SFR1             0080-009F             20           1
        SFR2             0100-010F             10           1
        SFR3             0180-018F             10           1
        STACK            0110-016F             60           1
        STRCODE          0003-0003              1           2
                         06FF-06FF              1
                         07FC-0A15            21A
                         1000-1FFF           1000
        STRING           0003-0003              1           2
                         06FF-06FF              1
                         07FC-0A15            100
                         1000-1FFF            100

                                  Symbol Table

?_I2C_Master_Read             cstackCOMMON 0072
?___awdiv                     cstackBANK0  0020
?___awmod                     cstackCOMMON 0072
?___lldiv                     cstackCOMMON 0072
?___wmul                      cstackCOMMON 0072
?_uart_init                   cstackCOMMON 0072
BCD_a_DEC@numBCD              cstackCOMMON 0079
I2C_Master_Init@c             cstackBANK0  0026
I2C_Master_Read@a             cstackCOMMON 0072
I2C_Master_Read@temp          cstackCOMMON 0076
I2C_Master_Write@d            cstackCOMMON 0072
LCD_Cmd@comando               cstackCOMMON 0074
LCD_Create_Char@chardata      cstackCOMMON 0075
LCD_Create_Char@charnum       cstackCOMMON 0077
LCD_Create_Char@n             cstackCOMMON 0078
LCD_Set_Cursor@columna        cstackCOMMON 0075
LCD_Set_Cursor@corrimiento    cstackCOMMON 0079
LCD_Set_Cursor@linea          cstackCOMMON 0078
LCD_Write_Character@caracter  cstackCOMMON 0073
LCD_Write_String@a            cstackCOMMON 0076
LCD_Write_String@n            cstackCOMMON 0074
OSC_config@frecuencia         cstackCOMMON 0072
_ANSELH                       (abs)        0189
_BAUDCTLbits                  (abs)        0187
_BCD_a_DEC                    text19       0AB4
_GIE                          (abs)        005F
_I2C_Master_Init              text29       07BC
_I2C_Master_Read              text17       0B39
_I2C_Master_Start             text16       0A16
_I2C_Master_Stop              text15       0A1D
_I2C_Master_Wait              text18       0A34
_I2C_Master_Write             text14       0A24
_INTCONbits                   (abs)        000B
_IOCB                         (abs)        0096
_ISR                          text31       0A56
_LCD_Cmd                      text28       0B91
_LCD_Create_Char              text26       0B0D
_LCD_Set_Cursor               text12       0B65
_LCD_Write_Character          text27       0A47
_LCD_Write_String             text11       0AEB
_LCD_clear                    text25       0A9E
_LCD_init                     text24       0CCA
_OPTION_REGbits               (abs)        0081
_OSCCONbits                   (abs)        008F
_OSC_config                   text23       0F54
_PEIE                         (abs)        005E
_PORTBbits                    (abs)        0006
_PORTC                        (abs)        0007
_PORTCbits                    (abs)        0007
_PORTD                        (abs)        0008
_RCREG                        (abs)        001A
_RCSTAbits                    (abs)        0018
_SPBRG                        (abs)        0099
_SPBRGH                       (abs)        009A
_SSPADD                       (abs)        0093
_SSPBUF                       (abs)        0013
_SSPCON                       (abs)        0014
_SSPCON2                      (abs)        0091
_SSPCON2bits                  (abs)        0091
_SSPIE                        (abs)        0463
_SSPIF                        (abs)        0063
_SSPSTAT                      (abs)        0094
_SetUp                        text21       0E25
_TRISB                        (abs)        0086
_TRISC                        (abs)        0087
_TRISC0                       (abs)        0438
_TRISC1                       (abs)        0439
_TRISC3                       (abs)        043B
_TRISC4                       (abs)        043C
_TRISCbits                    (abs)        0087
_TRISD                        (abs)        0088
_TRMT                         (abs)        04C1
_TXREG                        (abs)        0019
_TXSTAbits                    (abs)        0098
_WPUB                         (abs)        0095
__CFG_BOR4V$BOR40V            (abs)        0000
__CFG_BOREN$OFF               (abs)        0000
__CFG_CP$OFF                  (abs)        0000
__CFG_CPD$OFF                 (abs)        0000
__CFG_FCMEN$OFF               (abs)        0000
__CFG_FOSC$INTRC_NOCLKOUT     (abs)        0000
__CFG_IESO$OFF                (abs)        0000
__CFG_LVP$OFF                 (abs)        0000
__CFG_MCLRE$OFF               (abs)        0000
__CFG_PWRTE$OFF               (abs)        0000
__CFG_WDTE$OFF                (abs)        0000
__CFG_WRT$OFF                 (abs)        0000
__Habs1                       abs1         0000
__Hbank0                      bank0        0000
__Hbank1                      bank1        0000
__Hbank2                      bank2        0000
__Hbank3                      bank3        0000
__HbssBANK0                   bssBANK0     0000
__HbssCOMMON                  bssCOMMON    0000
__Hcinit                      cinit        0029
__Hclrtext                    clrtext      0000
__Hcode                       code         0000
__Hcommon                     common       0000
__Hconfig                     config       2009
__HcstackBANK0                cstackBANK0  0000
__HcstackCOMMON               cstackCOMMON 0000
__HdataBANK0                  dataBANK0    0000
__Heeprom_data                eeprom_data  0000
__Hend_init                   end_init     000F
__Hfunctab                    functab      0000
__HidataBANK0                 idataBANK0   0000
__Hidloc                      idloc        0000
__Hinit                       init         000C
__Hinittext                   inittext     0000
__Hintentry                   intentry     000C
__Hmaintext                   maintext     0000
__Hpowerup                    powerup      0000
__Hram                        ram          0000
__Hreset_vec                  reset_vec    0003
__Hsfr0                       sfr0         0000
__Hsfr1                       sfr1         0000
__Hsfr2                       sfr2         0000
__Hsfr3                       sfr3         0000
__Hspace_0                    (abs)        2009
__Hspace_1                    (abs)        007C
__Hspace_2                    (abs)        0000
__Hspace_3                    (abs)        0000
__Hstack                      stack        0000
__Hstrings                    strings      0000
__Htext                       text         0000
__Labs1                       abs1         0000
__Lbank0                      bank0        0000
__Lbank1                      bank1        0000
__Lbank2                      bank2        0000
__Lbank3                      bank3        0000
__LbssBANK0                   bssBANK0     0000
__LbssCOMMON                  bssCOMMON    0000
__Lcinit                      cinit        000F
__Lclrtext                    clrtext      0000
__Lcode                       code         0000
__Lcommon                     common       0000
__Lconfig                     config       2007
__LcstackBANK0                cstackBANK0  0000
__LcstackCOMMON               cstackCOMMON 0000
__LdataBANK0                  dataBANK0    0000
__Leeprom_data                eeprom_data  0000
__Lend_init                   end_init     000C
__Lfunctab                    functab      0000
__LidataBANK0                 idataBANK0   0000
__Lidloc                      idloc        0000
__Linit                       init         000C
__Linittext                   inittext     0000
__Lintentry                   intentry     0004
__Lmaintext                   maintext     0000
__Lpowerup                    powerup      0000
__Lram                        ram          0000
__Lreset_vec                  reset_vec    0000
__Lsfr0                       sfr0         0000
__Lsfr1                       sfr1         0000
__Lsfr2                       sfr2         0000
__Lsfr3                       sfr3         0000
__Lspace_0                    (abs)        0000
__Lspace_1                    (abs)        0000
__Lspace_2                    (abs)        0000
__Lspace_3                    (abs)        0000
__Lstack                      stack        0000
__Lstrings                    strings      0000
__Ltext                       text         0000
__S0                          (abs)        2009
__S1                          (abs)        007C
__S2                          (abs)        0000
__S3                          (abs)        0000
___awdiv                      text10       06A4
___awdiv@counter              cstackBANK0  0024
___awdiv@dividend             cstackBANK0  0022
___awdiv@divisor              cstackBANK0  0020
___awdiv@quotient             cstackBANK0  0026
___awdiv@sign                 cstackBANK0  0025
___awmod                      text9        0BC0
___awmod@counter              cstackCOMMON 0077
___awmod@dividend             cstackCOMMON 0074
___awmod@divisor              cstackCOMMON 0072
___awmod@sign                 cstackCOMMON 0078
___bmul                       text20       0A67
___bmul@multiplicand          cstackCOMMON 0072
___bmul@multiplier            cstackCOMMON 0075
___bmul@product               cstackCOMMON 0074
___int_sp                     stack        0000
___latbits                    (abs)        0002
___lldiv                      text30       0C6A
___lldiv@counter              cstackBANK0  0025
___lldiv@dividend             cstackCOMMON 0076
___lldiv@divisor              cstackCOMMON 0072
___lldiv@quotient             cstackBANK0  0021
___sp                         stack        0000
___stackhi                    (abs)        0000
___stacklo                    (abs)        0000
___wmul                       text6        0ACA
___wmul@multiplicand          cstackCOMMON 0074
___wmul@multiplier            cstackCOMMON 0072
___wmul@product               cstackCOMMON 0076
__end_of_BCD_a_DEC            text19       0ACA
__end_of_I2C_Master_Init      text29       07F2
__end_of_I2C_Master_Read      text17       0B65
__end_of_I2C_Master_Start     text16       0A1D
__end_of_I2C_Master_Stop      text15       0A24
__end_of_I2C_Master_Wait      text18       0A3D
__end_of_I2C_Master_Write     text14       0A2C
__end_of_ISR                  text31       0A67
__end_of_LCD_Cmd              text28       0BC0
__end_of_LCD_Create_Char      text26       0B39
__end_of_LCD_Set_Cursor       text12       0B91
__end_of_LCD_Write_Character  text27       0A56
__end_of_LCD_Write_String     text11       0B0D
__end_of_LCD_clear            text25       0AB4
__end_of_LCD_init             text24       0D31
__end_of_OSC_config           text23       1000
__end_of_SetUp                text21       0EAB
__end_of___awdiv              text10       06FF
__end_of___awmod              text9        0C0B
__end_of___bmul               text20       0A78
__end_of___lldiv              text30       0CCA
__end_of___wmul               text6        0AEB
__end_of__initialization      cinit        0025
__end_of__stringtab           strings      0706
__end_of_arrowr               strings      072E
__end_of_arrowr_vacio         strings      0726
__end_of_atilde               strings      071E
__end_of_display_Datum        text8        05D2
__end_of_display_Uhrzeit      text7        06A4
__end_of_get_Time             text13       04FA
__end_of_gota                 strings      070E
__end_of_main                 maintext     0C6A
__end_of_mostrarLCD           text4        032E
__end_of_pressBoton1          text3        0DA0
__end_of_pressBoton2          text2        0F54
__end_of_termometro           strings      0716
__end_of_uartTX_Write         text1        0A47
__end_of_uart_init            text22       0A9E
__end_of_uint_to_array        text5        0E25
__initialization              cinit        000F
__pbssBANK0                   bssBANK0     003B
__pbssCOMMON                  bssCOMMON    007A
__pcstackBANK0                cstackBANK0  0020
__pcstackCOMMON               cstackCOMMON 0070
__pdataBANK0                  dataBANK0    004D
__pidataBANK0                 idataBANK0   07F2
__pintentry                   intentry     0004
__pmaintext                   maintext     0C0B
__pstrings                    strings      0700
__ptext1                      text1        0A3D
__ptext10                     text10       06A4
__ptext11                     text11       0AEB
__ptext12                     text12       0B65
__ptext13                     text13       032E
__ptext14                     text14       0A24
__ptext15                     text15       0A1D
__ptext16                     text16       0A16
__ptext17                     text17       0B39
__ptext18                     text18       0A34
__ptext19                     text19       0AB4
__ptext2                      text2        0EAB
__ptext20                     text20       0A67
__ptext21                     text21       0E25
__ptext22                     text22       0A89
__ptext23                     text23       0F54
__ptext24                     text24       0CCA
__ptext25                     text25       0A9E
__ptext26                     text26       0B0D
__ptext27                     text27       0A47
__ptext28                     text28       0B91
__ptext29                     text29       07BC
__ptext3                      text3        0D31
__ptext30                     text30       0C6A
__ptext31                     text31       0A56
__ptext4                      text4        0029
__ptext5                      text5        0DA0
__ptext6                      text6        0ACA
__ptext7                      text7        05D2
__ptext8                      text8        04FA
__ptext9                      text9        0BC0
__size_of_BCD_a_DEC           (abs)        0000
__size_of_I2C_Master_Init     (abs)        0000
__size_of_I2C_Master_Read     (abs)        0000
__size_of_I2C_Master_Start    (abs)        0000
__size_of_I2C_Master_Stop     (abs)        0000
__size_of_I2C_Master_Wait     (abs)        0000
__size_of_I2C_Master_Write    (abs)        0000
__size_of_ISR                 (abs)        0000
__size_of_LCD_Cmd             (abs)        0000
__size_of_LCD_Create_Char     (abs)        0000
__size_of_LCD_Set_Cursor      (abs)        0000
__size_of_LCD_Write_Character (abs)        0000
__size_of_LCD_Write_String    (abs)        0000
__size_of_LCD_clear           (abs)        0000
__size_of_LCD_init            (abs)        0000
__size_of_OSC_config          (abs)        0000
__size_of_SetUp               (abs)        0000
__size_of___awdiv             (abs)        0000
__size_of___awmod             (abs)        0000
__size_of___bmul              (abs)        0000
__size_of___lldiv             (abs)        0000
__size_of___wmul              (abs)        0000
__size_of_display_Datum       (abs)        0000
__size_of_display_Uhrzeit     (abs)        0000
__size_of_get_Time            (abs)        0000
__size_of_main                (abs)        0000
__size_of_mostrarLCD          (abs)        0000
__size_of_pressBoton1         (abs)        0000
__size_of_pressBoton2         (abs)        0000
__size_of_uartTX_Write        (abs)        0000
__size_of_uart_init           (abs)        0000
__size_of_uint_to_array       (abs)        0000
__stringbase                  strings      0705
__stringtab                   strings      0700
_ancho                        bssBANK0     0044
_arrowr                       strings      0726
_arrowr_vacio                 strings      071E
_atilde                       strings      0716
_banderaBoton                 bssCOMMON    007B
_banderaPUSH1                 bssCOMMON    007A
_banderaPUSH2                 bssBANK0     0046
_datum                        dataBANK0    0053
_dia                          dataBANK0    0054
_display_Datum                text8        04FA
_display_Uhrzeit              text7        05D2
_estado                       bssBANK0     004C
_get_Time                     text13       032E
_gota                         strings      0706
_hora                         dataBANK0    0055
_jahr                         dataBANK0    0051
_largo                        bssBANK0     0045
_main                         maintext     0C0B
_mes                          dataBANK0    0052
_min                          dataBANK0    0056
_mostrarLCD                   text4        0029
_obj_array                    bssBANK0     0047
_pressBoton1                  text3        0D31
_pressBoton2                  text2        0EAB
_seg                          bssBANK0     004B
_termometro                   strings      070E
_uartTX_Write                 text1        0A3D
_uart_init                    text22       0A89
_uint_to_array                text5        0DA0
_velocidad                    bssBANK0     004A
btemp                         (abs)        007E
clear_ram0                    clrtext      0A2C
display_Datum@columna         cstackBANK0  0028
display_Datum@dia_d           cstackBANK0  002E
display_Datum@dia_u           cstackBANK0  002D
display_Datum@fila            cstackBANK0  002C
display_Datum@jahr_d          cstackBANK0  0032
display_Datum@jahr_u          cstackBANK0  0031
display_Datum@mes_d           cstackBANK0  0030
display_Datum@mes_u           cstackBANK0  002F
display_Uhrzeit@Uhr_d         cstackBANK0  0032
display_Uhrzeit@Uhr_u         cstackBANK0  0031
display_Uhrzeit@columna       cstackBANK0  0028
display_Uhrzeit@fila          cstackBANK0  002C
display_Uhrzeit@min_d         cstackBANK0  0030
display_Uhrzeit@min_u         cstackBANK0  002F
display_Uhrzeit@seg_d         cstackBANK0  002E
display_Uhrzeit@seg_u         cstackBANK0  002D
end_of_initialization         cinit        0025
init_fetch0                   inittext     0A78
init_ram0                     inittext     0A7C
interrupt_function            intentry     0004
intlevel0                     functab      0000
intlevel1                     functab      0000
intlevel2                     functab      0000
intlevel3                     functab      0000
intlevel4                     functab      0000
intlevel5                     functab      0000
mostrarLCD@pantalla           cstackBANK0  003A
reset_vec                     reset_vec    0000
saved_w                       (abs)        007E
start                         init         000C
start_initialization          cinit        000F
uartTX_Write@dato             cstackCOMMON 0072
uint_to_array@centenas        cstackBANK0  002F
uint_to_array@decenas         cstackBANK0  002E
uint_to_array@numero          cstackBANK0  0036
uint_to_array@resultado       cstackBANK0  0030
wtemp0                        (abs)        007E


FUNCTION INFORMATION:

 *************** function _main *****************
 Defined at:
		line 140 in file "main_Master.c"
 Parameters:    Size  Location     Type
		None
 Auto vars:     Size  Location     Type
		None
 Return value:  Size  Location     Type
                  1    wreg      void 
 Registers used:
		wreg, fsr0l, fsr0h, status,2, status,0, btemp+1, pclath, cstack
 Tracked objects:
		On entry : 
		On exit  : 
		Unchanged: 
 Data sizes:     COMMON   BANK0   BANK1   BANK3   BANK2
      Params:         0       0       0       0       0
      Locals:         0       0       0       0       0
      Temps:          0       0       0       0       0
      Totals:         0       0       0       0       0
Total ram usage:        0 bytes
 Hardware stack levels required when called:    5
 This function calls:
		_SetUp
		_get_Time
		_mostrarLCD
		_pressBoton1
		_pressBoton2
		_uartTX_Write
 This function is called by:
		Startup code after reset
 This function uses a non-reentrant model


 *************** function _uartTX_Write *****************
 Defined at:
		line 33 in file "UART.c"
 Parameters:    Size  Location     Type
  dato            1    wreg     unsigned char 
 Auto vars:     Size  Location     Type
  dato            1    2[COMMON] unsigned char 
 Return value:  Size  Location     Type
                  1    wreg      void 
 Registers used:
		wreg
 Tracked objects:
		On entry : 
		On exit  : 
		Unchanged: 
 Data sizes:     COMMON   BANK0   BANK1   BANK3   BANK2
      Params:         0       0       0       0       0
      Locals:         1       0       0       0       0
      Temps:          0       0       0       0       0
      Totals:         1       0       0       0       0
Total ram usage:        1 bytes
 Hardware stack levels used:    1
 Hardware stack levels required when called:    1
 This function calls:
		Nothing
 This function is called by:
		_main
		_uartTX_Write_Str
 This function uses a non-reentrant model


 *************** function _pressBoton2 *****************
 Defined at:
		line 492 in file "main_Master.c"
 Parameters:    Size  Location     Type
		None
 Auto vars:     Size  Location     Type
		None
 Return value:  Size  Location     Type
                  1    wreg      void 
 Registers used:
		wreg, fsr0l, fsr0h, status,2, status,0, pclath, cstack
 Tracked objects:
		On entry : 
		On exit  : 
		Unchanged: 
 Data sizes:     COMMON   BANK0   BANK1   BANK3   BANK2
      Params:         0       0       0       0       0
      Locals:         0       0       0       0       0
      Temps:          0       2       0       0       0
      Totals:         0       2       0       0       0
Total ram usage:        2 bytes
 Hardware stack levels used:    1
 Hardware stack levels required when called:    3
 This function calls:
		_LCD_Set_Cursor
		_LCD_Write_Character
		_LCD_clear
 This function is called by:
		_main
 This function uses a non-reentrant model


 *************** function _pressBoton1 *****************
 Defined at:
		line 447 in file "main_Master.c"
 Parameters:    Size  Location     Type
		None
 Auto vars:     Size  Location     Type
		None
 Return value:  Size  Location     Type
                  1    wreg      void 
 Registers used:
		wreg, fsr0l, fsr0h, status,2, status,0, pclath, cstack
 Tracked objects:
		On entry : 
		On exit  : 
		Unchanged: 
 Data sizes:     COMMON   BANK0   BANK1   BANK3   BANK2
      Params:         0       0       0       0       0
      Locals:         0       0       0       0       0
      Temps:          2       0       0       0       0
      Totals:         2       0       0       0       0
Total ram usage:        2 bytes
 Hardware stack levels used:    1
 Hardware stack levels required when called:    3
 This function calls:
		_LCD_clear
 This function is called by:
		_main
 This function uses a non-reentrant model


 *************** function _mostrarLCD *****************
 Defined at:
		line 270 in file "main_Master.c"
 Parameters:    Size  Location     Type
  pantalla        1    wreg     unsigned char 
 Auto vars:     Size  Location     Type
  pantalla        1   26[BANK0 ] unsigned char 
  dec_atras       1    0        unsigned char 
  uni_atras       1    0        unsigned char 
  dec_frente      1    0        unsigned char 
  uni_frente      1    0        unsigned char 
  decenas_hume    1    0        unsigned char 
  unidades_hum    1    0        unsigned char 
 Return value:  Size  Location     Type
                  1    wreg      void 
 Registers used:
		wreg, fsr0l, fsr0h, status,2, status,0, btemp+1, pclath, cstack
 Tracked objects:
		On entry : 
		On exit  : 
		Unchanged: 
 Data sizes:     COMMON   BANK0   BANK1   BANK3   BANK2
      Params:         0       0       0       0       0
      Locals:         0       7       0       0       0
      Temps:          0       3       0       0       0
      Totals:         0      10       0       0       0
Total ram usage:       10 bytes
 Hardware stack levels used:    1
 Hardware stack levels required when called:    4
 This function calls:
		_I2C_Master_Start
		_I2C_Master_Stop
		_I2C_Master_Write
		_LCD_Set_Cursor
		_LCD_Write_Character
		_LCD_Write_String
		_LCD_clear
		_display_Datum
		_display_Uhrzeit
		_uint_to_array
 This function is called by:
		_main
 This function uses a non-reentrant model


 *************** function _uint_to_array *****************
 Defined at:
		line 181 in file "LCD_8bits.c"
 Parameters:    Size  Location     Type
  numero          1    wreg     unsigned char 
 Auto vars:     Size  Location     Type
  numero          1   22[BANK0 ] unsigned char 
  resultado       6   16[BANK0 ] unsigned int [3]
  centenas        1   15[BANK0 ] unsigned char 
  decenas         1   14[BANK0 ] unsigned char 
 Return value:  Size  Location     Type
                  1    wreg      PTR unsigned int 
 Registers used:
		wreg, fsr0l, fsr0h, status,2, status,0, btemp+1, pclath, cstack
 Tracked objects:
		On entry : 
		On exit  : 
		Unchanged: 
 Data sizes:     COMMON   BANK0   BANK1   BANK3   BANK2
      Params:         0       0       0       0       0
      Locals:         0       9       0       0       0
      Temps:          0       6       0       0       0
      Totals:         0      15       0       0       0
Total ram usage:       15 bytes
 Hardware stack levels used:    1
 Hardware stack levels required when called:    2
 This function calls:
		___awdiv
		___wmul
 This function is called by:
		_mostrarLCD
 This function uses a non-reentrant model


 *************** function ___wmul *****************
 Defined at:
		line 15 in file "C:\Program Files (x86)\Microchip\xc8\v2.05\pic\sources\c90\common\Umul16.c"
 Parameters:    Size  Location     Type
  multiplier      2    2[COMMON] unsigned int 
  multiplicand    2    4[COMMON] unsigned int 
 Auto vars:     Size  Location     Type
  product         2    6[COMMON] unsigned int 
 Return value:  Size  Location     Type
                  2    2[COMMON] unsigned int 
 Registers used:
		wreg, status,2, status,0
 Tracked objects:
		On entry : 
		On exit  : 
		Unchanged: 
 Data sizes:     COMMON   BANK0   BANK1   BANK3   BANK2
      Params:         4       0       0       0       0
      Locals:         2       0       0       0       0
      Temps:          0       0       0       0       0
      Totals:         6       0       0       0       0
Total ram usage:        6 bytes
 Hardware stack levels used:    1
 Hardware stack levels required when called:    1
 This function calls:
		Nothing
 This function is called by:
		_uint_to_array
 This function uses a non-reentrant model


 *************** function _display_Uhrzeit *****************
 Defined at:
		line 229 in file "main_Master.c"
 Parameters:    Size  Location     Type
  fila            1    wreg     unsigned char 
  columna         1    8[BANK0 ] unsigned char 
 Auto vars:     Size  Location     Type
  fila            1   12[BANK0 ] unsigned char 
  Uhr_d           1   18[BANK0 ] unsigned char 
  Uhr_u           1   17[BANK0 ] unsigned char 
  min_d           1   16[BANK0 ] unsigned char 
  min_u           1   15[BANK0 ] unsigned char 
  seg_d           1   14[BANK0 ] unsigned char 
  seg_u           1   13[BANK0 ] unsigned char 
 Return value:  Size  Location     Type
                  1    wreg      void 
 Registers used:
		wreg, fsr0l, fsr0h, status,2, status,0, pclath, cstack
 Tracked objects:
		On entry : 
		On exit  : 
		Unchanged: 
 Data sizes:     COMMON   BANK0   BANK1   BANK3   BANK2
      Params:         0       1       0       0       0
      Locals:         0       7       0       0       0
      Temps:          0       3       0       0       0
      Totals:         0      11       0       0       0
Total ram usage:       11 bytes
 Hardware stack levels used:    1
 Hardware stack levels required when called:    3
 This function calls:
		_LCD_Set_Cursor
		_LCD_Write_Character
		___awdiv
		___awmod
 This function is called by:
		_mostrarLCD
 This function uses a non-reentrant model


 *************** function _display_Datum *****************
 Defined at:
		line 249 in file "main_Master.c"
 Parameters:    Size  Location     Type
  fila            1    wreg     unsigned char 
  columna         1    8[BANK0 ] unsigned char 
 Auto vars:     Size  Location     Type
  fila            1   12[BANK0 ] unsigned char 
  jahr_d          1   18[BANK0 ] unsigned char 
  jahr_u          1   17[BANK0 ] unsigned char 
  mes_d           1   16[BANK0 ] unsigned char 
  mes_u           1   15[BANK0 ] unsigned char 
  dia_d           1   14[BANK0 ] unsigned char 
  dia_u           1   13[BANK0 ] unsigned char 
 Return value:  Size  Location     Type
                  1    wreg      void 
 Registers used:
		wreg, fsr0l, fsr0h, status,2, status,0, pclath, cstack
 Tracked objects:
		On entry : 
		On exit  : 
		Unchanged: 
 Data sizes:     COMMON   BANK0   BANK1   BANK3   BANK2
      Params:         0       1       0       0       0
      Locals:         0       7       0       0       0
      Temps:          0       3       0       0       0
      Totals:         0      11       0       0       0
Total ram usage:       11 bytes
 Hardware stack levels used:    1
 Hardware stack levels required when called:    3
 This function calls:
		_LCD_Set_Cursor
		_LCD_Write_Character
		_LCD_Write_String
		___awdiv
		___awmod
 This function is called by:
		_mostrarLCD
 This function uses a non-reentrant model


 *************** function ___awmod *****************
 Defined at:
		line 5 in file "C:\Program Files (x86)\Microchip\xc8\v2.05\pic\sources\c90\common\awmod.c"
 Parameters:    Size  Location     Type
  divisor         2    2[COMMON] int 
  dividend        2    4[COMMON] int 
 Auto vars:     Size  Location     Type
  sign            1    8[COMMON] unsigned char 
  counter         1    7[COMMON] unsigned char 
 Return value:  Size  Location     Type
                  2    2[COMMON] int 
 Registers used:
		wreg, status,2, status,0
 Tracked objects:
		On entry : 
		On exit  : 
		Unchanged: 
 Data sizes:     COMMON   BANK0   BANK1   BANK3   BANK2
      Params:         4       0       0       0       0
      Locals:         2       0       0       0       0
      Temps:          1       0       0       0       0
      Totals:         7       0       0       0       0
Total ram usage:        7 bytes
 Hardware stack levels used:    1
 Hardware stack levels required when called:    1
 This function calls:
		Nothing
 This function is called by:
		_display_Uhrzeit
		_display_Datum
		_mostrarLCD
		_DEC_a_BCD
 This function uses a non-reentrant model


 *************** function ___awdiv *****************
 Defined at:
		line 5 in file "C:\Program Files (x86)\Microchip\xc8\v2.05\pic\sources\c90\common\awdiv.c"
 Parameters:    Size  Location     Type
  divisor         2    0[BANK0 ] int 
  dividend        2    2[BANK0 ] int 
 Auto vars:     Size  Location     Type
  quotient        2    6[BANK0 ] int 
  sign            1    5[BANK0 ] unsigned char 
  counter         1    4[BANK0 ] unsigned char 
 Return value:  Size  Location     Type
                  2    0[BANK0 ] int 
 Registers used:
		wreg, status,2, status,0
 Tracked objects:
		On entry : 
		On exit  : 
		Unchanged: 
 Data sizes:     COMMON   BANK0   BANK1   BANK3   BANK2
      Params:         0       4       0       0       0
      Locals:         0       4       0       0       0
      Temps:          1       0       0       0       0
      Totals:         1       8       0       0       0
Total ram usage:        9 bytes
 Hardware stack levels used:    1
 Hardware stack levels required when called:    1
 This function calls:
		Nothing
 This function is called by:
		_display_Uhrzeit
		_display_Datum
		_mostrarLCD
		_uint_to_array
		_DEC_a_BCD
 This function uses a non-reentrant model


 *************** function _LCD_Write_String *****************
 Defined at:
		line 73 in file "LCD_8bits.c"
 Parameters:    Size  Location     Type
  a               1    wreg     PTR unsigned char 
		 -> STR_17(6), STR_16(16), STR_15(3), STR_14(13), 
		 -> STR_13(5), STR_12(3), STR_11(5), STR_10(3), 
		 -> STR_9(13), STR_8(4), STR_7(9), STR_6(14), 
		 -> STR_5(12), STR_4(11), STR_3(13), STR_2(17), 
		 -> STR_1(3), 
 Auto vars:     Size  Location     Type
  a               1    6[COMMON] PTR unsigned char 
		 -> STR_17(6), STR_16(16), STR_15(3), STR_14(13), 
		 -> STR_13(5), STR_12(3), STR_11(5), STR_10(3), 
		 -> STR_9(13), STR_8(4), STR_7(9), STR_6(14), 
		 -> STR_5(12), STR_4(11), STR_3(13), STR_2(17), 
		 -> STR_1(3), 
  n               2    4[COMMON] int 
 Return value:  Size  Location     Type
                  1    wreg      void 
 Registers used:
		wreg, fsr0l, fsr0h, status,2, status,0, pclath, cstack
 Tracked objects:
		On entry : 
		On exit  : 
		Unchanged: 
 Data sizes:     COMMON   BANK0   BANK1   BANK3   BANK2
      Params:         0       0       0       0       0
      Locals:         3       0       0       0       0
      Temps:          0       0       0       0       0
      Totals:         3       0       0       0       0
Total ram usage:        3 bytes
 Hardware stack levels used:    1
 Hardware stack levels required when called:    2
 This function calls:
		_LCD_Write_Character
 This function is called by:
		_display_Datum
		_mostrarLCD
 This function uses a non-reentrant model


 *************** function _LCD_Set_Cursor *****************
 Defined at:
		line 80 in file "LCD_8bits.c"
 Parameters:    Size  Location     Type
  linea           1    wreg     unsigned char 
  columna         1    5[COMMON] unsigned char 
 Auto vars:     Size  Location     Type
  linea           1    8[COMMON] unsigned char 
  corrimiento     1    9[COMMON] unsigned char 
 Return value:  Size  Location     Type
                  1    wreg      void 
 Registers used:
		wreg, fsr0l, fsr0h, status,2, status,0, pclath, cstack
 Tracked objects:
		On entry : 
		On exit  : 
		Unchanged: 
 Data sizes:     COMMON   BANK0   BANK1   BANK3   BANK2
      Params:         1       0       0       0       0
      Locals:         2       0       0       0       0
      Temps:          2       0       0       0       0
      Totals:         5       0       0       0       0
Total ram usage:        5 bytes
 Hardware stack levels used:    1
 Hardware stack levels required when called:    2
 This function calls:
		_LCD_Cmd
 This function is called by:
		_display_Uhrzeit
		_display_Datum
		_mostrarLCD
		_pressBoton2
 This function uses a non-reentrant model


 *************** function _get_Time *****************
 Defined at:
		line 78 in file "RTC.c"
 Parameters:    Size  Location     Type
		None
 Auto vars:     Size  Location     Type
		None
 Return value:  Size  Location     Type
                  1    wreg      void 
 Registers used:
		wreg, status,2, status,0, pclath, cstack
 Tracked objects:
		On entry : 
		On exit  : 
		Unchanged: 
 Data sizes:     COMMON   BANK0   BANK1   BANK3   BANK2
      Params:         0       0       0       0       0
      Locals:         0       0       0       0       0
      Temps:          0       1       0       0       0
      Totals:         0       1       0       0       0
Total ram usage:        1 bytes
 Hardware stack levels used:    1
 Hardware stack levels required when called:    3
 This function calls:
		_BCD_a_DEC
		_I2C_Master_Read
		_I2C_Master_Start
		_I2C_Master_Stop
		_I2C_Master_Write
 This function is called by:
		_main
 This function uses a non-reentrant model


 *************** function _I2C_Master_Write *****************
 Defined at:
		line 65 in file "I2C.c"
 Parameters:    Size  Location     Type
  d               2    2[COMMON] unsigned int 
 Auto vars:     Size  Location     Type
		None
 Return value:  Size  Location     Type
                  1    wreg      void 
 Registers used:
		wreg, status,2, status,0, pclath, cstack
 Tracked objects:
		On entry : 
		On exit  : 
		Unchanged: 
 Data sizes:     COMMON   BANK0   BANK1   BANK3   BANK2
      Params:         2       0       0       0       0
      Locals:         0       0       0       0       0
      Temps:          0       0       0       0       0
      Totals:         2       0       0       0       0
Total ram usage:        2 bytes
 Hardware stack levels used:    1
 Hardware stack levels required when called:    2
 This function calls:
		_I2C_Master_Wait
 This function is called by:
		_mostrarLCD
		_get_Time
		_get_hora
		_Zeit_Datum_Set
		_temp_objeto
		_temp_ambiente
		_IMU_init
		_Acc_X
		_Acc_Y
		_Acc_Z
		_Gy_X
		_Gy_Y
		_Gy_Z
 This function uses a non-reentrant model


 *************** function _I2C_Master_Stop *****************
 Defined at:
		line 55 in file "I2C.c"
 Parameters:    Size  Location     Type
		None
 Auto vars:     Size  Location     Type
		None
 Return value:  Size  Location     Type
                  1    wreg      void 
 Registers used:
		wreg, status,2, status,0, pclath, cstack
 Tracked objects:
		On entry : 
		On exit  : 
		Unchanged: 
 Data sizes:     COMMON   BANK0   BANK1   BANK3   BANK2
      Params:         0       0       0       0       0
      Locals:         0       0       0       0       0
      Temps:          0       0       0       0       0
      Totals:         0       0       0       0       0
Total ram usage:        0 bytes
 Hardware stack levels used:    1
 Hardware stack levels required when called:    2
 This function calls:
		_I2C_Master_Wait
 This function is called by:
		_mostrarLCD
		_get_Time
		_get_hora
		_Zeit_Datum_Set
		_temp_objeto
		_temp_ambiente
		_IMU_init
		_Acc_X
		_Acc_Y
		_Acc_Z
		_Gy_X
		_Gy_Y
		_Gy_Z
 This function uses a non-reentrant model


 *************** function _I2C_Master_Start *****************
 Defined at:
		line 39 in file "I2C.c"
 Parameters:    Size  Location     Type
		None
 Auto vars:     Size  Location     Type
		None
 Return value:  Size  Location     Type
                  1    wreg      void 
 Registers used:
		wreg, status,2, status,0, pclath, cstack
 Tracked objects:
		On entry : 
		On exit  : 
		Unchanged: 
 Data sizes:     COMMON   BANK0   BANK1   BANK3   BANK2
      Params:         0       0       0       0       0
      Locals:         0       0       0       0       0
      Temps:          0       0       0       0       0
      Totals:         0       0       0       0       0
Total ram usage:        0 bytes
 Hardware stack levels used:    1
 Hardware stack levels required when called:    2
 This function calls:
		_I2C_Master_Wait
 This function is called by:
		_mostrarLCD
		_get_Time
		_get_hora
		_Zeit_Datum_Set
		_temp_objeto
		_temp_ambiente
		_IMU_init
		_Acc_X
		_Acc_Y
		_Acc_Z
		_Gy_X
		_Gy_Y
		_Gy_Z
 This function uses a non-reentrant model


 *************** function _I2C_Master_Read *****************
 Defined at:
		line 74 in file "I2C.c"
 Parameters:    Size  Location     Type
  a               2    2[COMMON] unsigned short 
 Auto vars:     Size  Location     Type
  temp            2    6[COMMON] unsigned short 
 Return value:  Size  Location     Type
                  2    2[COMMON] unsigned short 
 Registers used:
		wreg, status,2, status,0, pclath, cstack
 Tracked objects:
		On entry : 
		On exit  : 
		Unchanged: 
 Data sizes:     COMMON   BANK0   BANK1   BANK3   BANK2
      Params:         2       0       0       0       0
      Locals:         2       0       0       0       0
      Temps:          2       0       0       0       0
      Totals:         6       0       0       0       0
Total ram usage:        6 bytes
 Hardware stack levels used:    1
 Hardware stack levels required when called:    2
 This function calls:
		_I2C_Master_Wait
 This function is called by:
		_get_Time
		_get_hora
		_temp_objeto
		_temp_ambiente
		_Acc_X
		_Acc_Y
		_Acc_Z
		_Gy_X
		_Gy_Y
		_Gy_Z
 This function uses a non-reentrant model


 *************** function _I2C_Master_Wait *****************
 Defined at:
		line 32 in file "I2C.c"
 Parameters:    Size  Location     Type
		None
 Auto vars:     Size  Location     Type
		None
 Return value:  Size  Location     Type
                  1    wreg      void 
 Registers used:
		wreg, status,2
 Tracked objects:
		On entry : 
		On exit  : 
		Unchanged: 
 Data sizes:     COMMON   BANK0   BANK1   BANK3   BANK2
      Params:         0       0       0       0       0
      Locals:         0       0       0       0       0
      Temps:          0       0       0       0       0
      Totals:         0       0       0       0       0
Total ram usage:        0 bytes
 Hardware stack levels used:    1
 Hardware stack levels required when called:    1
 This function calls:
		Nothing
 This function is called by:
		_I2C_Master_Start
		_I2C_Master_Stop
		_I2C_Master_Write
		_I2C_Master_Read
		_I2C_Master_RepeatedStart
 This function uses a non-reentrant model


 *************** function _BCD_a_DEC *****************
 Defined at:
		line 27 in file "RTC.c"
 Parameters:    Size  Location     Type
  numBCD          1    wreg     unsigned char 
 Auto vars:     Size  Location     Type
  numBCD          1    9[COMMON] unsigned char 
 Return value:  Size  Location     Type
                  1    wreg      unsigned char 
 Registers used:
		wreg, status,2, status,0, pclath, cstack
 Tracked objects:
		On entry : 
		On exit  : 
		Unchanged: 
 Data sizes:     COMMON   BANK0   BANK1   BANK3   BANK2
      Params:         0       0       0       0       0
      Locals:         1       0       0       0       0
      Temps:          3       0       0       0       0
      Totals:         4       0       0       0       0
Total ram usage:        4 bytes
 Hardware stack levels used:    1
 Hardware stack levels required when called:    2
 This function calls:
		___bmul
 This function is called by:
		_get_Time
		_get_hora
 This function uses a non-reentrant model


 *************** function ___bmul *****************
 Defined at:
		line 4 in file "C:\Program Files (x86)\Microchip\xc8\v2.05\pic\sources\c90\common\Umul8.c"
 Parameters:    Size  Location     Type
  multiplier      1    wreg     unsigned char 
  multiplicand    1    2[COMMON] unsigned char 
 Auto vars:     Size  Location     Type
  multiplier      1    5[COMMON] unsigned char 
  product         1    4[COMMON] unsigned char 
 Return value:  Size  Location     Type
                  1    wreg      unsigned char 
 Registers used:
		wreg, status,2, status,0
 Tracked objects:
		On entry : 
		On exit  : 
		Unchanged: 
 Data sizes:     COMMON   BANK0   BANK1   BANK3   BANK2
      Params:         1       0       0       0       0
      Locals:         2       0       0       0       0
      Temps:          1       0       0       0       0
      Totals:         4       0       0       0       0
Total ram usage:        4 bytes
 Hardware stack levels used:    1
 Hardware stack levels required when called:    1
 This function calls:
		Nothing
 This function is called by:
		_BCD_a_DEC
 This function uses a non-reentrant model


 *************** function _SetUp *****************
 Defined at:
		line 168 in file "main_Master.c"
 Parameters:    Size  Location     Type
		None
 Auto vars:     Size  Location     Type
		None
 Return value:  Size  Location     Type
                  1    wreg      void 
 Registers used:
		wreg, fsr0l, fsr0h, status,2, status,0, pclath, cstack
 Tracked objects:
		On entry : 
		On exit  : 
		Unchanged: 
 Data sizes:     COMMON   BANK0   BANK1   BANK3   BANK2
      Params:         0       0       0       0       0
      Locals:         0       0       0       0       0
      Temps:          0       1       0       0       0
      Totals:         0       1       0       0       0
Total ram usage:        1 bytes
 Hardware stack levels used:    1
 Hardware stack levels required when called:    3
 This function calls:
		_I2C_Master_Init
		_LCD_Create_Char
		_LCD_clear
		_LCD_init
		_OSC_config
		_uart_init
 This function is called by:
		_main
 This function uses a non-reentrant model


 *************** function _uart_init *****************
 Defined at:
		line 13 in file "UART.c"
 Parameters:    Size  Location     Type
		None
 Auto vars:     Size  Location     Type
		None
 Return value:  Size  Location     Type
                  1    wreg      void 
 Registers used:
		wreg, status,2
 Tracked objects:
		On entry : 
		On exit  : 
		Unchanged: 
 Data sizes:     COMMON   BANK0   BANK1   BANK3   BANK2
      Params:         2       0       0       0       0
      Locals:         0       0       0       0       0
      Temps:          0       0       0       0       0
      Totals:         2       0       0       0       0
Total ram usage:        2 bytes
 Hardware stack levels used:    1
 Hardware stack levels required when called:    1
 This function calls:
		Nothing
 This function is called by:
		_SetUp
 This function uses a non-reentrant model


 *************** function _OSC_config *****************
 Defined at:
		line 197 in file "main_Master.c"
 Parameters:    Size  Location     Type
  frecuencia      4    2[COMMON] unsigned long 
 Auto vars:     Size  Location     Type
		None
 Return value:  Size  Location     Type
                  1    wreg      void 
 Registers used:
		wreg, fsr0l, fsr0h, status,2, status,0
 Tracked objects:
		On entry : 
		On exit  : 
		Unchanged: 
 Data sizes:     COMMON   BANK0   BANK1   BANK3   BANK2
      Params:         4       0       0       0       0
      Locals:         0       0       0       0       0
      Temps:          0       0       0       0       0
      Totals:         4       0       0       0       0
Total ram usage:        4 bytes
 Hardware stack levels used:    1
 Hardware stack levels required when called:    1
 This function calls:
		Nothing
 This function is called by:
		_SetUp
 This function uses a non-reentrant model


 *************** function _LCD_init *****************
 Defined at:
		line 44 in file "LCD_8bits.c"
 Parameters:    Size  Location     Type
		None
 Auto vars:     Size  Location     Type
		None
 Return value:  Size  Location     Type
                  1    wreg      void 
 Registers used:
		wreg, status,2, status,0, pclath, cstack
 Tracked objects:
		On entry : 
		On exit  : 
		Unchanged: 
 Data sizes:     COMMON   BANK0   BANK1   BANK3   BANK2
      Params:         0       0       0       0       0
      Locals:         0       0       0       0       0
      Temps:          2       0       0       0       0
      Totals:         2       0       0       0       0
Total ram usage:        2 bytes
 Hardware stack levels used:    1
 Hardware stack levels required when called:    2
 This function calls:
		_LCD_Cmd
 This function is called by:
		_SetUp
 This function uses a non-reentrant model


 *************** function _LCD_clear *****************
 Defined at:
		line 32 in file "LCD_8bits.c"
 Parameters:    Size  Location     Type
		None
 Auto vars:     Size  Location     Type
		None
 Return value:  Size  Location     Type
                  1    wreg      void 
 Registers used:
		wreg, status,2, status,0, pclath, cstack
 Tracked objects:
		On entry : 
		On exit  : 
		Unchanged: 
 Data sizes:     COMMON   BANK0   BANK1   BANK3   BANK2
      Params:         0       0       0       0       0
      Locals:         0       0       0       0       0
      Temps:          2       0       0       0       0
      Totals:         2       0       0       0       0
Total ram usage:        2 bytes
 Hardware stack levels used:    1
 Hardware stack levels required when called:    2
 This function calls:
		_LCD_Cmd
 This function is called by:
		_SetUp
		_mostrarLCD
		_pressBoton1
		_pressBoton2
 This function uses a non-reentrant model


 *************** function _LCD_Create_Char *****************
 Defined at:
		line 116 in file "LCD_8bits.c"
 Parameters:    Size  Location     Type
  charnum         1    wreg     unsigned char 
  chardata        1    5[COMMON] PTR const unsigned char 
		 -> arrowr_vacio(8), gota(8), termometro(8), arrowr(8), 
		 -> atilde(8), 
 Auto vars:     Size  Location     Type
  charnum         1    7[COMMON] unsigned char 
  n               1    8[COMMON] unsigned char 
 Return value:  Size  Location     Type
                  1    wreg      void 
 Registers used:
		wreg, fsr0l, fsr0h, status,2, status,0, pclath, cstack
 Tracked objects:
		On entry : 
		On exit  : 
		Unchanged: 
 Data sizes:     COMMON   BANK0   BANK1   BANK3   BANK2
      Params:         1       0       0       0       0
      Locals:         2       0       0       0       0
      Temps:          1       0       0       0       0
      Totals:         4       0       0       0       0
Total ram usage:        4 bytes
 Hardware stack levels used:    1
 Hardware stack levels required when called:    2
 This function calls:
		_LCD_Cmd
		_LCD_Write_Character
 This function is called by:
		_SetUp
 This function uses a non-reentrant model


 *************** function _LCD_Write_Character *****************
 Defined at:
		line 64 in file "LCD_8bits.c"
 Parameters:    Size  Location     Type
  caracter        1    wreg     unsigned char 
 Auto vars:     Size  Location     Type
  caracter        1    3[COMMON] unsigned char 
 Return value:  Size  Location     Type
                  1    wreg      void 
 Registers used:
		wreg
 Tracked objects:
		On entry : 
		On exit  : 
		Unchanged: 
 Data sizes:     COMMON   BANK0   BANK1   BANK3   BANK2
      Params:         0       0       0       0       0
      Locals:         1       0       0       0       0
      Temps:          1       0       0       0       0
      Totals:         2       0       0       0       0
Total ram usage:        2 bytes
 Hardware stack levels used:    1
 Hardware stack levels required when called:    1
 This function calls:
		Nothing
 This function is called by:
		_display_Uhrzeit
		_display_Datum
		_mostrarLCD
		_pressBoton2
		_LCD_Write_String
		_LCD_Create_Char
 This function uses a non-reentrant model


 *************** function _LCD_Cmd *****************
 Defined at:
		line 21 in file "LCD_8bits.c"
 Parameters:    Size  Location     Type
  comando         1    wreg     unsigned char 
 Auto vars:     Size  Location     Type
  comando         1    4[COMMON] unsigned char 
 Return value:  Size  Location     Type
                  1    wreg      void 
 Registers used:
		wreg
 Tracked objects:
		On entry : 
		On exit  : 
		Unchanged: 
 Data sizes:     COMMON   BANK0   BANK1   BANK3   BANK2
      Params:         0       0       0       0       0
      Locals:         1       0       0       0       0
      Temps:          2       0       0       0       0
      Totals:         3       0       0       0       0
Total ram usage:        3 bytes
 Hardware stack levels used:    1
 Hardware stack levels required when called:    1
 This function calls:
		Nothing
 This function is called by:
		_LCD_clear
		_LCD_init
		_LCD_Set_Cursor
		_LCD_Create_Char
		_LCD_home
		_LCD_Shift_links
		_LCD_Shift_rechts
		_LCD_Cursor_rechts
		_LCD_Cursor_links
 This function uses a non-reentrant model


 *************** function _I2C_Master_Init *****************
 Defined at:
		line 16 in file "I2C.c"
 Parameters:    Size  Location     Type
  c               4    6[BANK0 ] const unsigned long 
 Auto vars:     Size  Location     Type
		None
 Return value:  Size  Location     Type
                  1    wreg      void 
 Registers used:
		wreg, status,2, status,0, pclath, cstack
 Tracked objects:
		On entry : 
		On exit  : 
		Unchanged: 
 Data sizes:     COMMON   BANK0   BANK1   BANK3   BANK2
      Params:         0       4       0       0       0
      Locals:         0       0       0       0       0
      Temps:          0       4       0       0       0
      Totals:         0       8       0       0       0
Total ram usage:        8 bytes
 Hardware stack levels used:    1
 Hardware stack levels required when called:    2
 This function calls:
		___lldiv
 This function is called by:
		_SetUp
 This function uses a non-reentrant model


 *************** function ___lldiv *****************
 Defined at:
		line 5 in file "C:\Program Files (x86)\Microchip\xc8\v2.05\pic\sources\c90\common\__lldiv.c"
 Parameters:    Size  Location     Type
  divisor         4    2[COMMON] unsigned long 
  dividend        4    6[COMMON] unsigned long 
 Auto vars:     Size  Location     Type
  quotient        4    1[BANK0 ] unsigned long 
  counter         1    5[BANK0 ] unsigned char 
 Return value:  Size  Location     Type
                  4    2[COMMON] unsigned long 
 Registers used:
		wreg, status,2, status,0
 Tracked objects:
		On entry : 
		On exit  : 
		Unchanged: 
 Data sizes:     COMMON   BANK0   BANK1   BANK3   BANK2
      Params:         8       0       0       0       0
      Locals:         0       5       0       0       0
      Temps:          0       1       0       0       0
      Totals:         8       6       0       0       0
Total ram usage:       14 bytes
 Hardware stack levels used:    1
 Hardware stack levels required when called:    1
 This function calls:
		Nothing
 This function is called by:
		_I2C_Master_Init
 This function uses a non-reentrant model


 *************** function _ISR *****************
 Defined at:
		line 130 in file "main_Master.c"
 Parameters:    Size  Location     Type
		None
 Auto vars:     Size  Location     Type
		None
 Return value:  Size  Location     Type
                  1    wreg      void 
 Registers used:
		wreg, status,2, status,0
 Tracked objects:
		On entry : 
		On exit  : 
		Unchanged: 
 Data sizes:     COMMON   BANK0   BANK1   BANK3   BANK2
      Params:         0       0       0       0       0
      Locals:         0       0       0       0       0
      Temps:          2       0       0       0       0
      Totals:         2       0       0       0       0
Total ram usage:        2 bytes
 Hardware stack levels used:    1
 This function calls:
		Nothing
 This function is called by:
		Interrupt level 1
 This function uses a non-reentrant model



MODULE INFORMATION

Module		Function		Class		Link	Load	Size
UART.c
		_uart_init     		CODE           	0A89	0000	22
		_uartTX_Write  		CODE           	0A3D	0000	11

UART.c estimated size: 33

main_Master.c
		_ISR           		CODE           	0A56	0000	18
		_main          		CODE           	0C0B	0000	96
		_display_Datum 		CODE           	04FA	0000	217
		_OSC_config    		CODE           	0F54	0000	173
		_SetUp         		CODE           	0E25	0000	135
		_display_Uhrzeit		CODE           	05D2	0000	211
		_pressBoton1   		CODE           	0D31	0000	112
		_pressBoton2   		CODE           	0EAB	0000	170
		_mostrarLCD    		CODE           	0029	0000	774

main_Master.c estimated size: 1906

C:\Program Files (x86)\Microchip\xc8\v2.05\pic\sources\c90\common\awmod.c
		___awmod       		CODE           	0BC0	0000	76

C:\Program Files (x86)\Microchip\xc8\v2.05\pic\sources\c90\common\awmod.c estimated size: 76

I2C.c
		_I2C_Master_Read		CODE           	0B39	0000	45
		_I2C_Master_Wait		CODE           	0A34	0000	10
		_I2C_Master_Init		CODE           	07BC	0000	55
		_I2C_Master_Stop		CODE           	0A1D	0000	8
		_I2C_Master_Write		CODE           	0A24	0000	9
		_I2C_Master_Start		CODE           	0A16	0000	8

I2C.c estimated size: 135

LCD_8bits.c
		_uint_to_array 		CODE           	0DA0	0000	134
		_LCD_clear     		CODE           	0A9E	0000	23
		_LCD_Create_Char		CODE           	0B0D	0000	45
		_LCD_Write_Character		CODE           	0A47	0000	16
		_LCD_Cmd       		CODE           	0B91	0000	48
		_LCD_Set_Cursor		CODE           	0B65	0000	45
		_LCD_init      		CODE           	0CCA	0000	104
		_LCD_Write_String		CODE           	0AEB	0000	35

LCD_8bits.c estimated size: 450

C:\Program Files (x86)\Microchip\xc8\v2.05\pic\sources\c90\common\Umul16.c
		___wmul        		CODE           	0ACA	0000	34

C:\Program Files (x86)\Microchip\xc8\v2.05\pic\sources\c90\common\Umul16.c estimated size: 34

C:\Program Files (x86)\Microchip\xc8\v2.05\pic\sources\c90\common\Umul8.c
		___bmul        		CODE           	0A67	0000	18

C:\Program Files (x86)\Microchip\xc8\v2.05\pic\sources\c90\common\Umul8.c estimated size: 18

C:\Program Files (x86)\Microchip\xc8\v2.05\pic\sources\c90\common\awdiv.c
		___awdiv       		CODE           	06A4	0000	92

C:\Program Files (x86)\Microchip\xc8\v2.05\pic\sources\c90\common\awdiv.c estimated size: 92

shared
		_arrowr_vacio  		STRING         	071E	0000	9
		__stringtab    		STRING         	0700	0000	7
		_atilde        		STRING         	0716	0000	9
		__initialization		CODE           	000F	0000	23
		_arrowr        		STRING         	0726	0000	9
		_termometro    		STRING         	070E	0000	9
		_gota          		STRING         	0706	0000	9

shared estimated size: 75

C:\Program Files (x86)\Microchip\xc8\v2.05\pic\sources\c90\common\__lldiv.c
		___lldiv       		CODE           	0C6A	0000	97

C:\Program Files (x86)\Microchip\xc8\v2.05\pic\sources\c90\common\__lldiv.c estimated size: 97

RTC.c
		_get_Time      		CODE           	032E	0000	461
		_BCD_a_DEC     		CODE           	0AB4	0000	23

RTC.c estimated size: 484

