Microchip MPLAB XC8 Compiler V2.05 ()

Linker command line:

-W-3 --edf=C:\Program Files (x86)\Microchip\xc8\v2.05\pic\dat\en_msgs.txt \
  -cs -h+dist/default/production\PIC_master.X.production.sym \
  --cmf=dist/default/production\PIC_master.X.production.cmf -z -Q16F887 \
  -oC:\Users\jotas\AppData\Local\Temp\s2b8.2 --defsym=__MPLAB_BUILD=1 \
  -Mdist/default/production/PIC_master.X.production.map -E1 -ver=XC8 \
  --acfsm=1493 -ASTACK=0110h-016Fh -pstack=STACK -ACODE=00h-07FFhx4 \
  -ASTRCODE=00h-01FFFh -ASTRING=00h-0FFhx32 -ACONST=00h-0FFhx32 \
  -AENTRY=00h-0FFhx32 -ACOMMON=070h-07Fh -ABANK0=020h-06Fh \
  -ABANK1=0A0h-0EFh -ABANK2=0110h-016Fh -ABANK3=0190h-01EFh \
  -ARAM=020h-06Fh,0A0h-0EFh,0110h-016Fh,0190h-01EFh \
  -AABS1=020h-07Fh,0A0h-0EFh,0110h-016Fh,0190h-01EFh -ASFR0=00h-01Fh \
  -ASFR1=080h-09Fh -ASFR2=0100h-010Fh -ASFR3=0180h-018Fh \
  -preset_vec=00h,intentry=04h,init,end_init -ppowerup=CODE -pcinit=CODE \
  -pfunctab=ENTRY -ACONFIG=02007h-02008h -pconfig=CONFIG -DCONFIG=2 \
  -AIDLOC=02000h-02003h -pidloc=IDLOC -DIDLOC=2 -AEEDATA=00h-0FFh/02100h \
  -peeprom_data=EEDATA -DEEDATA=2 -DCODE=2 -DSTRCODE=2 -DSTRING=2 -DCONST=2 \
  -DENTRY=2 -k C:\Users\jotas\AppData\Local\Temp\s2b8.o \
  dist/default/production\PIC_master.X.production.o 

Object code version is 3.11

Machine type is 16F887



                Name                               Link     Load   Length Selector   Space Scale
C:\Users\jotas\AppData\Local\Temp\s2b8.o
                end_init                              C        C        3        8       0
                reset_vec                             0        0        3        0       0
                config                             2007     2007        2     400E       0
dist/default/production\PIC_master.X.production.o
                cinit                                 F        F       20        8       0
                intentry                              4        4        8        8       0
                text37                             1193     1193       13     2326       0
                text36                             13D9     13D9       60     27B2       0
                text35                             12FD     12FD       36     25FA       0
                text34                             12CA     12CA       33     2594       0
                text33                             1161     1161       10     22C2       0
                text32                             1215     1215       2C     242A       0
                text31                             11A6     11A6       16     234C       0
                text30                             1439     1439       66     2872       0
                text29                             1692     1692       AC     2D24       0
                text28                             149F     149F       74     293E       0
                text27                             1171     1171       11     22E2       0
                text26                             11BC     11BC       16     2378       0
                text25                             114F     114F        9     229E       0
                text24                             1241     1241       2C     2482       0
                text23                             1139     1139        7     2272       0
                text22                             1140     1140        7     2280       0
                text21                             1147     1147        8     228E       0
                text20                              601      601      1D8        8       0
                text19                             126D     126D       2C     24DA       0
                text18                             11F3     11F3       22     23E6       0
                text17                             137E     137E       5B     26FC       0
                text16                             1333     1333       4B     2666       0
                text15                              B3E      B3E       F0     167C       0
                text14                              A5C      A5C       E2     14B8       0
                text13                             11D2     11D2       21     23A4       0
                text12                             160D     160D       85     2C1A       0
                text11                              344      344      2BD        8       0
                text10                             1513     1513       77     2A26       0
                text9                              173E     173E       C2     2E7C       0
                text8                               DD1      DD1      22F     1BA2       0
                text7                               C2E      C2E      1A3     185C       0
                text6                               7D9      7D9       25        8       0
                text5                                2F       2F      315        8       0
                text4                              158A     158A       83     2B14       0
                text3                               803      803       A5     1006       0
                text2                               8A8      8A8       DA     1150       0
                text1                               982      982       DA     1304       0
                maintext                           1299     1299       31     2532       0
                cstackBANK0                          20       20       50       20       1
                cstackCOMMON                         70       70        A       70       1
                cstackBANK1                          A0       A0       14       A0       1
                inittext                           1182     1182       11     2304       0
                dataBANK1                            C0       C0        9       A0       1
                bssBANK1                             B4       B4        C       A0       1
                bssCOMMON                            7A       7A        2       70       1
                strings                            1000     1000       97     2000       0
                idataBANK1                         1158     1158        9     22B0       0

TOTAL           Name                               Link     Load   Length     Space
        CLASS   STACK          

        CLASS   CODE           
                end_init                              C        C        3         0
                cinit                                 F        F       20         0
                intentry                              4        4        8         0
                reset_vec                             0        0        3         0
                text37                             1193     1193       13         0
                text36                             13D9     13D9       60         0
                text35                             12FD     12FD       36         0
                text34                             12CA     12CA       33         0
                text33                             1161     1161       10         0
                text32                             1215     1215       2C         0
                text31                             11A6     11A6       16         0
                text30                             1439     1439       66         0
                text29                             1692     1692       AC         0
                text28                             149F     149F       74         0
                text27                             1171     1171       11         0
                text26                             11BC     11BC       16         0
                text25                             114F     114F        9         0
                text24                             1241     1241       2C         0
                text23                             1139     1139        7         0
                text22                             1140     1140        7         0
                text21                             1147     1147        8         0
                text20                              601      601      1D8         0
                text19                             126D     126D       2C         0
                text18                             11F3     11F3       22         0
                text17                             137E     137E       5B         0
                text16                             1333     1333       4B         0
                text15                              B3E      B3E       F0         0
                text14                              A5C      A5C       E2         0
                text13                             11D2     11D2       21         0
                text12                             160D     160D       85         0
                text11                              344      344      2BD         0
                text10                             1513     1513       77         0
                text9                              173E     173E       C2         0
                text8                               DD1      DD1      22F         0
                text7                               C2E      C2E      1A3         0
                text6                               7D9      7D9       25         0
                text5                                2F       2F      315         0
                text4                              158A     158A       83         0
                text3                               803      803       A5         0
                text2                               8A8      8A8       DA         0
                text1                               982      982       DA         0
                maintext                           1299     1299       31         0
                inittext                           1182     1182       11         0
                idataBANK1                         1158     1158        9         0

        CLASS   STRCODE        

        CLASS   STRING         
                strings                            1000     1000       97         0

        CLASS   CONST          

        CLASS   ENTRY          

        CLASS   COMMON         
                cstackCOMMON                         70       70        A         1
                bssCOMMON                            7A       7A        2         1

        CLASS   BANK0          
                cstackBANK0                          20       20       50         1

        CLASS   BANK1          
                cstackBANK1                          A0       A0       14         1
                dataBANK1                            C0       C0        9         1
                bssBANK1                             B4       B4        C         1

        CLASS   BANK2          

        CLASS   BANK3          

        CLASS   RAM            

        CLASS   ABS1           
                abs_s1                               7E       7E        2         1

        CLASS   SFR0           

        CLASS   SFR1           

        CLASS   SFR2           

        CLASS   SFR3           

        CLASS   CONFIG         
                config                             2007     2007        2         0

        CLASS   IDLOC          

        CLASS   EEDATA         



SEGMENTS        Name                           Load    Length   Top    Selector   Space  Class     Delta

                reset_vec                      000000  000003  000003         0       0  CODE        2
                intentry                       000004  0007FA  0007FE         8       0  CODE        2
                cstackBANK0                    000020  000050  000070        20       1  BANK0       1
                cstackCOMMON                   000070  00000C  00007C        70       1  COMMON      1
                cstackBANK1                    0000A0  000029  0000C9        A0       1  BANK1       1
                text3                          000803  0000A5  0008A8      1006       0  CODE        2
                text2                          0008A8  0000DA  000982      1150       0  CODE        2
                text1                          000982  0000DA  000A5C      1304       0  CODE        2
                text14                         000A5C  0000E2  000B3E      14B8       0  CODE        2
                text15                         000B3E  0000F0  000C2E      167C       0  CODE        2
                text7                          000C2E  0001A3  000DD1      185C       0  CODE        2
                text8                          000DD1  00022F  001000      1BA2       0  CODE        2
                strings                        001000  000097  001097      2000       0  STRING      2
                text23                         001139  000007  001140      2272       0  CODE        2
                text22                         001140  000007  001147      2280       0  CODE        2
                text21                         001147  000008  00114F      228E       0  CODE        2
                text25                         00114F  000009  001158      229E       0  CODE        2
                idataBANK1                     001158  000009  001161      22B0       0  CODE        2
                text33                         001161  000010  001171      22C2       0  CODE        2
                text27                         001171  000011  001182      22E2       0  CODE        2
                inittext                       001182  000011  001193      2304       0  CODE        2
                text37                         001193  000013  0011A6      2326       0  CODE        2
                text31                         0011A6  000016  0011BC      234C       0  CODE        2
                text26                         0011BC  000016  0011D2      2378       0  CODE        2
                text13                         0011D2  000021  0011F3      23A4       0  CODE        2
                text18                         0011F3  000022  001215      23E6       0  CODE        2
                text32                         001215  00002C  001241      242A       0  CODE        2
                text24                         001241  00002C  00126D      2482       0  CODE        2
                text19                         00126D  00002C  001299      24DA       0  CODE        2
                maintext                       001299  000031  0012CA      2532       0  CODE        2
                text34                         0012CA  000033  0012FD      2594       0  CODE        2
                text35                         0012FD  000036  001333      25FA       0  CODE        2
                text16                         001333  00004B  00137E      2666       0  CODE        2
                text17                         00137E  00005B  0013D9      26FC       0  CODE        2
                text36                         0013D9  000060  001439      27B2       0  CODE        2
                text30                         001439  000066  00149F      2872       0  CODE        2
                text28                         00149F  000074  001513      293E       0  CODE        2
                text10                         001513  000077  00158A      2A26       0  CODE        2
                text4                          00158A  000083  00160D      2B14       0  CODE        2
                text12                         00160D  000085  001692      2C1A       0  CODE        2
                text29                         001692  0000AC  00173E      2D24       0  CODE        2
                text9                          00173E  0000C2  001800      2E7C       0  CODE        2
                config                         002007  000002  002009      400E       0  CONFIG      2


UNUSED ADDRESS RANGES

        Name                Unused          Largest block    Delta
        BANK1            00C9-00EF             27           1
        BANK2            0110-016F             60           1
        BANK3            0190-01EF             60           1
        CODE             0003-0003              1           2
                         07FE-0802              2
                         1097-1138             A2
                         1800-1FFF            800
        COMMON           007C-007D              2           1
        CONST            0003-0003              1           2
                         07FE-0802              2
                         1097-1138             69
                         1800-1FFF            100
        EEDATA           2100-21FF            100           2
        ENTRY            0003-0003              1           2
                         07FE-0802              2
                         1097-1138             69
                         1800-1FFF            100
        IDLOC            2000-2003              4           2
        RAM              00C9-00EF             27           1
                         0110-016F             60
                         0190-01EF             60
        SFR0             0000-001F             20           1
        SFR1             0080-009F             20           1
        SFR2             0100-010F             10           1
        SFR3             0180-018F             10           1
        STACK            0110-016F             60           1
        STRCODE          0003-0003              1           2
                         07FE-0802              5
                         1097-1138             A2
                         1800-1FFF            800
        STRING           0003-0003              1           2
                         07FE-0802              2
                         1097-1138             69
                         1800-1FFF            100

                                  Symbol Table

?_I2C_Master_Read             cstackCOMMON 0072
?__Umul8_16                   cstackCOMMON 0072
?___awdiv                     cstackBANK0  0020
?___awmod                     cstackCOMMON 0072
?___fladd                     cstackBANK0  0040
?___fldiv                     cstackBANK0  0054
?___flmul                     cstackBANK0  0026
?___fltol                     cstackBANK1  00A0
?___lldiv                     cstackCOMMON 0072
?___wmul                      cstackCOMMON 0072
?___xxtofl                    cstackCOMMON 0072
?_temp_ambiente               cstackBANK1  00A9
?_temp_objeto                 cstackBANK1  00A9
BCD_a_DEC@numBCD              cstackCOMMON 0079
I2C_Master_Init@c             cstackBANK0  0026
I2C_Master_Read@a             cstackCOMMON 0072
I2C_Master_Read@temp          cstackCOMMON 0076
I2C_Master_Write@d            cstackCOMMON 0072
LCD_Cmd@comando               cstackCOMMON 0074
LCD_Create_Char@chardata      cstackCOMMON 0075
LCD_Create_Char@charnum       cstackCOMMON 0077
LCD_Create_Char@n             cstackCOMMON 0078
LCD_Set_Cursor@columna        cstackCOMMON 0075
LCD_Set_Cursor@corrimiento    cstackCOMMON 0079
LCD_Set_Cursor@linea          cstackCOMMON 0078
LCD_Write_Character@caracter  cstackCOMMON 0073
LCD_Write_String@a            cstackCOMMON 0076
LCD_Write_String@n            cstackCOMMON 0074
OSC_config@frecuencia         cstackCOMMON 0072
_ANSELH                       (abs)        0189
_BCD_a_DEC                    text26       11BC
_GIE                          (abs)        005F
_I2C_Master_Init              text35       12FD
_I2C_Master_Read              text24       1241
_I2C_Master_Start             text23       1139
_I2C_Master_Stop              text22       1140
_I2C_Master_Wait              text25       114F
_I2C_Master_Write             text21       1147
_INTCONbits                   (abs)        000B
_IOCB                         (abs)        0096
_ISR                          text37       1193
_LCD_Cmd                      text34       12CA
_LCD_Create_Char              text32       1215
_LCD_Set_Cursor               text19       126D
_LCD_Write_Character          text33       1161
_LCD_Write_String             text18       11F3
_LCD_clear                    text31       11A6
_LCD_init                     text30       1439
_OPTION_REGbits               (abs)        0081
_OSCCONbits                   (abs)        008F
_OSC_config                   text29       1692
_PEIE                         (abs)        005E
_PORTBbits                    (abs)        0006
_PORTCbits                    (abs)        0007
_PORTD                        (abs)        0008
_SSPADD                       (abs)        0093
_SSPBUF                       (abs)        0013
_SSPCON                       (abs)        0014
_SSPCON2                      (abs)        0091
_SSPCON2bits                  (abs)        0091
_SSPIE                        (abs)        0463
_SSPIF                        (abs)        0063
_SSPSTAT                      (abs)        0094
_SetUp                        text28       149F
_TRISB                        (abs)        0086
_TRISC0                       (abs)        0438
_TRISC1                       (abs)        0439
_TRISC3                       (abs)        043B
_TRISC4                       (abs)        043C
_TRISCbits                    (abs)        0087
_TRISD                        (abs)        0088
_WPUB                         (abs)        0095
__CFG_BOR4V$BOR40V            (abs)        0000
__CFG_BOREN$OFF               (abs)        0000
__CFG_CP$OFF                  (abs)        0000
__CFG_CPD$OFF                 (abs)        0000
__CFG_FCMEN$OFF               (abs)        0000
__CFG_FOSC$INTRC_NOCLKOUT     (abs)        0000
__CFG_IESO$OFF                (abs)        0000
__CFG_LVP$OFF                 (abs)        0000
__CFG_MCLRE$OFF               (abs)        0000
__CFG_PWRTE$OFF               (abs)        0000
__CFG_WDTE$OFF                (abs)        0000
__CFG_WRT$OFF                 (abs)        0000
__Habs1                       abs1         0000
__Hbank0                      bank0        0000
__Hbank1                      bank1        0000
__Hbank2                      bank2        0000
__Hbank3                      bank3        0000
__HbssBANK1                   bssBANK1     0000
__HbssCOMMON                  bssCOMMON    0000
__Hcinit                      cinit        002F
__Hclrtext                    clrtext      0000
__Hcode                       code         0000
__Hcommon                     common       0000
__Hconfig                     config       2009
__HcstackBANK0                cstackBANK0  0000
__HcstackBANK1                cstackBANK1  0000
__HcstackCOMMON               cstackCOMMON 0000
__HdataBANK1                  dataBANK1    0000
__Heeprom_data                eeprom_data  0000
__Hend_init                   end_init     000F
__Hfunctab                    functab      0000
__HidataBANK1                 idataBANK1   0000
__Hidloc                      idloc        0000
__Hinit                       init         000C
__Hinittext                   inittext     0000
__Hintentry                   intentry     000C
__Hmaintext                   maintext     0000
__Hpowerup                    powerup      0000
__Hram                        ram          0000
__Hreset_vec                  reset_vec    0003
__Hsfr0                       sfr0         0000
__Hsfr1                       sfr1         0000
__Hsfr2                       sfr2         0000
__Hsfr3                       sfr3         0000
__Hspace_0                    (abs)        2009
__Hspace_1                    (abs)        00C9
__Hspace_2                    (abs)        0000
__Hspace_3                    (abs)        0000
__Hstack                      stack        0000
__Hstrings                    strings      0000
__Htext                       text         0000
__Labs1                       abs1         0000
__Lbank0                      bank0        0000
__Lbank1                      bank1        0000
__Lbank2                      bank2        0000
__Lbank3                      bank3        0000
__LbssBANK1                   bssBANK1     0000
__LbssCOMMON                  bssCOMMON    0000
__Lcinit                      cinit        000F
__Lclrtext                    clrtext      0000
__Lcode                       code         0000
__Lcommon                     common       0000
__Lconfig                     config       2007
__LcstackBANK0                cstackBANK0  0000
__LcstackBANK1                cstackBANK1  0000
__LcstackCOMMON               cstackCOMMON 0000
__LdataBANK1                  dataBANK1    0000
__Leeprom_data                eeprom_data  0000
__Lend_init                   end_init     000C
__Lfunctab                    functab      0000
__LidataBANK1                 idataBANK1   0000
__Lidloc                      idloc        0000
__Linit                       init         000C
__Linittext                   inittext     0000
__Lintentry                   intentry     0004
__Lmaintext                   maintext     0000
__Lpowerup                    powerup      0000
__Lram                        ram          0000
__Lreset_vec                  reset_vec    0000
__Lsfr0                       sfr0         0000
__Lsfr1                       sfr1         0000
__Lsfr2                       sfr2         0000
__Lsfr3                       sfr3         0000
__Lspace_0                    (abs)        0000
__Lspace_1                    (abs)        0000
__Lspace_2                    (abs)        0000
__Lspace_3                    (abs)        0000
__Lstack                      stack        0000
__Lstrings                    strings      0000
__Ltext                       text         0000
__S0                          (abs)        2009
__S1                          (abs)        00C9
__S2                          (abs)        0000
__S3                          (abs)        0000
__Umul8_16                    text6        07D9
__Umul8_16@multiplicand       cstackCOMMON 0072
__Umul8_16@multiplier         cstackBANK0  0024
__Umul8_16@product            cstackBANK0  0020
__Umul8_16@word_mpld          cstackBANK0  0022
___awdiv                      text17       137E
___awdiv@counter              cstackBANK0  0024
___awdiv@dividend             cstackBANK0  0022
___awdiv@divisor              cstackBANK0  0020
___awdiv@quotient             cstackBANK0  0026
___awdiv@sign                 cstackBANK0  0025
___awmod                      text16       1333
___awmod@counter              cstackCOMMON 0077
___awmod@dividend             cstackCOMMON 0074
___awmod@divisor              cstackCOMMON 0072
___awmod@sign                 cstackCOMMON 0078
___bmul                       text27       1171
___bmul@multiplicand          cstackCOMMON 0072
___bmul@multiplier            cstackCOMMON 0075
___bmul@product               cstackCOMMON 0074
___fladd                      text8        0DD1
___fladd@a                    cstackBANK0  0044
___fladd@aexp                 cstackBANK0  0051
___fladd@b                    cstackBANK0  0040
___fladd@bexp                 cstackBANK0  0052
___fladd@grs                  cstackBANK0  0053
___fladd@signs                cstackBANK0  0050
___fldiv                      text7        0C2E
___fldiv@a                    cstackBANK0  0054
___fldiv@aexp                 cstackBANK0  006D
___fldiv@b                    cstackBANK0  0058
___fldiv@bexp                 cstackBANK0  006C
___fldiv@grs                  cstackBANK0  0068
___fldiv@new_exp              cstackBANK0  0066
___fldiv@rem                  cstackBANK0  0061
___fldiv@sign                 cstackBANK0  0065
___flmul                      text5        002F
___flmul@a                    cstackBANK0  002A
___flmul@aexp                 cstackBANK0  0034
___flmul@b                    cstackBANK0  0026
___flmul@bexp                 cstackBANK0  0039
___flmul@grs                  cstackBANK0  0035
___flmul@prod                 cstackBANK0  003A
___flmul@sign                 cstackBANK0  0033
___flmul@temp                 cstackBANK0  003E
___fltol                      text4        158A
___fltol@exp1                 cstackBANK0  006F
___fltol@f1                   cstackBANK1  00A0
___fltol@sign1                cstackBANK0  006E
___int_sp                     stack        0000
___latbits                    (abs)        0002
___lldiv                      text36       13D9
___lldiv@counter              cstackBANK0  0025
___lldiv@dividend             cstackCOMMON 0076
___lldiv@divisor              cstackCOMMON 0072
___lldiv@quotient             cstackBANK0  0021
___sp                         stack        0000
___stackhi                    (abs)        0000
___stacklo                    (abs)        0000
___wmul                       text13       11D2
___wmul@multiplicand          cstackCOMMON 0074
___wmul@multiplier            cstackCOMMON 0072
___wmul@product               cstackCOMMON 0076
___xxtofl                     text3        0803
___xxtofl@arg                 cstackBANK0  0022
___xxtofl@exp                 cstackBANK0  0021
___xxtofl@sign                cstackBANK0  0020
___xxtofl@val                 cstackCOMMON 0072
__end_of_BCD_a_DEC            text26       11D2
__end_of_I2C_Master_Init      text35       1333
__end_of_I2C_Master_Read      text24       126D
__end_of_I2C_Master_Start     text23       1140
__end_of_I2C_Master_Stop      text22       1147
__end_of_I2C_Master_Wait      text25       1158
__end_of_I2C_Master_Write     text21       114F
__end_of_ISR                  text37       11A6
__end_of_LCD_Cmd              text34       12FD
__end_of_LCD_Create_Char      text32       1241
__end_of_LCD_Set_Cursor       text19       1299
__end_of_LCD_Write_Character  text33       1171
__end_of_LCD_Write_String     text18       1215
__end_of_LCD_clear            text31       11BC
__end_of_LCD_init             text30       149F
__end_of_OSC_config           text29       173E
__end_of_SetUp                text28       1513
__end_of__Umul8_16            text6        07FE
__end_of___awdiv              text17       13D9
__end_of___awmod              text16       137E
__end_of___bmul               text27       1182
__end_of___fladd              text8        1000
__end_of___fldiv              text7        0DD1
__end_of___flmul              text5        0344
__end_of___fltol              text4        160D
__end_of___lldiv              text36       1439
__end_of___wmul               text13       11F3
__end_of___xxtofl             text3        08A8
__end_of__initialization      cinit        002B
__end_of__stringtab           strings      1006
__end_of_arrowr               strings      102E
__end_of_arrowr_vacio         strings      1026
__end_of_atilde               strings      101E
__end_of_display_Datum        text15       0C2E
__end_of_display_Uhrzeit      text14       0B3E
__end_of_get_Time             text20       07D9
__end_of_gota                 strings      100E
__end_of_main                 maintext     12CA
__end_of_mostrarLCD           text11       0601
__end_of_pressBoton1          text10       158A
__end_of_pressBoton2          text9        1800
__end_of_temp_ambiente        text2        0982
__end_of_temp_objeto          text1        0A5C
__end_of_termometro           strings      1016
__end_of_uint_to_array        text12       1692
__initialization              cinit        000F
__pbssBANK1                   bssBANK1     00B4
__pbssCOMMON                  bssCOMMON    007A
__pcstackBANK0                cstackBANK0  0020
__pcstackBANK1                cstackBANK1  00A0
__pcstackCOMMON               cstackCOMMON 0070
__pdataBANK1                  dataBANK1    00C0
__pidataBANK1                 idataBANK1   1158
__pintentry                   intentry     0004
__pmaintext                   maintext     1299
__pstrings                    strings      1000
__ptext1                      text1        0982
__ptext10                     text10       1513
__ptext11                     text11       0344
__ptext12                     text12       160D
__ptext13                     text13       11D2
__ptext14                     text14       0A5C
__ptext15                     text15       0B3E
__ptext16                     text16       1333
__ptext17                     text17       137E
__ptext18                     text18       11F3
__ptext19                     text19       126D
__ptext2                      text2        08A8
__ptext20                     text20       0601
__ptext21                     text21       1147
__ptext22                     text22       1140
__ptext23                     text23       1139
__ptext24                     text24       1241
__ptext25                     text25       114F
__ptext26                     text26       11BC
__ptext27                     text27       1171
__ptext28                     text28       149F
__ptext29                     text29       1692
__ptext3                      text3        0803
__ptext30                     text30       1439
__ptext31                     text31       11A6
__ptext32                     text32       1215
__ptext33                     text33       1161
__ptext34                     text34       12CA
__ptext35                     text35       12FD
__ptext36                     text36       13D9
__ptext37                     text37       1193
__ptext4                      text4        158A
__ptext5                      text5        002F
__ptext6                      text6        07D9
__ptext7                      text7        0C2E
__ptext8                      text8        0DD1
__ptext9                      text9        173E
__size_of_BCD_a_DEC           (abs)        0000
__size_of_I2C_Master_Init     (abs)        0000
__size_of_I2C_Master_Read     (abs)        0000
__size_of_I2C_Master_Start    (abs)        0000
__size_of_I2C_Master_Stop     (abs)        0000
__size_of_I2C_Master_Wait     (abs)        0000
__size_of_I2C_Master_Write    (abs)        0000
__size_of_ISR                 (abs)        0000
__size_of_LCD_Cmd             (abs)        0000
__size_of_LCD_Create_Char     (abs)        0000
__size_of_LCD_Set_Cursor      (abs)        0000
__size_of_LCD_Write_Character (abs)        0000
__size_of_LCD_Write_String    (abs)        0000
__size_of_LCD_clear           (abs)        0000
__size_of_LCD_init            (abs)        0000
__size_of_OSC_config          (abs)        0000
__size_of_SetUp               (abs)        0000
__size_of__Umul8_16           (abs)        0000
__size_of___awdiv             (abs)        0000
__size_of___awmod             (abs)        0000
__size_of___bmul              (abs)        0000
__size_of___fladd             (abs)        0000
__size_of___fldiv             (abs)        0000
__size_of___flmul             (abs)        0000
__size_of___fltol             (abs)        0000
__size_of___lldiv             (abs)        0000
__size_of___wmul              (abs)        0000
__size_of___xxtofl            (abs)        0000
__size_of_display_Datum       (abs)        0000
__size_of_display_Uhrzeit     (abs)        0000
__size_of_get_Time            (abs)        0000
__size_of_main                (abs)        0000
__size_of_mostrarLCD          (abs)        0000
__size_of_pressBoton1         (abs)        0000
__size_of_pressBoton2         (abs)        0000
__size_of_temp_ambiente       (abs)        0000
__size_of_temp_objeto         (abs)        0000
__size_of_uint_to_array       (abs)        0000
__stringbase                  strings      1005
__stringtab                   strings      1000
_ancho                        dataBANK1    00C0
_arrowr                       strings      1026
_arrowr_vacio                 strings      101E
_atilde                       strings      1016
_banderaBoton                 bssBANK1     00BC
_banderaPUSH1                 bssBANK1     00BB
_banderaPUSH2                 bssBANK1     00BA
_datum                        dataBANK1    00C5
_dia                          dataBANK1    00C6
_display_Datum                text15       0B3E
_display_Uhrzeit              text14       0A5C
_estado                       bssBANK1     00BF
_get_Time                     text20       0601
_gota                         strings      1006
_hora                         dataBANK1    00C7
_jahr                         dataBANK1    00C3
_largo                        dataBANK1    00C1
_main                         maintext     1299
_mes                          dataBANK1    00C4
_min                          dataBANK1    00C8
_mostrarLCD                   text11       0344
_obj_array                    bssCOMMON    007A
_pressBoton1                  text10       1513
_pressBoton2                  text9        173E
_seg                          bssCOMMON    007B
_temp_ambiente                text2        08A8
_temp_objeto                  text1        0982
_temperatura                  bssBANK1     00BE
_temperatura_obj              bssBANK1     00BD
_termometro                   strings      100E
_tiempo                       dataBANK1    00C2
_uint_to_array                text12       160D
btemp                         (abs)        007E
display_Datum@columna         cstackBANK0  0028
display_Datum@dia_d           cstackBANK0  002E
display_Datum@dia_u           cstackBANK0  002D
display_Datum@fila            cstackBANK0  002C
display_Datum@jahr_d          cstackBANK0  0032
display_Datum@jahr_u          cstackBANK0  0031
display_Datum@mes_d           cstackBANK0  0030
display_Datum@mes_u           cstackBANK0  002F
display_Uhrzeit@Uhr_d         cstackBANK0  0032
display_Uhrzeit@Uhr_u         cstackBANK0  0031
display_Uhrzeit@columna       cstackBANK0  0028
display_Uhrzeit@fila          cstackBANK0  002C
display_Uhrzeit@min_d         cstackBANK0  0030
display_Uhrzeit@min_u         cstackBANK0  002F
display_Uhrzeit@seg_d         cstackBANK0  002E
display_Uhrzeit@seg_u         cstackBANK0  002D
end_of_initialization         cinit        002B
init_fetch0                   inittext     1182
init_ram0                     inittext     1186
interrupt_function            intentry     0004
intlevel0                     functab      0000
intlevel1                     functab      0000
intlevel2                     functab      0000
intlevel3                     functab      0000
intlevel4                     functab      0000
intlevel5                     functab      0000
mostrarLCD@pantalla           cstackBANK0  003A
reset_vec                     reset_vec    0000
saved_w                       (abs)        007E
start                         init         000C
start_initialization          cinit        000F
temp_ambiente@temp            cstackBANK1  00AE
temp_ambiente@temp_LSB        cstackBANK1  00B0
temp_ambiente@temp_MSB        cstackBANK1  00B1
temp_objeto@temp              cstackBANK1  00AE
temp_objeto@temp_LSB          cstackBANK1  00B0
temp_objeto@temp_MSB          cstackBANK1  00B1
uint_to_array@centenas        cstackBANK0  002F
uint_to_array@decenas         cstackBANK0  002E
uint_to_array@numero          cstackBANK0  0036
uint_to_array@resultado       cstackBANK0  0030
wtemp0                        (abs)        007E


FUNCTION INFORMATION:

 *************** function _main *****************
 Defined at:
		line 120 in file "main_Master.c"
 Parameters:    Size  Location     Type
		None
 Auto vars:     Size  Location     Type
		None
 Return value:  Size  Location     Type
                  1    wreg      void 
 Registers used:
		wreg, fsr0l, fsr0h, status,2, status,0, btemp+1, pclath, cstack
 Tracked objects:
		On entry : 
		On exit  : 
		Unchanged: 
 Data sizes:     COMMON   BANK0   BANK1   BANK3   BANK2
      Params:         0       0       0       0       0
      Locals:         0       0       0       0       0
      Temps:          0       0       1       0       0
      Totals:         0       0       1       0       0
Total ram usage:        1 bytes
 Hardware stack levels required when called:    5
 This function calls:
		_SetUp
		_get_Time
		_mostrarLCD
		_pressBoton1
		_pressBoton2
		_temp_ambiente
		_temp_objeto
 This function is called by:
		Startup code after reset
 This function uses a non-reentrant model


 *************** function _temp_objeto *****************
 Defined at:
		line 16 in file "Temperatura_I2C.c"
 Parameters:    Size  Location     Type
		None
 Auto vars:     Size  Location     Type
  temp_MSB        2   17[BANK1 ] unsigned int 
  temp            2   14[BANK1 ] unsigned int 
  temp_LSB        1   16[BANK1 ] unsigned char 
  PEC             1    0        unsigned char 
 Return value:  Size  Location     Type
                  2    9[BANK1 ] unsigned int 
 Registers used:
		wreg, status,2, status,0, btemp+1, pclath, cstack
 Tracked objects:
		On entry : 
		On exit  : 
		Unchanged: 
 Data sizes:     COMMON   BANK0   BANK1   BANK3   BANK2
      Params:         0       0       2       0       0
      Locals:         0       0       6       0       0
      Temps:          0       0       2       0       0
      Totals:         0       0      10       0       0
Total ram usage:       10 bytes
 Hardware stack levels used:    1
 Hardware stack levels required when called:    3
 This function calls:
		_I2C_Master_Read
		_I2C_Master_Start
		_I2C_Master_Stop
		_I2C_Master_Write
		___fladd
		___fldiv
		___flmul
		___fltol
		___xxtofl
 This function is called by:
		_main
 This function uses a non-reentrant model


 *************** function _temp_ambiente *****************
 Defined at:
		line 39 in file "Temperatura_I2C.c"
 Parameters:    Size  Location     Type
		None
 Auto vars:     Size  Location     Type
  temp_MSB        2   17[BANK1 ] unsigned int 
  temp            2   14[BANK1 ] unsigned int 
  temp_LSB        1   16[BANK1 ] unsigned char 
  PEC             1    0        unsigned char 
 Return value:  Size  Location     Type
                  2    9[BANK1 ] unsigned int 
 Registers used:
		wreg, status,2, status,0, btemp+1, pclath, cstack
 Tracked objects:
		On entry : 
		On exit  : 
		Unchanged: 
 Data sizes:     COMMON   BANK0   BANK1   BANK3   BANK2
      Params:         0       0       2       0       0
      Locals:         0       0       6       0       0
      Temps:          0       0       2       0       0
      Totals:         0       0      10       0       0
Total ram usage:       10 bytes
 Hardware stack levels used:    1
 Hardware stack levels required when called:    3
 This function calls:
		_I2C_Master_Read
		_I2C_Master_Start
		_I2C_Master_Stop
		_I2C_Master_Write
		___fladd
		___fldiv
		___flmul
		___fltol
		___xxtofl
 This function is called by:
		_main
 This function uses a non-reentrant model


 *************** function ___xxtofl *****************
 Defined at:
		line 10 in file "C:\Program Files (x86)\Microchip\xc8\v2.05\pic\sources\c90\common\xxtofl.c"
 Parameters:    Size  Location     Type
  sign            1    wreg     unsigned char 
  val             4    2[COMMON] long 
 Auto vars:     Size  Location     Type
  sign            1    0[BANK0 ] unsigned char 
  arg             4    2[BANK0 ] unsigned long 
  exp             1    1[BANK0 ] unsigned char 
 Return value:  Size  Location     Type
                  4    2[COMMON] unsigned char 
 Registers used:
		wreg, status,2, status,0
 Tracked objects:
		On entry : 
		On exit  : 
		Unchanged: 
 Data sizes:     COMMON   BANK0   BANK1   BANK3   BANK2
      Params:         4       0       0       0       0
      Locals:         0       6       0       0       0
      Temps:          4       0       0       0       0
      Totals:         8       6       0       0       0
Total ram usage:       14 bytes
 Hardware stack levels used:    1
 Hardware stack levels required when called:    1
 This function calls:
		Nothing
 This function is called by:
		_temp_objeto
		_temp_ambiente
 This function uses a non-reentrant model


 *************** function ___fltol *****************
 Defined at:
		line 43 in file "C:\Program Files (x86)\Microchip\xc8\v2.05\pic\sources\c90\common\fltol.c"
 Parameters:    Size  Location     Type
  f1              4    0[BANK1 ] unsigned char 
 Auto vars:     Size  Location     Type
  exp1            1   79[BANK0 ] unsigned char 
  sign1           1   78[BANK0 ] unsigned char 
 Return value:  Size  Location     Type
                  4    0[BANK1 ] long 
 Registers used:
		wreg, status,2, status,0
 Tracked objects:
		On entry : 
		On exit  : 
		Unchanged: 
 Data sizes:     COMMON   BANK0   BANK1   BANK3   BANK2
      Params:         0       0       4       0       0
      Locals:         0       2       0       0       0
      Temps:          0       0       5       0       0
      Totals:         0       2       9       0       0
Total ram usage:       11 bytes
 Hardware stack levels used:    1
 Hardware stack levels required when called:    1
 This function calls:
		Nothing
 This function is called by:
		_temp_objeto
		_temp_ambiente
 This function uses a non-reentrant model


 *************** function ___flmul *****************
 Defined at:
		line 8 in file "C:\Program Files (x86)\Microchip\xc8\v2.05\pic\sources\c90\common\sprcmul.c"
 Parameters:    Size  Location     Type
  b               4    6[BANK0 ] long 
  a               4   10[BANK0 ] long 
 Auto vars:     Size  Location     Type
  prod            4   26[BANK0 ] struct .
  grs             4   21[BANK0 ] unsigned long 
  temp            2   30[BANK0 ] struct .
  bexp            1   25[BANK0 ] unsigned char 
  aexp            1   20[BANK0 ] unsigned char 
  sign            1   19[BANK0 ] unsigned char 
 Return value:  Size  Location     Type
                  4    6[BANK0 ] unsigned char 
 Registers used:
		wreg, status,2, status,0, btemp+1, pclath, cstack
 Tracked objects:
		On entry : 
		On exit  : 
		Unchanged: 
 Data sizes:     COMMON   BANK0   BANK1   BANK3   BANK2
      Params:         0       8       0       0       0
      Locals:         0      13       0       0       0
      Temps:          0       5       0       0       0
      Totals:         0      26       0       0       0
Total ram usage:       26 bytes
 Hardware stack levels used:    1
 Hardware stack levels required when called:    2
 This function calls:
		__Umul8_16
 This function is called by:
		_temp_objeto
		_temp_ambiente
 This function uses a non-reentrant model


 *************** function __Umul8_16 *****************
 Defined at:
		line 4 in file "C:\Program Files (x86)\Microchip\xc8\v2.05\pic\sources\c90\common\Umul8_16.c"
 Parameters:    Size  Location     Type
  multiplier      1    wreg     unsigned char 
  multiplicand    1    2[COMMON] unsigned char 
 Auto vars:     Size  Location     Type
  multiplier      1    4[BANK0 ] unsigned char 
  word_mpld       2    2[BANK0 ] unsigned int 
  product         2    0[BANK0 ] unsigned int 
 Return value:  Size  Location     Type
                  2    2[COMMON] unsigned int 
 Registers used:
		wreg, status,2, status,0
 Tracked objects:
		On entry : 
		On exit  : 
		Unchanged: 
 Data sizes:     COMMON   BANK0   BANK1   BANK3   BANK2
      Params:         2       0       0       0       0
      Locals:         0       5       0       0       0
      Temps:          2       0       0       0       0
      Totals:         4       5       0       0       0
Total ram usage:        9 bytes
 Hardware stack levels used:    1
 Hardware stack levels required when called:    1
 This function calls:
		Nothing
 This function is called by:
		___flmul
 This function uses a non-reentrant model


 *************** function ___fldiv *****************
 Defined at:
		line 8 in file "C:\Program Files (x86)\Microchip\xc8\v2.05\pic\sources\c90\common\sprcdiv.c"
 Parameters:    Size  Location     Type
  a               4   52[BANK0 ] unsigned int 
  b               4   56[BANK0 ] unsigned int 
 Auto vars:     Size  Location     Type
  grs             4   72[BANK0 ] unsigned long 
  rem             4   65[BANK0 ] unsigned long 
  new_exp         2   70[BANK0 ] int 
  aexp            1   77[BANK0 ] unsigned char 
  bexp            1   76[BANK0 ] unsigned char 
  sign            1   69[BANK0 ] unsigned char 
 Return value:  Size  Location     Type
                  4   52[BANK0 ] unsigned char 
 Registers used:
		wreg, status,2, status,0, btemp+1
 Tracked objects:
		On entry : 
		On exit  : 
		Unchanged: 
 Data sizes:     COMMON   BANK0   BANK1   BANK3   BANK2
      Params:         0       8       0       0       0
      Locals:         0      13       0       0       0
      Temps:          0       5       0       0       0
      Totals:         0      26       0       0       0
Total ram usage:       26 bytes
 Hardware stack levels used:    1
 Hardware stack levels required when called:    1
 This function calls:
		Nothing
 This function is called by:
		_temp_objeto
		_temp_ambiente
 This function uses a non-reentrant model


 *************** function ___fladd *****************
 Defined at:
		line 10 in file "C:\Program Files (x86)\Microchip\xc8\v2.05\pic\sources\c90\common\sprcadd.c"
 Parameters:    Size  Location     Type
  b               4   32[BANK0 ] unsigned char 
  a               4   36[BANK0 ] unsigned char 
 Auto vars:     Size  Location     Type
  grs             1   51[BANK0 ] unsigned char 
  bexp            1   50[BANK0 ] unsigned char 
  aexp            1   49[BANK0 ] unsigned char 
  signs           1   48[BANK0 ] unsigned char 
 Return value:  Size  Location     Type
                  4   32[BANK0 ] unsigned char 
 Registers used:
		wreg, status,2, status,0, btemp+1
 Tracked objects:
		On entry : 
		On exit  : 
		Unchanged: 
 Data sizes:     COMMON   BANK0   BANK1   BANK3   BANK2
      Params:         0       8       0       0       0
      Locals:         0       4       0       0       0
      Temps:          0       8       0       0       0
      Totals:         0      20       0       0       0
Total ram usage:       20 bytes
 Hardware stack levels used:    1
 Hardware stack levels required when called:    1
 This function calls:
		Nothing
 This function is called by:
		_temp_objeto
		_temp_ambiente
 This function uses a non-reentrant model


 *************** function _pressBoton2 *****************
 Defined at:
		line 399 in file "main_Master.c"
 Parameters:    Size  Location     Type
		None
 Auto vars:     Size  Location     Type
		None
 Return value:  Size  Location     Type
                  1    wreg      void 
 Registers used:
		wreg, fsr0l, fsr0h, status,2, status,0, pclath, cstack
 Tracked objects:
		On entry : 
		On exit  : 
		Unchanged: 
 Data sizes:     COMMON   BANK0   BANK1   BANK3   BANK2
      Params:         0       0       0       0       0
      Locals:         0       0       0       0       0
      Temps:          0       3       0       0       0
      Totals:         0       3       0       0       0
Total ram usage:        3 bytes
 Hardware stack levels used:    1
 Hardware stack levels required when called:    3
 This function calls:
		_LCD_Set_Cursor
		_LCD_Write_Character
		_LCD_clear
 This function is called by:
		_main
 This function uses a non-reentrant model


 *************** function _pressBoton1 *****************
 Defined at:
		line 354 in file "main_Master.c"
 Parameters:    Size  Location     Type
		None
 Auto vars:     Size  Location     Type
		None
 Return value:  Size  Location     Type
                  1    wreg      void 
 Registers used:
		wreg, fsr0l, fsr0h, status,2, status,0, pclath, cstack
 Tracked objects:
		On entry : 
		On exit  : 
		Unchanged: 
 Data sizes:     COMMON   BANK0   BANK1   BANK3   BANK2
      Params:         0       0       0       0       0
      Locals:         0       0       0       0       0
      Temps:          2       0       0       0       0
      Totals:         2       0       0       0       0
Total ram usage:        2 bytes
 Hardware stack levels used:    1
 Hardware stack levels required when called:    3
 This function calls:
		_LCD_clear
 This function is called by:
		_main
 This function uses a non-reentrant model


 *************** function _mostrarLCD *****************
 Defined at:
		line 234 in file "main_Master.c"
 Parameters:    Size  Location     Type
  pantalla        1    wreg     unsigned char 
 Auto vars:     Size  Location     Type
  pantalla        1   26[BANK0 ] unsigned char 
 Return value:  Size  Location     Type
                  1    wreg      void 
 Registers used:
		wreg, fsr0l, fsr0h, status,2, status,0, btemp+1, pclath, cstack
 Tracked objects:
		On entry : 
		On exit  : 
		Unchanged: 
 Data sizes:     COMMON   BANK0   BANK1   BANK3   BANK2
      Params:         0       0       0       0       0
      Locals:         0       1       0       0       0
      Temps:          0       3       0       0       0
      Totals:         0       4       0       0       0
Total ram usage:        4 bytes
 Hardware stack levels used:    1
 Hardware stack levels required when called:    4
 This function calls:
		_LCD_Set_Cursor
		_LCD_Write_Character
		_LCD_Write_String
		_LCD_clear
		_display_Datum
		_display_Uhrzeit
		_uint_to_array
 This function is called by:
		_main
 This function uses a non-reentrant model


 *************** function _uint_to_array *****************
 Defined at:
		line 181 in file "LCD_8bits.c"
 Parameters:    Size  Location     Type
  numero          1    wreg     unsigned char 
 Auto vars:     Size  Location     Type
  numero          1   22[BANK0 ] unsigned char 
  resultado       6   16[BANK0 ] unsigned int [3]
  centenas        1   15[BANK0 ] unsigned char 
  decenas         1   14[BANK0 ] unsigned char 
 Return value:  Size  Location     Type
                  1    wreg      PTR unsigned int 
 Registers used:
		wreg, fsr0l, fsr0h, status,2, status,0, btemp+1, pclath, cstack
 Tracked objects:
		On entry : 
		On exit  : 
		Unchanged: 
 Data sizes:     COMMON   BANK0   BANK1   BANK3   BANK2
      Params:         0       0       0       0       0
      Locals:         0       9       0       0       0
      Temps:          0       6       0       0       0
      Totals:         0      15       0       0       0
Total ram usage:       15 bytes
 Hardware stack levels used:    1
 Hardware stack levels required when called:    2
 This function calls:
		___awdiv
		___wmul
 This function is called by:
		_mostrarLCD
 This function uses a non-reentrant model


 *************** function ___wmul *****************
 Defined at:
		line 15 in file "C:\Program Files (x86)\Microchip\xc8\v2.05\pic\sources\c90\common\Umul16.c"
 Parameters:    Size  Location     Type
  multiplier      2    2[COMMON] unsigned int 
  multiplicand    2    4[COMMON] unsigned int 
 Auto vars:     Size  Location     Type
  product         2    6[COMMON] unsigned int 
 Return value:  Size  Location     Type
                  2    2[COMMON] unsigned int 
 Registers used:
		wreg, status,2, status,0
 Tracked objects:
		On entry : 
		On exit  : 
		Unchanged: 
 Data sizes:     COMMON   BANK0   BANK1   BANK3   BANK2
      Params:         4       0       0       0       0
      Locals:         2       0       0       0       0
      Temps:          0       0       0       0       0
      Totals:         6       0       0       0       0
Total ram usage:        6 bytes
 Hardware stack levels used:    1
 Hardware stack levels required when called:    1
 This function calls:
		Nothing
 This function is called by:
		_uint_to_array
 This function uses a non-reentrant model


 *************** function _display_Uhrzeit *****************
 Defined at:
		line 193 in file "main_Master.c"
 Parameters:    Size  Location     Type
  fila            1    wreg     unsigned char 
  columna         1    8[BANK0 ] unsigned char 
 Auto vars:     Size  Location     Type
  fila            1   12[BANK0 ] unsigned char 
  Uhr_d           1   18[BANK0 ] unsigned char 
  Uhr_u           1   17[BANK0 ] unsigned char 
  min_d           1   16[BANK0 ] unsigned char 
  min_u           1   15[BANK0 ] unsigned char 
  seg_d           1   14[BANK0 ] unsigned char 
  seg_u           1   13[BANK0 ] unsigned char 
 Return value:  Size  Location     Type
                  1    wreg      void 
 Registers used:
		wreg, fsr0l, fsr0h, status,2, status,0, pclath, cstack
 Tracked objects:
		On entry : 
		On exit  : 
		Unchanged: 
 Data sizes:     COMMON   BANK0   BANK1   BANK3   BANK2
      Params:         0       1       0       0       0
      Locals:         0       7       0       0       0
      Temps:          0       3       0       0       0
      Totals:         0      11       0       0       0
Total ram usage:       11 bytes
 Hardware stack levels used:    1
 Hardware stack levels required when called:    3
 This function calls:
		_LCD_Set_Cursor
		_LCD_Write_Character
		___awdiv
		___awmod
 This function is called by:
		_mostrarLCD
 This function uses a non-reentrant model


 *************** function _display_Datum *****************
 Defined at:
		line 213 in file "main_Master.c"
 Parameters:    Size  Location     Type
  fila            1    wreg     unsigned char 
  columna         1    8[BANK0 ] unsigned char 
 Auto vars:     Size  Location     Type
  fila            1   12[BANK0 ] unsigned char 
  jahr_d          1   18[BANK0 ] unsigned char 
  jahr_u          1   17[BANK0 ] unsigned char 
  mes_d           1   16[BANK0 ] unsigned char 
  mes_u           1   15[BANK0 ] unsigned char 
  dia_d           1   14[BANK0 ] unsigned char 
  dia_u           1   13[BANK0 ] unsigned char 
 Return value:  Size  Location     Type
                  1    wreg      void 
 Registers used:
		wreg, fsr0l, fsr0h, status,2, status,0, pclath, cstack
 Tracked objects:
		On entry : 
		On exit  : 
		Unchanged: 
 Data sizes:     COMMON   BANK0   BANK1   BANK3   BANK2
      Params:         0       1       0       0       0
      Locals:         0       7       0       0       0
      Temps:          0       3       0       0       0
      Totals:         0      11       0       0       0
Total ram usage:       11 bytes
 Hardware stack levels used:    1
 Hardware stack levels required when called:    3
 This function calls:
		_LCD_Set_Cursor
		_LCD_Write_Character
		_LCD_Write_String
		___awdiv
		___awmod
 This function is called by:
		_mostrarLCD
 This function uses a non-reentrant model


 *************** function ___awmod *****************
 Defined at:
		line 5 in file "C:\Program Files (x86)\Microchip\xc8\v2.05\pic\sources\c90\common\awmod.c"
 Parameters:    Size  Location     Type
  divisor         2    2[COMMON] int 
  dividend        2    4[COMMON] int 
 Auto vars:     Size  Location     Type
  sign            1    8[COMMON] unsigned char 
  counter         1    7[COMMON] unsigned char 
 Return value:  Size  Location     Type
                  2    2[COMMON] int 
 Registers used:
		wreg, status,2, status,0
 Tracked objects:
		On entry : 
		On exit  : 
		Unchanged: 
 Data sizes:     COMMON   BANK0   BANK1   BANK3   BANK2
      Params:         4       0       0       0       0
      Locals:         2       0       0       0       0
      Temps:          1       0       0       0       0
      Totals:         7       0       0       0       0
Total ram usage:        7 bytes
 Hardware stack levels used:    1
 Hardware stack levels required when called:    1
 This function calls:
		Nothing
 This function is called by:
		_display_Uhrzeit
		_display_Datum
		_DEC_a_BCD
 This function uses a non-reentrant model


 *************** function ___awdiv *****************
 Defined at:
		line 5 in file "C:\Program Files (x86)\Microchip\xc8\v2.05\pic\sources\c90\common\awdiv.c"
 Parameters:    Size  Location     Type
  divisor         2    0[BANK0 ] int 
  dividend        2    2[BANK0 ] int 
 Auto vars:     Size  Location     Type
  quotient        2    6[BANK0 ] int 
  sign            1    5[BANK0 ] unsigned char 
  counter         1    4[BANK0 ] unsigned char 
 Return value:  Size  Location     Type
                  2    0[BANK0 ] int 
 Registers used:
		wreg, status,2, status,0
 Tracked objects:
		On entry : 
		On exit  : 
		Unchanged: 
 Data sizes:     COMMON   BANK0   BANK1   BANK3   BANK2
      Params:         0       4       0       0       0
      Locals:         0       4       0       0       0
      Temps:          1       0       0       0       0
      Totals:         1       8       0       0       0
Total ram usage:        9 bytes
 Hardware stack levels used:    1
 Hardware stack levels required when called:    1
 This function calls:
		Nothing
 This function is called by:
		_display_Uhrzeit
		_display_Datum
		_uint_to_array
		_DEC_a_BCD
 This function uses a non-reentrant model


 *************** function _LCD_Write_String *****************
 Defined at:
		line 73 in file "LCD_8bits.c"
 Parameters:    Size  Location     Type
  a               1    wreg     PTR unsigned char 
		 -> STR_14(6), STR_13(16), STR_12(3), STR_11(4), 
		 -> STR_10(13), STR_9(2), STR_8(2), STR_7(13), 
		 -> STR_6(4), STR_5(3), STR_4(9), STR_3(17), 
		 -> STR_2(10), STR_1(3), 
 Auto vars:     Size  Location     Type
  a               1    6[COMMON] PTR unsigned char 
		 -> STR_14(6), STR_13(16), STR_12(3), STR_11(4), 
		 -> STR_10(13), STR_9(2), STR_8(2), STR_7(13), 
		 -> STR_6(4), STR_5(3), STR_4(9), STR_3(17), 
		 -> STR_2(10), STR_1(3), 
  n               2    4[COMMON] int 
 Return value:  Size  Location     Type
                  1    wreg      void 
 Registers used:
		wreg, fsr0l, fsr0h, status,2, status,0, pclath, cstack
 Tracked objects:
		On entry : 
		On exit  : 
		Unchanged: 
 Data sizes:     COMMON   BANK0   BANK1   BANK3   BANK2
      Params:         0       0       0       0       0
      Locals:         3       0       0       0       0
      Temps:          0       0       0       0       0
      Totals:         3       0       0       0       0
Total ram usage:        3 bytes
 Hardware stack levels used:    1
 Hardware stack levels required when called:    2
 This function calls:
		_LCD_Write_Character
 This function is called by:
		_display_Datum
		_mostrarLCD
 This function uses a non-reentrant model


 *************** function _LCD_Set_Cursor *****************
 Defined at:
		line 80 in file "LCD_8bits.c"
 Parameters:    Size  Location     Type
  linea           1    wreg     unsigned char 
  columna         1    5[COMMON] unsigned char 
 Auto vars:     Size  Location     Type
  linea           1    8[COMMON] unsigned char 
  corrimiento     1    9[COMMON] unsigned char 
 Return value:  Size  Location     Type
                  1    wreg      void 
 Registers used:
		wreg, fsr0l, fsr0h, status,2, status,0, pclath, cstack
 Tracked objects:
		On entry : 
		On exit  : 
		Unchanged: 
 Data sizes:     COMMON   BANK0   BANK1   BANK3   BANK2
      Params:         1       0       0       0       0
      Locals:         2       0       0       0       0
      Temps:          2       0       0       0       0
      Totals:         5       0       0       0       0
Total ram usage:        5 bytes
 Hardware stack levels used:    1
 Hardware stack levels required when called:    2
 This function calls:
		_LCD_Cmd
 This function is called by:
		_display_Uhrzeit
		_display_Datum
		_mostrarLCD
		_pressBoton2
 This function uses a non-reentrant model


 *************** function _get_Time *****************
 Defined at:
		line 78 in file "RTC.c"
 Parameters:    Size  Location     Type
		None
 Auto vars:     Size  Location     Type
		None
 Return value:  Size  Location     Type
                  1    wreg      void 
 Registers used:
		wreg, status,2, status,0, pclath, cstack
 Tracked objects:
		On entry : 
		On exit  : 
		Unchanged: 
 Data sizes:     COMMON   BANK0   BANK1   BANK3   BANK2
      Params:         0       0       0       0       0
      Locals:         0       0       0       0       0
      Temps:          0       1       0       0       0
      Totals:         0       1       0       0       0
Total ram usage:        1 bytes
 Hardware stack levels used:    1
 Hardware stack levels required when called:    3
 This function calls:
		_BCD_a_DEC
		_I2C_Master_Read
		_I2C_Master_Start
		_I2C_Master_Stop
		_I2C_Master_Write
 This function is called by:
		_main
 This function uses a non-reentrant model


 *************** function _I2C_Master_Write *****************
 Defined at:
		line 65 in file "I2C.c"
 Parameters:    Size  Location     Type
  d               2    2[COMMON] unsigned int 
 Auto vars:     Size  Location     Type
		None
 Return value:  Size  Location     Type
                  1    wreg      void 
 Registers used:
		wreg, status,2, status,0, pclath, cstack
 Tracked objects:
		On entry : 
		On exit  : 
		Unchanged: 
 Data sizes:     COMMON   BANK0   BANK1   BANK3   BANK2
      Params:         2       0       0       0       0
      Locals:         0       0       0       0       0
      Temps:          0       0       0       0       0
      Totals:         2       0       0       0       0
Total ram usage:        2 bytes
 Hardware stack levels used:    1
 Hardware stack levels required when called:    2
 This function calls:
		_I2C_Master_Wait
 This function is called by:
		_get_Time
		_temp_objeto
		_temp_ambiente
		_get_hora
		_Zeit_Datum_Set
 This function uses a non-reentrant model


 *************** function _I2C_Master_Stop *****************
 Defined at:
		line 55 in file "I2C.c"
 Parameters:    Size  Location     Type
		None
 Auto vars:     Size  Location     Type
		None
 Return value:  Size  Location     Type
                  1    wreg      void 
 Registers used:
		wreg, status,2, status,0, pclath, cstack
 Tracked objects:
		On entry : 
		On exit  : 
		Unchanged: 
 Data sizes:     COMMON   BANK0   BANK1   BANK3   BANK2
      Params:         0       0       0       0       0
      Locals:         0       0       0       0       0
      Temps:          0       0       0       0       0
      Totals:         0       0       0       0       0
Total ram usage:        0 bytes
 Hardware stack levels used:    1
 Hardware stack levels required when called:    2
 This function calls:
		_I2C_Master_Wait
 This function is called by:
		_get_Time
		_temp_objeto
		_temp_ambiente
		_get_hora
		_Zeit_Datum_Set
 This function uses a non-reentrant model


 *************** function _I2C_Master_Start *****************
 Defined at:
		line 39 in file "I2C.c"
 Parameters:    Size  Location     Type
		None
 Auto vars:     Size  Location     Type
		None
 Return value:  Size  Location     Type
                  1    wreg      void 
 Registers used:
		wreg, status,2, status,0, pclath, cstack
 Tracked objects:
		On entry : 
		On exit  : 
		Unchanged: 
 Data sizes:     COMMON   BANK0   BANK1   BANK3   BANK2
      Params:         0       0       0       0       0
      Locals:         0       0       0       0       0
      Temps:          0       0       0       0       0
      Totals:         0       0       0       0       0
Total ram usage:        0 bytes
 Hardware stack levels used:    1
 Hardware stack levels required when called:    2
 This function calls:
		_I2C_Master_Wait
 This function is called by:
		_get_Time
		_temp_objeto
		_temp_ambiente
		_get_hora
		_Zeit_Datum_Set
 This function uses a non-reentrant model


 *************** function _I2C_Master_Read *****************
 Defined at:
		line 74 in file "I2C.c"
 Parameters:    Size  Location     Type
  a               2    2[COMMON] unsigned short 
 Auto vars:     Size  Location     Type
  temp            2    6[COMMON] unsigned short 
 Return value:  Size  Location     Type
                  2    2[COMMON] unsigned short 
 Registers used:
		wreg, status,2, status,0, pclath, cstack
 Tracked objects:
		On entry : 
		On exit  : 
		Unchanged: 
 Data sizes:     COMMON   BANK0   BANK1   BANK3   BANK2
      Params:         2       0       0       0       0
      Locals:         2       0       0       0       0
      Temps:          2       0       0       0       0
      Totals:         6       0       0       0       0
Total ram usage:        6 bytes
 Hardware stack levels used:    1
 Hardware stack levels required when called:    2
 This function calls:
		_I2C_Master_Wait
 This function is called by:
		_get_Time
		_temp_objeto
		_temp_ambiente
		_get_hora
 This function uses a non-reentrant model


 *************** function _I2C_Master_Wait *****************
 Defined at:
		line 32 in file "I2C.c"
 Parameters:    Size  Location     Type
		None
 Auto vars:     Size  Location     Type
		None
 Return value:  Size  Location     Type
                  1    wreg      void 
 Registers used:
		wreg, status,2
 Tracked objects:
		On entry : 
		On exit  : 
		Unchanged: 
 Data sizes:     COMMON   BANK0   BANK1   BANK3   BANK2
      Params:         0       0       0       0       0
      Locals:         0       0       0       0       0
      Temps:          0       0       0       0       0
      Totals:         0       0       0       0       0
Total ram usage:        0 bytes
 Hardware stack levels used:    1
 Hardware stack levels required when called:    1
 This function calls:
		Nothing
 This function is called by:
		_I2C_Master_Start
		_I2C_Master_Stop
		_I2C_Master_Write
		_I2C_Master_Read
		_I2C_Master_RepeatedStart
 This function uses a non-reentrant model


 *************** function _BCD_a_DEC *****************
 Defined at:
		line 27 in file "RTC.c"
 Parameters:    Size  Location     Type
  numBCD          1    wreg     unsigned char 
 Auto vars:     Size  Location     Type
  numBCD          1    9[COMMON] unsigned char 
 Return value:  Size  Location     Type
                  1    wreg      unsigned char 
 Registers used:
		wreg, status,2, status,0, pclath, cstack
 Tracked objects:
		On entry : 
		On exit  : 
		Unchanged: 
 Data sizes:     COMMON   BANK0   BANK1   BANK3   BANK2
      Params:         0       0       0       0       0
      Locals:         1       0       0       0       0
      Temps:          3       0       0       0       0
      Totals:         4       0       0       0       0
Total ram usage:        4 bytes
 Hardware stack levels used:    1
 Hardware stack levels required when called:    2
 This function calls:
		___bmul
 This function is called by:
		_get_Time
		_get_hora
 This function uses a non-reentrant model


 *************** function ___bmul *****************
 Defined at:
		line 4 in file "C:\Program Files (x86)\Microchip\xc8\v2.05\pic\sources\c90\common\Umul8.c"
 Parameters:    Size  Location     Type
  multiplier      1    wreg     unsigned char 
  multiplicand    1    2[COMMON] unsigned char 
 Auto vars:     Size  Location     Type
  multiplier      1    5[COMMON] unsigned char 
  product         1    4[COMMON] unsigned char 
 Return value:  Size  Location     Type
                  1    wreg      unsigned char 
 Registers used:
		wreg, status,2, status,0
 Tracked objects:
		On entry : 
		On exit  : 
		Unchanged: 
 Data sizes:     COMMON   BANK0   BANK1   BANK3   BANK2
      Params:         1       0       0       0       0
      Locals:         2       0       0       0       0
      Temps:          1       0       0       0       0
      Totals:         4       0       0       0       0
Total ram usage:        4 bytes
 Hardware stack levels used:    1
 Hardware stack levels required when called:    1
 This function calls:
		Nothing
 This function is called by:
		_BCD_a_DEC
 This function uses a non-reentrant model


 *************** function _SetUp *****************
 Defined at:
		line 138 in file "main_Master.c"
 Parameters:    Size  Location     Type
		None
 Auto vars:     Size  Location     Type
		None
 Return value:  Size  Location     Type
                  1    wreg      void 
 Registers used:
		wreg, fsr0l, fsr0h, status,2, status,0, pclath, cstack
 Tracked objects:
		On entry : 
		On exit  : 
		Unchanged: 
 Data sizes:     COMMON   BANK0   BANK1   BANK3   BANK2
      Params:         0       0       0       0       0
      Locals:         0       0       0       0       0
      Temps:          0       1       0       0       0
      Totals:         0       1       0       0       0
Total ram usage:        1 bytes
 Hardware stack levels used:    1
 Hardware stack levels required when called:    3
 This function calls:
		_I2C_Master_Init
		_LCD_Create_Char
		_LCD_clear
		_LCD_init
		_OSC_config
 This function is called by:
		_main
 This function uses a non-reentrant model


 *************** function _OSC_config *****************
 Defined at:
		line 161 in file "main_Master.c"
 Parameters:    Size  Location     Type
  frecuencia      4    2[COMMON] unsigned long 
 Auto vars:     Size  Location     Type
		None
 Return value:  Size  Location     Type
                  1    wreg      void 
 Registers used:
		wreg, fsr0l, fsr0h, status,2, status,0
 Tracked objects:
		On entry : 
		On exit  : 
		Unchanged: 
 Data sizes:     COMMON   BANK0   BANK1   BANK3   BANK2
      Params:         4       0       0       0       0
      Locals:         0       0       0       0       0
      Temps:          0       0       0       0       0
      Totals:         4       0       0       0       0
Total ram usage:        4 bytes
 Hardware stack levels used:    1
 Hardware stack levels required when called:    1
 This function calls:
		Nothing
 This function is called by:
		_SetUp
 This function uses a non-reentrant model


 *************** function _LCD_init *****************
 Defined at:
		line 44 in file "LCD_8bits.c"
 Parameters:    Size  Location     Type
		None
 Auto vars:     Size  Location     Type
		None
 Return value:  Size  Location     Type
                  1    wreg      void 
 Registers used:
		wreg, status,2, status,0, pclath, cstack
 Tracked objects:
		On entry : 
		On exit  : 
		Unchanged: 
 Data sizes:     COMMON   BANK0   BANK1   BANK3   BANK2
      Params:         0       0       0       0       0
      Locals:         0       0       0       0       0
      Temps:          2       0       0       0       0
      Totals:         2       0       0       0       0
Total ram usage:        2 bytes
 Hardware stack levels used:    1
 Hardware stack levels required when called:    2
 This function calls:
		_LCD_Cmd
 This function is called by:
		_SetUp
 This function uses a non-reentrant model


 *************** function _LCD_clear *****************
 Defined at:
		line 32 in file "LCD_8bits.c"
 Parameters:    Size  Location     Type
		None
 Auto vars:     Size  Location     Type
		None
 Return value:  Size  Location     Type
                  1    wreg      void 
 Registers used:
		wreg, status,2, status,0, pclath, cstack
 Tracked objects:
		On entry : 
		On exit  : 
		Unchanged: 
 Data sizes:     COMMON   BANK0   BANK1   BANK3   BANK2
      Params:         0       0       0       0       0
      Locals:         0       0       0       0       0
      Temps:          2       0       0       0       0
      Totals:         2       0       0       0       0
Total ram usage:        2 bytes
 Hardware stack levels used:    1
 Hardware stack levels required when called:    2
 This function calls:
		_LCD_Cmd
 This function is called by:
		_SetUp
		_mostrarLCD
		_pressBoton1
		_pressBoton2
 This function uses a non-reentrant model


 *************** function _LCD_Create_Char *****************
 Defined at:
		line 116 in file "LCD_8bits.c"
 Parameters:    Size  Location     Type
  charnum         1    wreg     unsigned char 
  chardata        1    5[COMMON] PTR const unsigned char 
		 -> arrowr_vacio(8), gota(8), termometro(8), arrowr(8), 
		 -> atilde(8), 
 Auto vars:     Size  Location     Type
  charnum         1    7[COMMON] unsigned char 
  n               1    8[COMMON] unsigned char 
 Return value:  Size  Location     Type
                  1    wreg      void 
 Registers used:
		wreg, fsr0l, fsr0h, status,2, status,0, pclath, cstack
 Tracked objects:
		On entry : 
		On exit  : 
		Unchanged: 
 Data sizes:     COMMON   BANK0   BANK1   BANK3   BANK2
      Params:         1       0       0       0       0
      Locals:         2       0       0       0       0
      Temps:          1       0       0       0       0
      Totals:         4       0       0       0       0
Total ram usage:        4 bytes
 Hardware stack levels used:    1
 Hardware stack levels required when called:    2
 This function calls:
		_LCD_Cmd
		_LCD_Write_Character
 This function is called by:
		_SetUp
 This function uses a non-reentrant model


 *************** function _LCD_Write_Character *****************
 Defined at:
		line 64 in file "LCD_8bits.c"
 Parameters:    Size  Location     Type
  caracter        1    wreg     unsigned char 
 Auto vars:     Size  Location     Type
  caracter        1    3[COMMON] unsigned char 
 Return value:  Size  Location     Type
                  1    wreg      void 
 Registers used:
		wreg
 Tracked objects:
		On entry : 
		On exit  : 
		Unchanged: 
 Data sizes:     COMMON   BANK0   BANK1   BANK3   BANK2
      Params:         0       0       0       0       0
      Locals:         1       0       0       0       0
      Temps:          1       0       0       0       0
      Totals:         2       0       0       0       0
Total ram usage:        2 bytes
 Hardware stack levels used:    1
 Hardware stack levels required when called:    1
 This function calls:
		Nothing
 This function is called by:
		_display_Uhrzeit
		_display_Datum
		_mostrarLCD
		_pressBoton2
		_LCD_Write_String
		_LCD_Create_Char
 This function uses a non-reentrant model


 *************** function _LCD_Cmd *****************
 Defined at:
		line 21 in file "LCD_8bits.c"
 Parameters:    Size  Location     Type
  comando         1    wreg     unsigned char 
 Auto vars:     Size  Location     Type
  comando         1    4[COMMON] unsigned char 
 Return value:  Size  Location     Type
                  1    wreg      void 
 Registers used:
		wreg
 Tracked objects:
		On entry : 
		On exit  : 
		Unchanged: 
 Data sizes:     COMMON   BANK0   BANK1   BANK3   BANK2
      Params:         0       0       0       0       0
      Locals:         1       0       0       0       0
      Temps:          2       0       0       0       0
      Totals:         3       0       0       0       0
Total ram usage:        3 bytes
 Hardware stack levels used:    1
 Hardware stack levels required when called:    1
 This function calls:
		Nothing
 This function is called by:
		_LCD_clear
		_LCD_init
		_LCD_Set_Cursor
		_LCD_Create_Char
		_LCD_home
		_LCD_Shift_links
		_LCD_Shift_rechts
		_LCD_Cursor_rechts
		_LCD_Cursor_links
 This function uses a non-reentrant model


 *************** function _I2C_Master_Init *****************
 Defined at:
		line 16 in file "I2C.c"
 Parameters:    Size  Location     Type
  c               4    6[BANK0 ] const unsigned long 
 Auto vars:     Size  Location     Type
		None
 Return value:  Size  Location     Type
                  1    wreg      void 
 Registers used:
		wreg, status,2, status,0, pclath, cstack
 Tracked objects:
		On entry : 
		On exit  : 
		Unchanged: 
 Data sizes:     COMMON   BANK0   BANK1   BANK3   BANK2
      Params:         0       4       0       0       0
      Locals:         0       0       0       0       0
      Temps:          0       4       0       0       0
      Totals:         0       8       0       0       0
Total ram usage:        8 bytes
 Hardware stack levels used:    1
 Hardware stack levels required when called:    2
 This function calls:
		___lldiv
 This function is called by:
		_SetUp
 This function uses a non-reentrant model


 *************** function ___lldiv *****************
 Defined at:
		line 5 in file "C:\Program Files (x86)\Microchip\xc8\v2.05\pic\sources\c90\common\__lldiv.c"
 Parameters:    Size  Location     Type
  divisor         4    2[COMMON] unsigned long 
  dividend        4    6[COMMON] unsigned long 
 Auto vars:     Size  Location     Type
  quotient        4    1[BANK0 ] unsigned long 
  counter         1    5[BANK0 ] unsigned char 
 Return value:  Size  Location     Type
                  4    2[COMMON] unsigned long 
 Registers used:
		wreg, status,2, status,0
 Tracked objects:
		On entry : 
		On exit  : 
		Unchanged: 
 Data sizes:     COMMON   BANK0   BANK1   BANK3   BANK2
      Params:         8       0       0       0       0
      Locals:         0       5       0       0       0
      Temps:          0       1       0       0       0
      Totals:         8       6       0       0       0
Total ram usage:       14 bytes
 Hardware stack levels used:    1
 Hardware stack levels required when called:    1
 This function calls:
		Nothing
 This function is called by:
		_I2C_Master_Init
 This function uses a non-reentrant model


 *************** function _ISR *****************
 Defined at:
		line 110 in file "main_Master.c"
 Parameters:    Size  Location     Type
		None
 Auto vars:     Size  Location     Type
		None
 Return value:  Size  Location     Type
                  1    wreg      void 
 Registers used:
		wreg, status,2, status,0
 Tracked objects:
		On entry : 
		On exit  : 
		Unchanged: 
 Data sizes:     COMMON   BANK0   BANK1   BANK3   BANK2
      Params:         0       0       0       0       0
      Locals:         0       0       0       0       0
      Temps:          2       0       0       0       0
      Totals:         2       0       0       0       0
Total ram usage:        2 bytes
 Hardware stack levels used:    1
 This function calls:
		Nothing
 This function is called by:
		Interrupt level 1
 This function uses a non-reentrant model



MODULE INFORMATION

Module		Function		Class		Link	Load	Size
Temperatura_I2C.c
		_temp_ambiente 		CODE           	08A8	0000	219
		_temp_objeto   		CODE           	0982	0000	219

Temperatura_I2C.c estimated size: 438

C:\Program Files (x86)\Microchip\xc8\v2.05\pic\sources\c90\common\sprcadd.c
		___fladd       		CODE           	0DD1	0000	560

C:\Program Files (x86)\Microchip\xc8\v2.05\pic\sources\c90\common\sprcadd.c estimated size: 560

main_Master.c
		_ISR           		CODE           	1193	0000	20
		_main          		CODE           	1299	0000	50
		_display_Datum 		CODE           	0B3E	0000	241
		_OSC_config    		CODE           	1692	0000	173
		_SetUp         		CODE           	149F	0000	117
		_display_Uhrzeit		CODE           	0A5C	0000	227
		_pressBoton1   		CODE           	1513	0000	120
		_pressBoton2   		CODE           	173E	0000	195
		_mostrarLCD    		CODE           	0344	0000	702

main_Master.c estimated size: 1845

C:\Program Files (x86)\Microchip\xc8\v2.05\pic\sources\c90\common\awmod.c
		___awmod       		CODE           	1333	0000	76

C:\Program Files (x86)\Microchip\xc8\v2.05\pic\sources\c90\common\awmod.c estimated size: 76

I2C.c
		_I2C_Master_Read		CODE           	1241	0000	45
		_I2C_Master_Wait		CODE           	114F	0000	10
		_I2C_Master_Init		CODE           	12FD	0000	55
		_I2C_Master_Stop		CODE           	1140	0000	8
		_I2C_Master_Write		CODE           	1147	0000	9
		_I2C_Master_Start		CODE           	1139	0000	8

I2C.c estimated size: 135

LCD_8bits.c
		_uint_to_array 		CODE           	160D	0000	134
		_LCD_clear     		CODE           	11A6	0000	23
		_LCD_Create_Char		CODE           	1215	0000	45
		_LCD_Write_Character		CODE           	1161	0000	17
		_LCD_Cmd       		CODE           	12CA	0000	52
		_LCD_Set_Cursor		CODE           	126D	0000	45
		_LCD_init      		CODE           	1439	0000	103
		_LCD_Write_String		CODE           	11F3	0000	35

LCD_8bits.c estimated size: 454

C:\Program Files (x86)\Microchip\xc8\v2.05\pic\sources\c90\common\fltol.c
		___fltol       		CODE           	158A	0000	132

C:\Program Files (x86)\Microchip\xc8\v2.05\pic\sources\c90\common\fltol.c estimated size: 132

C:\Program Files (x86)\Microchip\xc8\v2.05\pic\sources\c90\common\Umul16.c
		___wmul        		CODE           	11D2	0000	34

C:\Program Files (x86)\Microchip\xc8\v2.05\pic\sources\c90\common\Umul16.c estimated size: 34

C:\Program Files (x86)\Microchip\xc8\v2.05\pic\sources\c90\common\Umul8.c
		___bmul        		CODE           	1171	0000	18

C:\Program Files (x86)\Microchip\xc8\v2.05\pic\sources\c90\common\Umul8.c estimated size: 18

C:\Program Files (x86)\Microchip\xc8\v2.05\pic\sources\c90\common\awdiv.c
		___awdiv       		CODE           	137E	0000	92

C:\Program Files (x86)\Microchip\xc8\v2.05\pic\sources\c90\common\awdiv.c estimated size: 92

shared
		_arrowr_vacio  		STRING         	101E	0000	9
		__stringtab    		STRING         	1000	0000	7
		_atilde        		STRING         	1016	0000	9
		__initialization		CODE           	000F	0000	29
		_arrowr        		STRING         	1026	0000	9
		_termometro    		STRING         	100E	0000	9
		_gota          		STRING         	1006	0000	9

shared estimated size: 81

C:\Program Files (x86)\Microchip\xc8\v2.05\pic\sources\c90\common\sprcmul.c
		___flmul       		CODE           	002F	0000	790

C:\Program Files (x86)\Microchip\xc8\v2.05\pic\sources\c90\common\sprcmul.c estimated size: 790

C:\Program Files (x86)\Microchip\xc8\v2.05\pic\sources\c90\common\sprcdiv.c
		___fldiv       		CODE           	0C2E	0000	420

C:\Program Files (x86)\Microchip\xc8\v2.05\pic\sources\c90\common\sprcdiv.c estimated size: 420

C:\Program Files (x86)\Microchip\xc8\v2.05\pic\sources\c90\common\Umul8_16.c
		__Umul8_16     		CODE           	07D9	0000	38

C:\Program Files (x86)\Microchip\xc8\v2.05\pic\sources\c90\common\Umul8_16.c estimated size: 38

C:\Program Files (x86)\Microchip\xc8\v2.05\pic\sources\c90\common\xxtofl.c
		___xxtofl      		CODE           	0803	0000	166

C:\Program Files (x86)\Microchip\xc8\v2.05\pic\sources\c90\common\xxtofl.c estimated size: 166

C:\Program Files (x86)\Microchip\xc8\v2.05\pic\sources\c90\common\__lldiv.c
		___lldiv       		CODE           	13D9	0000	97

C:\Program Files (x86)\Microchip\xc8\v2.05\pic\sources\c90\common\__lldiv.c estimated size: 97

RTC.c
		_get_Time      		CODE           	0601	0000	473
		_BCD_a_DEC     		CODE           	11BC	0000	23

RTC.c estimated size: 496

