Microchip MPLAB XC8 Compiler V2.05 ()

Linker command line:

-W-3 --edf=C:\Program Files (x86)\Microchip\xc8\v2.05\pic\dat\en_msgs.txt \
  -cs -h+dist/default/production\MOV.X.production.sym \
  --cmf=dist/default/production\MOV.X.production.cmf -z -Q16F887 \
  -oC:\Users\ICHELECE\AppData\Local\Temp\sfv8.2 --defsym=__MPLAB_BUILD=1 \
  -Mdist/default/production/MOV.X.production.map -E1 -ver=XC8 --acfsm=1493 \
  -ASTACK=0110h-016Fh -pstack=STACK -ACODE=00h-07FFhx4 -ASTRCODE=00h-01FFFh \
  -ASTRING=00h-0FFhx32 -ACONST=00h-0FFhx32 -AENTRY=00h-0FFhx32 \
  -ACOMMON=070h-07Fh -ABANK0=020h-06Fh -ABANK1=0A0h-0EFh \
  -ABANK2=0110h-016Fh -ABANK3=0190h-01EFh \
  -ARAM=020h-06Fh,0A0h-0EFh,0110h-016Fh,0190h-01EFh \
  -AABS1=020h-07Fh,0A0h-0EFh,0110h-016Fh,0190h-01EFh -ASFR0=00h-01Fh \
  -ASFR1=080h-09Fh -ASFR2=0100h-010Fh -ASFR3=0180h-018Fh \
  -preset_vec=00h,intentry=04h,init,end_init -ppowerup=CODE -pcinit=CODE \
  -pfunctab=ENTRY -ACONFIG=02007h-02008h -pconfig=CONFIG -DCONFIG=2 \
  -AIDLOC=02000h-02003h -pidloc=IDLOC -DIDLOC=2 -AEEDATA=00h-0FFh/02100h \
  -peeprom_data=EEDATA -DEEDATA=2 -DCODE=2 -DSTRCODE=2 -DSTRING=2 -DCONST=2 \
  -DENTRY=2 -k C:\Users\ICHELECE\AppData\Local\Temp\sfv8.o \
  dist/default/production\MOV.X.production.o 

Object code version is 3.11

Machine type is 16F887



                Name                               Link     Load   Length Selector   Space Scale
C:\Users\ICHELECE\AppData\Local\Temp\sfv8.o
                end_init                              C        C        3        8       0
                reset_vec                             0        0        3        0       0
                config                             2007     2007        2     400E       0
dist/default/production\MOV.X.production.o
                cinit                                 F        F       1C        8       0
                intentry                              4        4        8        8       0
                text16                              279      279       9E        8       0
                text15                              617      617       19        8       0
                text14                              660      660       13        8       0
                text13                              39C      39C       7F        8       0
                text12                              41B      41B       7E        8       0
                text11                              123      123       AE        8       0
                text10                              499      499       7C        8       0
                text9                               5FA      5FA       1D        8       0
                text8                               599      599       3A        8       0
                text7                               317      317       85        8       0
                text6                               648      648       18        8       0
                text5                               630      630       18        8       0
                text4                               55A      55A       3F        8       0
                text3                               1D1      1D1       A8        8       0
                text2                               515      515       45        8       0
                text1                               5D3      5D3       27        8       0
                maintext                             2B       2B       F8        8       0
                cstackBANK0                          20       20        D       20       1
                cstackCOMMON                         70       70        6       70       1
                dataBANK0                            37       37        2       20       1
                bssBANK0                             2D       2D        A       20       1
                bssCOMMON                            76       76        4       70       1
                idataBANK0                          673      673        2        8       0

TOTAL           Name                               Link     Load   Length     Space
        CLASS   STACK          

        CLASS   CODE           
                end_init                              C        C        3         0
                cinit                                 F        F       1C         0
                intentry                              4        4        8         0
                reset_vec                             0        0        3         0
                text16                              279      279       9E         0
                text15                              617      617       19         0
                text14                              660      660       13         0
                text13                              39C      39C       7F         0
                text12                              41B      41B       7E         0
                text11                              123      123       AE         0
                text10                              499      499       7C         0
                text9                               5FA      5FA       1D         0
                text8                               599      599       3A         0
                text7                               317      317       85         0
                text6                               648      648       18         0
                text5                               630      630       18         0
                text4                               55A      55A       3F         0
                text3                               1D1      1D1       A8         0
                text2                               515      515       45         0
                text1                               5D3      5D3       27         0
                maintext                             2B       2B       F8         0
                idataBANK0                          673      673        2         0

        CLASS   STRCODE        

        CLASS   STRING         

        CLASS   CONST          

        CLASS   ENTRY          

        CLASS   COMMON         
                cstackCOMMON                         70       70        6         1
                bssCOMMON                            76       76        4         1

        CLASS   BANK0          
                cstackBANK0                          20       20        D         1
                dataBANK0                            37       37        2         1
                bssBANK0                             2D       2D        A         1

        CLASS   BANK1          

        CLASS   BANK2          

        CLASS   BANK3          

        CLASS   RAM            

        CLASS   ABS1           
                abs_s1                               7E       7E        2         1

        CLASS   SFR0           

        CLASS   SFR1           

        CLASS   SFR2           

        CLASS   SFR3           

        CLASS   CONFIG         
                config                             2007     2007        2         0

        CLASS   IDLOC          

        CLASS   EEDATA         



SEGMENTS        Name                           Load    Length   Top    Selector   Space  Class     Delta

                reset_vec                      000000  000003  000003         0       0  CODE        2
                intentry                       000004  000671  000675         8       0  CODE        2
                cstackBANK0                    000020  000019  000039        20       1  BANK0       1
                cstackCOMMON                   000070  00000A  00007A        70       1  COMMON      1
                config                         002007  000002  002009      400E       0  CONFIG      2


UNUSED ADDRESS RANGES

        Name                Unused          Largest block    Delta
        BANK0            0039-006F             37           1
        BANK1            00A0-00EF             50           1
        BANK2            0110-016F             60           1
        BANK3            0190-01EF             60           1
        CODE             0003-0003              1           2
                         0675-1FFF            800
        COMMON           007A-007D              4           1
        CONST            0003-0003              1           2
                         0675-1FFF            100
        EEDATA           2100-21FF            100           2
        ENTRY            0003-0003              1           2
                         0675-1FFF            100
        IDLOC            2000-2003              4           2
        RAM              0039-006F             37           1
                         00A0-00EF             50
                         0110-016F             60
                         0190-01EF             60
        SFR0             0000-001F             20           1
        SFR1             0080-009F             20           1
        SFR2             0100-010F             10           1
        SFR3             0180-018F             10           1
        STACK            0110-016F             60           1
        STRCODE          0003-0003              1           2
                         0675-1FFF           198B
        STRING           0003-0003              1           2
                         0675-1FFF            100

                                  Symbol Table

I2C_Slave_Init@address           cstackCOMMON 0074
OSC_config@frecuencia            cstackBANK0  0020
Servo2_grados@Servo2_grados      cstackBANK0  0020
_ADCON0bits                      (abs)        001F
_ADCON1bits                      (abs)        009F
_ADRESH                          (abs)        001E
_ANSEL                           (abs)        0188
_ANSELH                          (abs)        0189
_BF                              (abs)        04A0
_CCP1CONbits                     (abs)        0017
_CCPR1L                          (abs)        0015
_CCPR2L                          (abs)        001B
_GIE                             (abs)        005F
_I2C_Slave_Init                  text15       0617
_ISR                             text16       0279
_OSCCONbits                      (abs)        008F
_OSC_config                      text11       0123
_PEIE                            (abs)        005E
_PIR1bits                        (abs)        000C
_PORTA                           (abs)        0005
_PORTB                           (abs)        0006
_PORTD                           (abs)        0008
_PORTE                           (abs)        0009
_PR2                             (abs)        0092
_SSPADD                          (abs)        0093
_SSPBUF                          (abs)        0013
_SSPCON                          (abs)        0014
_SSPCON2                         (abs)        0091
_SSPCONbits                      (abs)        0014
_SSPIE                           (abs)        0463
_SSPIF                           (abs)        0063
_SSPSTAT                         (abs)        0094
_SSPSTATbits                     (abs)        0094
_Servo2_grados                   text2        0515
_T2CONbits                       (abs)        0012
_TRISA                           (abs)        0085
_TRISB                           (abs)        0086
_TRISC3                          (abs)        043B
_TRISC4                          (abs)        043C
_TRISCbits                       (abs)        0087
_TRISD                           (abs)        0088
_TRISE                           (abs)        0089
__CFG_BOR4V$BOR40V               (abs)        0000
__CFG_BOREN$OFF                  (abs)        0000
__CFG_CP$OFF                     (abs)        0000
__CFG_CPD$OFF                    (abs)        0000
__CFG_FCMEN$OFF                  (abs)        0000
__CFG_FOSC$INTRC_NOCLKOUT        (abs)        0000
__CFG_IESO$OFF                   (abs)        0000
__CFG_LVP$OFF                    (abs)        0000
__CFG_MCLRE$OFF                  (abs)        0000
__CFG_PWRTE$OFF                  (abs)        0000
__CFG_WDTE$OFF                   (abs)        0000
__CFG_WRT$OFF                    (abs)        0000
__Habs1                          abs1         0000
__Hbank0                         bank0        0000
__Hbank1                         bank1        0000
__Hbank2                         bank2        0000
__Hbank3                         bank3        0000
__HbssBANK0                      bssBANK0     0000
__HbssCOMMON                     bssCOMMON    0000
__Hcinit                         cinit        002B
__Hclrtext                       clrtext      0000
__Hcode                          code         0000
__Hcommon                        common       0000
__Hconfig                        config       2009
__HcstackBANK0                   cstackBANK0  0000
__HcstackCOMMON                  cstackCOMMON 0000
__HdataBANK0                     dataBANK0    0000
__Heeprom_data                   eeprom_data  0000
__Hend_init                      end_init     000F
__Hfunctab                       functab      0000
__HidataBANK0                    idataBANK0   0000
__Hidloc                         idloc        0000
__Hinit                          init         000C
__Hintentry                      intentry     000C
__Hmaintext                      maintext     0000
__Hpowerup                       powerup      0000
__Hram                           ram          0000
__Hreset_vec                     reset_vec    0003
__Hsfr0                          sfr0         0000
__Hsfr1                          sfr1         0000
__Hsfr2                          sfr2         0000
__Hsfr3                          sfr3         0000
__Hspace_0                       (abs)        2009
__Hspace_1                       (abs)        007A
__Hspace_2                       (abs)        0000
__Hspace_3                       (abs)        0000
__Hstack                         stack        0000
__Hstrings                       strings      0000
__Htext                          text         0000
__Labs1                          abs1         0000
__Lbank0                         bank0        0000
__Lbank1                         bank1        0000
__Lbank2                         bank2        0000
__Lbank3                         bank3        0000
__LbssBANK0                      bssBANK0     0000
__LbssCOMMON                     bssCOMMON    0000
__Lcinit                         cinit        000F
__Lclrtext                       clrtext      0000
__Lcode                          code         0000
__Lcommon                        common       0000
__Lconfig                        config       2007
__LcstackBANK0                   cstackBANK0  0000
__LcstackCOMMON                  cstackCOMMON 0000
__LdataBANK0                     dataBANK0    0000
__Leeprom_data                   eeprom_data  0000
__Lend_init                      end_init     000C
__Lfunctab                       functab      0000
__LidataBANK0                    idataBANK0   0000
__Lidloc                         idloc        0000
__Linit                          init         000C
__Lintentry                      intentry     0004
__Lmaintext                      maintext     0000
__Lpowerup                       powerup      0000
__Lram                           ram          0000
__Lreset_vec                     reset_vec    0000
__Lsfr0                          sfr0         0000
__Lsfr1                          sfr1         0000
__Lsfr2                          sfr2         0000
__Lsfr3                          sfr3         0000
__Lspace_0                       (abs)        0000
__Lspace_1                       (abs)        0000
__Lspace_2                       (abs)        0000
__Lspace_3                       (abs)        0000
__Lstack                         stack        0000
__Lstrings                       strings      0000
__Ltext                          text         0000
__S0                             (abs)        2009
__S1                             (abs)        007A
__S2                             (abs)        0000
__S3                             (abs)        0000
___bmul                          text14       0660
___bmul@multiplicand             cstackCOMMON 0074
___bmul@multiplier               cstackBANK0  0021
___bmul@product                  cstackBANK0  0020
___int_sp                        stack        0000
___latbits                       (abs)        0002
___sp                            stack        0000
___stackhi                       (abs)        0000
___stacklo                       (abs)        0000
__end_of_I2C_Slave_Init          text15       0630
__end_of_ISR                     text16       0317
__end_of_OSC_config              text11       01D1
__end_of_Servo2_grados           text2        055A
__end_of___bmul                  text14       0673
__end_of__initialization         cinit        0027
__end_of_cambiar_fila_derecha    text13       041B
__end_of_cambiar_fila_izquierda  text12       0499
__end_of_config                  text8        05D3
__end_of_dis_ade                 text6        0660
__end_of_dis_atr                 text5        0648
__end_of_esperar                 text4        0599
__end_of_init_ADC                text10       0515
__end_of_init_PWM_2              text9        0617
__end_of_main                    maintext     0123
__end_of_obstaculo               text7        039C
__end_of_regresar                text3        0279
__end_of_select_velocidad        text1        05FA
__initialization                 cinit        000F
__pbssBANK0                      bssBANK0     002D
__pbssCOMMON                     bssCOMMON    0076
__pcstackBANK0                   cstackBANK0  0020
__pcstackCOMMON                  cstackCOMMON 0070
__pdataBANK0                     dataBANK0    0037
__pidataBANK0                    idataBANK0   0673
__pintentry                      intentry     0004
__pmaintext                      maintext     002B
__ptext1                         text1        05D3
__ptext10                        text10       0499
__ptext11                        text11       0123
__ptext12                        text12       041B
__ptext13                        text13       039C
__ptext14                        text14       0660
__ptext15                        text15       0617
__ptext16                        text16       0279
__ptext2                         text2        0515
__ptext3                         text3        01D1
__ptext4                         text4        055A
__ptext5                         text5        0630
__ptext6                         text6        0648
__ptext7                         text7        0317
__ptext8                         text8        0599
__ptext9                         text9        05FA
__size_of_I2C_Slave_Init         (abs)        0000
__size_of_ISR                    (abs)        0000
__size_of_OSC_config             (abs)        0000
__size_of_Servo2_grados          (abs)        0000
__size_of___bmul                 (abs)        0000
__size_of_cambiar_fila_derecha   (abs)        0000
__size_of_cambiar_fila_izquierda (abs)        0000
__size_of_config                 (abs)        0000
__size_of_dis_ade                (abs)        0000
__size_of_dis_atr                (abs)        0000
__size_of_esperar                (abs)        0000
__size_of_init_ADC               (abs)        0000
__size_of_init_PWM_2             (abs)        0000
__size_of_main                   (abs)        0000
__size_of_obstaculo              (abs)        0000
__size_of_regresar               (abs)        0000
__size_of_select_velocidad       (abs)        0000
_adelante                        bssBANK0     0030
_ancho                           bssBANK0     0034
_atras                           bssCOMMON    0076
_cambiar_fila_derecha            text13       039C
_cambiar_fila_izquierda          text12       041B
_config                          text8        0599
_cont_obs                        bssBANK0     0032
_contador                        bssCOMMON    0077
_contador_m                      dataBANK0    0037
_dis_ade                         text6        0648
_dis_atr                         text5        0630
_esperar                         text4        055A
_indicador                       bssBANK0     0033
_indicador_mov                   dataBANK0    0038
_init_ADC                        text10       0499
_init_PWM_2                      text9        05FA
_largo                           bssBANK0     0035
_main                            maintext     002B
_motor                           bssBANK0     002F
_muestras                        bssBANK0     0031
_obstaculo                       text7        0317
_recibir                         bssCOMMON    0079
_recibir_ind                     bssCOMMON    0078
_regresar                        text3        01D1
_select_velocidad                text1        05D3
_velocidad                       bssBANK0     0036
_z                               bssBANK0     002D
btemp                            (abs)        007E
end_of_initialization            cinit        0027
esperar@vel                      cstackCOMMON 0074
init_ADC@channel                 cstackBANK0  0020
interrupt_function               intentry     0004
intlevel0                        functab      0000
intlevel1                        functab      0000
intlevel2                        functab      0000
intlevel3                        functab      0000
intlevel4                        functab      0000
intlevel5                        functab      0000
main@i                           cstackBANK0  002B
regresar@i                       cstackBANK0  0026
reset_vec                        reset_vec    0000
saved_w                          (abs)        007E
select_velocidad@vel             cstackBANK0  0023
start                            init         000C
start_initialization             cinit        000F
wtemp0                           (abs)        007E


FUNCTION INFORMATION:

 *************** function _main *****************
 Defined at:
		line 136 in file "MAIN_CONTROL.c"
 Parameters:    Size  Location     Type
		None
 Auto vars:     Size  Location     Type
  i               2   11[BANK0 ] int 
 Return value:  Size  Location     Type
                  1    wreg      void 
 Registers used:
		wreg, fsr0l, fsr0h, status,2, status,0, btemp+1, pclath, cstack
 Tracked objects:
		On entry : 
		On exit  : 
		Unchanged: 
 Data sizes:     COMMON   BANK0   BANK1   BANK3   BANK2
      Params:         0       0       0       0       0
      Locals:         0       2       0       0       0
      Temps:          0       3       0       0       0
      Totals:         0       5       0       0       0
Total ram usage:        5 bytes
 Hardware stack levels required when called:    4
 This function calls:
		_I2C_Slave_Init
		___bmul
		_cambiar_fila_derecha
		_cambiar_fila_izquierda
		_config
		_dis_ade
		_dis_atr
		_esperar
		_obstaculo
		_regresar
		_select_velocidad
 This function is called by:
		Startup code after reset
 This function uses a non-reentrant model


 *************** function _select_velocidad *****************
 Defined at:
		line 445 in file "MAIN_CONTROL.c"
 Parameters:    Size  Location     Type
  vel             1    wreg     unsigned char 
 Auto vars:     Size  Location     Type
  vel             1    3[BANK0 ] unsigned char 
 Return value:  Size  Location     Type
                  1    wreg      void 
 Registers used:
		wreg, fsr0l, fsr0h, status,2, status,0, pclath, cstack
 Tracked objects:
		On entry : 
		On exit  : 
		Unchanged: 
 Data sizes:     COMMON   BANK0   BANK1   BANK3   BANK2
      Params:         0       0       0       0       0
      Locals:         0       1       0       0       0
      Temps:          0       2       0       0       0
      Totals:         0       3       0       0       0
Total ram usage:        3 bytes
 Hardware stack levels used:    1
 Hardware stack levels required when called:    2
 This function calls:
		_Servo2_grados
 This function is called by:
		_main
 This function uses a non-reentrant model


 *************** function _Servo2_grados *****************
 Defined at:
		line 540 in file "MAIN_CONTROL.c"
 Parameters:    Size  Location     Type
  Servo2_grado    1    wreg     unsigned char 
 Auto vars:     Size  Location     Type
  Servo2_grado    1    0[BANK0 ] unsigned char 
 Return value:  Size  Location     Type
                  1    wreg      void 
 Registers used:
		wreg, fsr0l, fsr0h, status,2, status,0
 Tracked objects:
		On entry : 
		On exit  : 
		Unchanged: 
 Data sizes:     COMMON   BANK0   BANK1   BANK3   BANK2
      Params:         0       0       0       0       0
      Locals:         0       1       0       0       0
      Temps:          2       0       0       0       0
      Totals:         2       1       0       0       0
Total ram usage:        3 bytes
 Hardware stack levels used:    1
 Hardware stack levels required when called:    1
 This function calls:
		Nothing
 This function is called by:
		_select_velocidad
 This function uses a non-reentrant model


 *************** function _regresar *****************
 Defined at:
		line 203 in file "MAIN_CONTROL.c"
 Parameters:    Size  Location     Type
		None
 Auto vars:     Size  Location     Type
  i               2    6[BANK0 ] int 
 Return value:  Size  Location     Type
                  1    wreg      void 
 Registers used:
		wreg, fsr0l, fsr0h, status,2, status,0, btemp+1, pclath, cstack
 Tracked objects:
		On entry : 
		On exit  : 
		Unchanged: 
 Data sizes:     COMMON   BANK0   BANK1   BANK3   BANK2
      Params:         0       0       0       0       0
      Locals:         0       2       0       0       0
      Temps:          0       3       0       0       0
      Totals:         0       5       0       0       0
Total ram usage:        5 bytes
 Hardware stack levels used:    1
 Hardware stack levels required when called:    3
 This function calls:
		_dis_ade
		_dis_atr
		_esperar
 This function is called by:
		_main
 This function uses a non-reentrant model


 *************** function _esperar *****************
 Defined at:
		line 460 in file "MAIN_CONTROL.c"
 Parameters:    Size  Location     Type
  vel             1    wreg     unsigned char 
 Auto vars:     Size  Location     Type
  vel             1    4[COMMON] unsigned char 
 Return value:  Size  Location     Type
                  1    wreg      void 
 Registers used:
		wreg, fsr0l, fsr0h, status,2, status,0
 Tracked objects:
		On entry : 
		On exit  : 
		Unchanged: 
 Data sizes:     COMMON   BANK0   BANK1   BANK3   BANK2
      Params:         0       0       0       0       0
      Locals:         1       0       0       0       0
      Temps:          0       3       0       0       0
      Totals:         1       3       0       0       0
Total ram usage:        4 bytes
 Hardware stack levels used:    1
 Hardware stack levels required when called:    1
 This function calls:
		Nothing
 This function is called by:
		_main
		_regresar
 This function uses a non-reentrant model


 *************** function _dis_atr *****************
 Defined at:
		line 315 in file "MAIN_CONTROL.c"
 Parameters:    Size  Location     Type
		None
 Auto vars:     Size  Location     Type
		None
 Return value:  Size  Location     Type
                  1    wreg      void 
 Registers used:
		wreg, fsr0l, fsr0h, status,2, status,0, pclath, cstack
 Tracked objects:
		On entry : 
		On exit  : 
		Unchanged: 
 Data sizes:     COMMON   BANK0   BANK1   BANK3   BANK2
      Params:         0       0       0       0       0
      Locals:         0       0       0       0       0
      Temps:          0       2       0       0       0
      Totals:         0       2       0       0       0
Total ram usage:        2 bytes
 Hardware stack levels used:    1
 Hardware stack levels required when called:    2
 This function calls:
		_init_ADC
 This function is called by:
		_main
		_regresar
 This function uses a non-reentrant model


 *************** function _dis_ade *****************
 Defined at:
		line 308 in file "MAIN_CONTROL.c"
 Parameters:    Size  Location     Type
		None
 Auto vars:     Size  Location     Type
		None
 Return value:  Size  Location     Type
                  1    wreg      void 
 Registers used:
		wreg, fsr0l, fsr0h, status,2, status,0, pclath, cstack
 Tracked objects:
		On entry : 
		On exit  : 
		Unchanged: 
 Data sizes:     COMMON   BANK0   BANK1   BANK3   BANK2
      Params:         0       0       0       0       0
      Locals:         0       0       0       0       0
      Temps:          0       2       0       0       0
      Totals:         0       2       0       0       0
Total ram usage:        2 bytes
 Hardware stack levels used:    1
 Hardware stack levels required when called:    2
 This function calls:
		_init_ADC
 This function is called by:
		_main
		_regresar
 This function uses a non-reentrant model


 *************** function _obstaculo *****************
 Defined at:
		line 233 in file "MAIN_CONTROL.c"
 Parameters:    Size  Location     Type
		None
 Auto vars:     Size  Location     Type
		None
 Return value:  Size  Location     Type
                  1    wreg      void 
 Registers used:
		wreg, status,2, status,0
 Tracked objects:
		On entry : 
		On exit  : 
		Unchanged: 
 Data sizes:     COMMON   BANK0   BANK1   BANK3   BANK2
      Params:         0       0       0       0       0
      Locals:         0       0       0       0       0
      Temps:          0       3       0       0       0
      Totals:         0       3       0       0       0
Total ram usage:        3 bytes
 Hardware stack levels used:    1
 Hardware stack levels required when called:    1
 This function calls:
		Nothing
 This function is called by:
		_main
 This function uses a non-reentrant model


 *************** function _config *****************
 Defined at:
		line 289 in file "MAIN_CONTROL.c"
 Parameters:    Size  Location     Type
		None
 Auto vars:     Size  Location     Type
		None
 Return value:  Size  Location     Type
                  1    wreg      void 
 Registers used:
		wreg, fsr0l, fsr0h, status,2, status,0, pclath, cstack
 Tracked objects:
		On entry : 
		On exit  : 
		Unchanged: 
 Data sizes:     COMMON   BANK0   BANK1   BANK3   BANK2
      Params:         0       0       0       0       0
      Locals:         0       0       0       0       0
      Temps:          0       0       0       0       0
      Totals:         0       0       0       0       0
Total ram usage:        0 bytes
 Hardware stack levels used:    1
 Hardware stack levels required when called:    2
 This function calls:
		_OSC_config
		_init_ADC
		_init_PWM_2
 This function is called by:
		_main
 This function uses a non-reentrant model


 *************** function _init_PWM_2 *****************
 Defined at:
		line 475 in file "MAIN_CONTROL.c"
 Parameters:    Size  Location     Type
		None
 Auto vars:     Size  Location     Type
		None
 Return value:  Size  Location     Type
                  1    wreg      void 
 Registers used:
		wreg
 Tracked objects:
		On entry : 
		On exit  : 
		Unchanged: 
 Data sizes:     COMMON   BANK0   BANK1   BANK3   BANK2
      Params:         0       0       0       0       0
      Locals:         0       0       0       0       0
      Temps:          0       0       0       0       0
      Totals:         0       0       0       0       0
Total ram usage:        0 bytes
 Hardware stack levels used:    1
 Hardware stack levels required when called:    1
 This function calls:
		Nothing
 This function is called by:
		_config
 This function uses a non-reentrant model


 *************** function _init_ADC *****************
 Defined at:
		line 321 in file "MAIN_CONTROL.c"
 Parameters:    Size  Location     Type
  channel         1    wreg     unsigned char 
 Auto vars:     Size  Location     Type
  channel         1    0[BANK0 ] unsigned char 
 Return value:  Size  Location     Type
                  1    wreg      void 
 Registers used:
		wreg, fsr0l, fsr0h, status,2, status,0
 Tracked objects:
		On entry : 
		On exit  : 
		Unchanged: 
 Data sizes:     COMMON   BANK0   BANK1   BANK3   BANK2
      Params:         0       0       0       0       0
      Locals:         0       1       0       0       0
      Temps:          2       0       0       0       0
      Totals:         2       1       0       0       0
Total ram usage:        3 bytes
 Hardware stack levels used:    1
 Hardware stack levels required when called:    1
 This function calls:
		Nothing
 This function is called by:
		_config
		_dis_ade
		_dis_atr
 This function uses a non-reentrant model


 *************** function _OSC_config *****************
 Defined at:
		line 508 in file "MAIN_CONTROL.c"
 Parameters:    Size  Location     Type
  frecuencia      4    0[BANK0 ] unsigned long 
 Auto vars:     Size  Location     Type
		None
 Return value:  Size  Location     Type
                  1    wreg      void 
 Registers used:
		wreg, fsr0l, fsr0h, status,2, status,0
 Tracked objects:
		On entry : 
		On exit  : 
		Unchanged: 
 Data sizes:     COMMON   BANK0   BANK1   BANK3   BANK2
      Params:         0       4       0       0       0
      Locals:         0       0       0       0       0
      Temps:          0       0       0       0       0
      Totals:         0       4       0       0       0
Total ram usage:        4 bytes
 Hardware stack levels used:    1
 Hardware stack levels required when called:    1
 This function calls:
		Nothing
 This function is called by:
		_config
 This function uses a non-reentrant model


 *************** function _cambiar_fila_izquierda *****************
 Defined at:
		line 270 in file "MAIN_CONTROL.c"
 Parameters:    Size  Location     Type
		None
 Auto vars:     Size  Location     Type
		None
 Return value:  Size  Location     Type
                  1    wreg      void 
 Registers used:
		wreg, status,2
 Tracked objects:
		On entry : 
		On exit  : 
		Unchanged: 
 Data sizes:     COMMON   BANK0   BANK1   BANK3   BANK2
      Params:         0       0       0       0       0
      Locals:         0       0       0       0       0
      Temps:          0       3       0       0       0
      Totals:         0       3       0       0       0
Total ram usage:        3 bytes
 Hardware stack levels used:    1
 Hardware stack levels required when called:    1
 This function calls:
		Nothing
 This function is called by:
		_main
 This function uses a non-reentrant model


 *************** function _cambiar_fila_derecha *****************
 Defined at:
		line 252 in file "MAIN_CONTROL.c"
 Parameters:    Size  Location     Type
		None
 Auto vars:     Size  Location     Type
		None
 Return value:  Size  Location     Type
                  1    wreg      void 
 Registers used:
		wreg, status,2
 Tracked objects:
		On entry : 
		On exit  : 
		Unchanged: 
 Data sizes:     COMMON   BANK0   BANK1   BANK3   BANK2
      Params:         0       0       0       0       0
      Locals:         0       0       0       0       0
      Temps:          0       3       0       0       0
      Totals:         0       3       0       0       0
Total ram usage:        3 bytes
 Hardware stack levels used:    1
 Hardware stack levels required when called:    1
 This function calls:
		Nothing
 This function is called by:
		_main
 This function uses a non-reentrant model


 *************** function ___bmul *****************
 Defined at:
		line 4 in file "C:\Program Files (x86)\Microchip\xc8\v2.05\pic\sources\c90\common\Umul8.c"
 Parameters:    Size  Location     Type
  multiplier      1    wreg     unsigned char 
  multiplicand    1    4[COMMON] unsigned char 
 Auto vars:     Size  Location     Type
  multiplier      1    1[BANK0 ] unsigned char 
  product         1    0[BANK0 ] unsigned char 
 Return value:  Size  Location     Type
                  1    wreg      unsigned char 
 Registers used:
		wreg, status,2, status,0
 Tracked objects:
		On entry : 
		On exit  : 
		Unchanged: 
 Data sizes:     COMMON   BANK0   BANK1   BANK3   BANK2
      Params:         1       0       0       0       0
      Locals:         0       2       0       0       0
      Temps:          1       0       0       0       0
      Totals:         2       2       0       0       0
Total ram usage:        4 bytes
 Hardware stack levels used:    1
 Hardware stack levels required when called:    1
 This function calls:
		Nothing
 This function is called by:
		_main
 This function uses a non-reentrant model


 *************** function _I2C_Slave_Init *****************
 Defined at:
		line 584 in file "MAIN_CONTROL.c"
 Parameters:    Size  Location     Type
  address         2    4[COMMON] short 
 Auto vars:     Size  Location     Type
		None
 Return value:  Size  Location     Type
                  1    wreg      void 
 Registers used:
		wreg
 Tracked objects:
		On entry : 
		On exit  : 
		Unchanged: 
 Data sizes:     COMMON   BANK0   BANK1   BANK3   BANK2
      Params:         2       0       0       0       0
      Locals:         0       0       0       0       0
      Temps:          0       0       0       0       0
      Totals:         2       0       0       0       0
Total ram usage:        2 bytes
 Hardware stack levels used:    1
 Hardware stack levels required when called:    1
 This function calls:
		Nothing
 This function is called by:
		_main
 This function uses a non-reentrant model


 *************** function _ISR *****************
 Defined at:
		line 71 in file "MAIN_CONTROL.c"
 Parameters:    Size  Location     Type
		None
 Auto vars:     Size  Location     Type
		None
 Return value:  Size  Location     Type
                  1    wreg      void 
 Registers used:
		wreg, status,2, status,0
 Tracked objects:
		On entry : 
		On exit  : 
		Unchanged: 
 Data sizes:     COMMON   BANK0   BANK1   BANK3   BANK2
      Params:         0       0       0       0       0
      Locals:         0       0       0       0       0
      Temps:          4       0       0       0       0
      Totals:         4       0       0       0       0
Total ram usage:        4 bytes
 Hardware stack levels used:    1
 This function calls:
		Nothing
 This function is called by:
		Interrupt level 1
 This function uses a non-reentrant model



MODULE INFORMATION

Module		Function		Class		Link	Load	Size
MAIN_CONTROL.c
		_dis_ade       		CODE           	0648	0000	25
		_ISR           		CODE           	0279	0000	159
		_select_velocidad		CODE           	05D3	0000	40
		_main          		CODE           	002B	0000	249
		_regresar      		CODE           	01D1	0000	169
		_cambiar_fila_derecha		CODE           	039C	0000	128
		_I2C_Slave_Init		CODE           	0617	0000	26
		_config        		CODE           	0599	0000	59
		_obstaculo     		CODE           	0317	0000	134
		_dis_atr       		CODE           	0630	0000	25
		_esperar       		CODE           	055A	0000	64
		_init_ADC      		CODE           	0499	0000	125
		_cambiar_fila_izquierda		CODE           	041B	0000	127
		_OSC_config    		CODE           	0123	0000	175
		_init_PWM_2    		CODE           	05FA	0000	30
		_Servo2_grados 		CODE           	0515	0000	70

MAIN_CONTROL.c estimated size: 1605

C:\Program Files (x86)\Microchip\xc8\v2.05\pic\sources\c90\common\Umul8.c
		___bmul        		CODE           	0660	0000	20

C:\Program Files (x86)\Microchip\xc8\v2.05\pic\sources\c90\common\Umul8.c estimated size: 20

shared
		__initialization		CODE           	000F	0000	25

shared estimated size: 25

