Microchip MPLAB XC8 Compiler V2.10 ()

Linker command line:

-W-3 --edf=C:\Program Files (x86)\Microchip\xc8\v2.10\pic\dat\en_msgs.txt \
  -cs -h+dist/default/production\Motor_Stepper3.X.production.sym \
  --cmf=dist/default/production\Motor_Stepper3.X.production.cmf -z -Q16F887 \
  -oC:\Users\Josue\AppData\Local\Temp\sh6k.2 --defsym=__MPLAB_BUILD=1 \
  -Mdist/default/production/Motor_Stepper3.X.production.map -E1 -ver=XC8 \
  --acfsm=1493 -ASTACK=0110h-016Fh -pstack=STACK -ACODE=00h-07FFhx4 \
  -ASTRCODE=00h-01FFFh -ASTRING=00h-0FFhx32 -ACONST=00h-0FFhx32 \
  -AENTRY=00h-0FFhx32 -ACOMMON=070h-07Fh -ABANK0=020h-06Fh \
  -ABANK1=0A0h-0EFh -ABANK2=0110h-016Fh -ABANK3=0190h-01EFh \
  -ARAM=020h-06Fh,0A0h-0EFh,0110h-016Fh,0190h-01EFh \
  -AABS1=020h-07Fh,0A0h-0EFh,0110h-016Fh,0190h-01EFh -ASFR0=00h-01Fh \
  -ASFR1=080h-09Fh -ASFR2=0100h-010Fh -ASFR3=0180h-018Fh \
  -preset_vec=00h,intentry,init,end_init -ppowerup=CODE -pcinit=CODE \
  -pfunctab=ENTRY -ACONFIG=02007h-02008h -pconfig=CONFIG -DCONFIG=2 \
  -AIDLOC=02000h-02003h -pidloc=IDLOC -DIDLOC=2 -AEEDATA=00h-0FFh/02100h \
  -peeprom_data=EEDATA -DEEDATA=2 -DCODE=2 -DSTRCODE=2 -DSTRING=2 -DCONST=2 \
  -DENTRY=2 -k C:\Users\Josue\AppData\Local\Temp\sh6k.o \
  dist/default/production\Motor_Stepper3.X.production.o 

Object code version is 3.11

Machine type is 16F887



                Name                               Link     Load   Length Selector   Space Scale
C:\Users\Josue\AppData\Local\Temp\sh6k.o
                end_init                              0        0        3        0       0
                config                             2007     2007        2     400E       0
dist/default/production\Motor_Stepper3.X.production.o
                cinit                               7E7      7E7       19      FCE       0
                text4                               429      429      1DF      852       0
                text3                               608      608      1DF      C10       0
                text2                               21F      21F       AC      43E       0
                text1                               201      201       1E      402       0
                maintext                            2CB      2CB      15E      596       0
                cstackCOMMON                         77       77        7       70       1
                inittext                            1EE      1EE       13      3DC       0
                dataBANK0                            20       20       10       20       1
                bssCOMMON                            70       70        7       70       1
                idataBANK0                          1DE      1DE       10      3BC       0

TOTAL           Name                               Link     Load   Length     Space
        CLASS   STACK          

        CLASS   CODE           
                end_init                              0        0        3         0
                cinit                               7E7      7E7       19         0
                text4                               429      429      1DF         0
                text3                               608      608      1DF         0
                text2                               21F      21F       AC         0
                text1                               201      201       1E         0
                maintext                            2CB      2CB      15E         0
                inittext                            1EE      1EE       13         0
                idataBANK0                          1DE      1DE       10         0

        CLASS   STRCODE        

        CLASS   STRING         

        CLASS   CONST          

        CLASS   ENTRY          

        CLASS   COMMON         
                cstackCOMMON                         77       77        7         1
                bssCOMMON                            70       70        7         1

        CLASS   BANK0          
                dataBANK0                            20       20       10         1

        CLASS   BANK1          

        CLASS   BANK2          

        CLASS   BANK3          

        CLASS   RAM            

        CLASS   ABS1           
                abs_s1                               7E       7E        2         1

        CLASS   SFR0           

        CLASS   SFR1           

        CLASS   SFR2           

        CLASS   SFR3           

        CLASS   CONFIG         
                config                             2007     2007        2         0

        CLASS   IDLOC          

        CLASS   EEDATA         



SEGMENTS        Name                           Load    Length   Top    Selector   Space  Class     Delta

                reset_vec                      000000  000003  000003         0       0  CODE        2
                dataBANK0                      000020  000010  000030        20       1  BANK0       1
                bssCOMMON                      000070  00000E  00007E        70       1  COMMON      1
                idataBANK0                     0001DE  000010  0001EE       3BC       0  CODE        2
                inittext                       0001EE  000013  000201       3DC       0  CODE        2
                text1                          000201  00001E  00021F       402       0  CODE        2
                text2                          00021F  0000AC  0002CB       43E       0  CODE        2
                maintext                       0002CB  00015E  000429       596       0  CODE        2
                text4                          000429  0001DF  000608       852       0  CODE        2
                text3                          000608  0001DF  0007E7       C10       0  CODE        2
                cinit                          0007E7  000019  000800       FCE       0  CODE        2
                config                         002007  000002  002009      400E       0  CONFIG      2


UNUSED ADDRESS RANGES

        Name                Unused          Largest block    Delta
        BANK0            0030-006F             40           1
        BANK1            00A0-00EF             50           1
        BANK2            0110-016F             60           1
        BANK3            0190-01EF             60           1
        CODE             0003-01DD            1DB           2
                         0800-1FFF            800
        CONST            0003-01DD             FD           2
                         0800-1FFF            100
        EEDATA           2100-21FF            100           2
        ENTRY            0003-01DD             FD           2
                         0800-1FFF            100
        IDLOC            2000-2003              4           2
        RAM              0030-006F             40           1
                         00A0-00EF             50
                         0110-016F             60
                         0190-01EF             60
        SFR0             0000-001F             20           1
        SFR1             0080-009F             20           1
        SFR2             0100-010F             10           1
        SFR3             0180-018F             10           1
        STACK            0110-016F             60           1
        STRCODE          0003-01DD            1DB           2
                         0800-1FFF           1800
        STRING           0003-01DD             FD           2
                         0800-1FFF            100

                                  Symbol Table

OSC_config@frecuencia       cstackCOMMON 0077
Stepper_CCW@Step_grados_ccw cstackCOMMON 0077
Stepper_CW@Step_grados_cw   cstackCOMMON 0077
_ANSEL                      (abs)        0188
_ANSELH                     (abs)        0189
_ESTADO                     bssCOMMON    0074
_ESTADO2                    bssCOMMON    0073
_ESTADO3                    bssCOMMON    0072
_OSCCONbits                 (abs)        008F
_OSC_config                 text2        021F
_PORTA                      (abs)        0005
_PORTAbits                  (abs)        0005
_PORTB                      (abs)        0006
_PORTC                      (abs)        0007
_PORTD                      (abs)        0008
_PORTE                      (abs)        0009
_Paso2BLE_CW                dataBANK0    0028
_Stepper_CCW                text4        0429
_Stepper_CW                 text3        0608
_TRISA                      (abs)        0085
_TRISD                      (abs)        0088
__CFG_BOR4V$BOR40V          (abs)        0000
__CFG_BOREN$OFF             (abs)        0000
__CFG_CP$OFF                (abs)        0000
__CFG_CPD$OFF               (abs)        0000
__CFG_FCMEN$OFF             (abs)        0000
__CFG_FOSC$INTRC_CLKOUT     (abs)        0000
__CFG_IESO$OFF              (abs)        0000
__CFG_LVP$OFF               (abs)        0000
__CFG_MCLRE$ON              (abs)        0000
__CFG_PWRTE$OFF             (abs)        0000
__CFG_WDTE$OFF              (abs)        0000
__CFG_WRT$OFF               (abs)        0000
__Habs1                     abs1         0000
__Hbank0                    bank0        0000
__Hbank1                    bank1        0000
__Hbank2                    bank2        0000
__Hbank3                    bank3        0000
__HbssCOMMON                bssCOMMON    0000
__Hcinit                    cinit        0800
__Hclrtext                  clrtext      0000
__Hcode                     code         0000
__Hcommon                   common       0000
__Hconfig                   config       2009
__HcstackCOMMON             cstackCOMMON 0000
__HdataBANK0                dataBANK0    0000
__Heeprom_data              eeprom_data  0000
__Hend_init                 end_init     0003
__Hfunctab                  functab      0000
__HidataBANK0               idataBANK0   0000
__Hidloc                    idloc        0000
__Hinit                     init         0000
__Hinittext                 inittext     0000
__Hintentry                 intentry     0000
__Hmaintext                 maintext     0000
__Hpowerup                  powerup      0000
__Hram                      ram          0000
__Hreset_vec                reset_vec    0000
__Hsfr0                     sfr0         0000
__Hsfr1                     sfr1         0000
__Hsfr2                     sfr2         0000
__Hsfr3                     sfr3         0000
__Hspace_0                  (abs)        2009
__Hspace_1                  (abs)        007E
__Hspace_2                  (abs)        0000
__Hspace_3                  (abs)        0000
__Hstack                    stack        0000
__Hstrings                  strings      0000
__Htext                     text         0000
__Labs1                     abs1         0000
__Lbank0                    bank0        0000
__Lbank1                    bank1        0000
__Lbank2                    bank2        0000
__Lbank3                    bank3        0000
__LbssCOMMON                bssCOMMON    0000
__Lcinit                    cinit        07E7
__Lclrtext                  clrtext      0000
__Lcode                     code         0000
__Lcommon                   common       0000
__Lconfig                   config       2007
__LcstackCOMMON             cstackCOMMON 0000
__LdataBANK0                dataBANK0    0000
__Leeprom_data              eeprom_data  0000
__Lend_init                 end_init     0000
__Lfunctab                  functab      0000
__LidataBANK0               idataBANK0   0000
__Lidloc                    idloc        0000
__Linit                     init         0000
__Linittext                 inittext     0000
__Lintentry                 intentry     0000
__Lmaintext                 maintext     0000
__Lpowerup                  powerup      0000
__Lram                      ram          0000
__Lreset_vec                reset_vec    0000
__Lsfr0                     sfr0         0000
__Lsfr1                     sfr1         0000
__Lsfr2                     sfr2         0000
__Lsfr3                     sfr3         0000
__Lspace_0                  (abs)        0000
__Lspace_1                  (abs)        0000
__Lspace_2                  (abs)        0000
__Lspace_3                  (abs)        0000
__Lstack                    stack        0000
__Lstrings                  strings      0000
__Ltext                     text         0000
__S0                        (abs)        2009
__S1                        (abs)        007E
__S2                        (abs)        0000
__S3                        (abs)        0000
___int_sp                   stack        0000
___latbits                  (abs)        0002
___sp                       stack        0000
___stackhi                  (abs)        0000
___stacklo                  (abs)        0000
__end_of_OSC_config         text2        02CB
__end_of_Stepper_CCW        text4        0608
__end_of_Stepper_CW         text3        07E7
__end_of__initialization    cinit        07FC
__end_of_config_PORTS       text1        021F
__end_of_main               maintext     0429
__initialization            cinit        07E7
__pbssCOMMON                bssCOMMON    0070
__pcstackCOMMON             cstackCOMMON 0077
__pdataBANK0                dataBANK0    0020
__pidataBANK0               idataBANK0   01DE
__pmaintext                 maintext     02CB
__ptext1                    text1        0201
__ptext2                    text2        021F
__ptext3                    text3        0608
__ptext4                    text4        0429
__size_of_OSC_config        (abs)        0000
__size_of_Stepper_CCW       (abs)        0000
__size_of_Stepper_CW        (abs)        0000
__size_of_config_PORTS      (abs)        0000
__size_of_main              (abs)        0000
_config_PORTS               text1        0201
_count                      bssCOMMON    0076
_i                          bssCOMMON    0070
_main                       maintext     02CB
btemp                       (abs)        007E
end_of_initialization       cinit        07FC
init_fetch0                 inittext     01EE
init_ram0                   inittext     01F2
intlevel0                   functab      0000
intlevel1                   functab      0000
intlevel2                   functab      0000
intlevel3                   functab      0000
intlevel4                   functab      0000
intlevel5                   functab      0000
reset_vec                   reset_vec    0000
start                       init         0000
start_initialization        cinit        07E7
wtemp0                      (abs)        007E


FUNCTION INFORMATION:

 *************** function _main *****************
 Defined at:
		line 64 in file "Stepper3.c"
 Parameters:    Size  Location     Type
		None
 Auto vars:     Size  Location     Type
		None
 Return value:  Size  Location     Type
                  1    wreg      void 
 Registers used:
		wreg, fsr0l, fsr0h, status,2, status,0, btemp+1, pclath, cstack
 Tracked objects:
		On entry : 
		On exit  : 
		Unchanged: 
 Data sizes:     COMMON   BANK0   BANK1   BANK3   BANK2
      Params:         0       0       0       0       0
      Locals:         0       0       0       0       0
      Temps:          3       0       0       0       0
      Totals:         3       0       0       0       0
Total ram usage:        3 bytes
 Hardware stack levels required when called:    2
 This function calls:
		_Stepper_CCW
		_Stepper_CW
		_config_PORTS
 This function is called by:
		Startup code after reset
 This function uses a non-reentrant model


 *************** function _config_PORTS *****************
 Defined at:
		line 143 in file "Stepper3.c"
 Parameters:    Size  Location     Type
		None
 Auto vars:     Size  Location     Type
		None
 Return value:  Size  Location     Type
                  1    wreg      void 
 Registers used:
		wreg, fsr0l, fsr0h, status,2, status,0, pclath, cstack
 Tracked objects:
		On entry : 
		On exit  : 
		Unchanged: 
 Data sizes:     COMMON   BANK0   BANK1   BANK3   BANK2
      Params:         0       0       0       0       0
      Locals:         0       0       0       0       0
      Temps:          0       0       0       0       0
      Totals:         0       0       0       0       0
Total ram usage:        0 bytes
 Hardware stack levels used:    1
 Hardware stack levels required when called:    1
 This function calls:
		_OSC_config
 This function is called by:
		_main
 This function uses a non-reentrant model


 *************** function _OSC_config *****************
 Defined at:
		line 158 in file "Stepper3.c"
 Parameters:    Size  Location     Type
  frecuencia      4    0[COMMON] unsigned long 
 Auto vars:     Size  Location     Type
		None
 Return value:  Size  Location     Type
                  1    wreg      void 
 Registers used:
		wreg, fsr0l, fsr0h, status,2, status,0
 Tracked objects:
		On entry : 
		On exit  : 
		Unchanged: 
 Data sizes:     COMMON   BANK0   BANK1   BANK3   BANK2
      Params:         4       0       0       0       0
      Locals:         0       0       0       0       0
      Temps:          0       0       0       0       0
      Totals:         4       0       0       0       0
Total ram usage:        4 bytes
 Hardware stack levels used:    1
 This function calls:
		Nothing
 This function is called by:
		_config_PORTS
 This function uses a non-reentrant model


 *************** function _Stepper_CW *****************
 Defined at:
		line 14 in file "STEPPER_MITSUMI.c"
 Parameters:    Size  Location     Type
  Step_grados_    2    0[COMMON] unsigned int 
 Auto vars:     Size  Location     Type
		None
 Return value:  Size  Location     Type
                  1    wreg      void 
 Registers used:
		wreg, fsr0l, fsr0h, status,2, status,0, btemp+1
 Tracked objects:
		On entry : 
		On exit  : 
		Unchanged: 
 Data sizes:     COMMON   BANK0   BANK1   BANK3   BANK2
      Params:         2       0       0       0       0
      Locals:         0       0       0       0       0
      Temps:          2       0       0       0       0
      Totals:         4       0       0       0       0
Total ram usage:        4 bytes
 Hardware stack levels used:    1
 This function calls:
		Nothing
 This function is called by:
		_main
 This function uses a non-reentrant model


 *************** function _Stepper_CCW *****************
 Defined at:
		line 102 in file "STEPPER_MITSUMI.c"
 Parameters:    Size  Location     Type
  Step_grados_    2    0[COMMON] unsigned int 
 Auto vars:     Size  Location     Type
		None
 Return value:  Size  Location     Type
                  1    wreg      void 
 Registers used:
		wreg, fsr0l, fsr0h, status,2, status,0, btemp+1
 Tracked objects:
		On entry : 
		On exit  : 
		Unchanged: 
 Data sizes:     COMMON   BANK0   BANK1   BANK3   BANK2
      Params:         2       0       0       0       0
      Locals:         0       0       0       0       0
      Temps:          2       0       0       0       0
      Totals:         4       0       0       0       0
Total ram usage:        4 bytes
 Hardware stack levels used:    1
 This function calls:
		Nothing
 This function is called by:
		_main
 This function uses a non-reentrant model



MODULE INFORMATION

Module		Function		Class		Link	Load	Size
STEPPER_MITSUMI.c
		_Stepper_CW    		CODE           	0608	0000	480
		_Stepper_CCW   		CODE           	0429	0000	480

STEPPER_MITSUMI.c estimated size: 960

Stepper3.c
		_main          		CODE           	02CB	0000	351
		_OSC_config    		CODE           	021F	0000	173
		_config_PORTS  		CODE           	0201	0000	31

Stepper3.c estimated size: 555

shared
		__initialization		CODE           	07E7	0000	22

shared estimated size: 22

