Microchip MPLAB XC8 Compiler V2.10 ()

Linker command line:

-W-3 --edf=C:\Program Files (x86)\Microchip\xc8\v2.10\pic\dat\en_msgs.txt \
  -cs -h+dist/default/production\ServoMotor_PWM.X.production.sym \
  --cmf=dist/default/production\ServoMotor_PWM.X.production.cmf -z -Q16F887 \
  -oC:\Users\Josue\AppData\Local\Temp\s8dk.2 --defsym=__MPLAB_BUILD=1 \
  -Mdist/default/production/ServoMotor_PWM.X.production.map -E1 -ver=XC8 \
  --acfsm=1493 -ASTACK=0110h-016Fh -pstack=STACK -ACODE=00h-07FFhx4 \
  -ASTRCODE=00h-01FFFh -ASTRING=00h-0FFhx32 -ACONST=00h-0FFhx32 \
  -AENTRY=00h-0FFhx32 -ACOMMON=070h-07Fh -ABANK0=020h-06Fh \
  -ABANK1=0A0h-0EFh -ABANK2=0110h-016Fh -ABANK3=0190h-01EFh \
  -ARAM=020h-06Fh,0A0h-0EFh,0110h-016Fh,0190h-01EFh \
  -AABS1=020h-07Fh,0A0h-0EFh,0110h-016Fh,0190h-01EFh -ASFR0=00h-01Fh \
  -ASFR1=080h-09Fh -ASFR2=0100h-010Fh -ASFR3=0180h-018Fh \
  -preset_vec=00h,intentry,init,end_init -ppowerup=CODE -pcinit=CODE \
  -pfunctab=ENTRY -ACONFIG=02007h-02008h -pconfig=CONFIG -DCONFIG=2 \
  -AIDLOC=02000h-02003h -pidloc=IDLOC -DIDLOC=2 -AEEDATA=00h-0FFh/02100h \
  -peeprom_data=EEDATA -DEEDATA=2 -DCODE=2 -DSTRCODE=2 -DSTRING=2 -DCONST=2 \
  -DENTRY=2 -k C:\Users\Josue\AppData\Local\Temp\s8dk.o \
  dist/default/production\ServoMotor_PWM.X.production.o 

Object code version is 3.11

Machine type is 16F887



                Name                               Link     Load   Length Selector   Space Scale
C:\Users\Josue\AppData\Local\Temp\s8dk.o
                end_init                              0        0        3        0       0
                config                             2007     2007        2     400E       0
dist/default/production\ServoMotor_PWM.X.production.o
                cinit                               7F9      7F9        7      FF2       0
                text6                               538      538       55      A70       0
                text5                               58D      58D       55      B1A       0
                text4                               5E2      5E2       AC      BC4       0
                text3                               4E0      4E0       1C      9C0       0
                text2                               4FC      4FC       1D      9F8       0
                text1                               519      519       1F      A32       0
                maintext                            68E      68E      16B      D1C       0
                cstackCOMMON                         70       70        7       70       1
                bssCOMMON                            77       77        3       70       1

TOTAL           Name                               Link     Load   Length     Space
        CLASS   STACK          

        CLASS   CODE           
                end_init                              0        0        3         0
                cinit                               7F9      7F9        7         0
                text6                               538      538       55         0
                text5                               58D      58D       55         0
                text4                               5E2      5E2       AC         0
                text3                               4E0      4E0       1C         0
                text2                               4FC      4FC       1D         0
                text1                               519      519       1F         0
                maintext                            68E      68E      16B         0

        CLASS   STRCODE        

        CLASS   STRING         

        CLASS   CONST          

        CLASS   ENTRY          

        CLASS   COMMON         
                cstackCOMMON                         70       70        7         1
                bssCOMMON                            77       77        3         1

        CLASS   BANK0          

        CLASS   BANK1          

        CLASS   BANK2          

        CLASS   BANK3          

        CLASS   RAM            

        CLASS   ABS1           
                abs_s1                               7E       7E        2         1

        CLASS   SFR0           

        CLASS   SFR1           

        CLASS   SFR2           

        CLASS   SFR3           

        CLASS   CONFIG         
                config                             2007     2007        2         0

        CLASS   IDLOC          

        CLASS   EEDATA         



SEGMENTS        Name                           Load    Length   Top    Selector   Space  Class     Delta

                reset_vec                      000000  000003  000003         0       0  CODE        2
                cstackCOMMON                   000070  00000A  00007A        70       1  COMMON      1
                text3                          0004E0  00001C  0004FC       9C0       0  CODE        2
                text2                          0004FC  00001D  000519       9F8       0  CODE        2
                text1                          000519  00001F  000538       A32       0  CODE        2
                text6                          000538  000055  00058D       A70       0  CODE        2
                text5                          00058D  000055  0005E2       B1A       0  CODE        2
                text4                          0005E2  0000AC  00068E       BC4       0  CODE        2
                maintext                       00068E  00016B  0007F9       D1C       0  CODE        2
                cinit                          0007F9  000007  000800       FF2       0  CODE        2
                config                         002007  000002  002009      400E       0  CONFIG      2


UNUSED ADDRESS RANGES

        Name                Unused          Largest block    Delta
        BANK0            0020-006F             50           1
        BANK1            00A0-00EF             50           1
        BANK2            0110-016F             60           1
        BANK3            0190-01EF             60           1
        CODE             0003-04DF            4DD           2
                         0800-1FFF            800
        COMMON           007A-007D              4           1
        CONST            0003-04DF            100           2
                         0800-1FFF            100
        EEDATA           2100-21FF            100           2
        ENTRY            0003-04DF            100           2
                         0800-1FFF            100
        IDLOC            2000-2003              4           2
        RAM              0020-006F             50           1
                         00A0-00EF             50
                         0110-016F             60
                         0190-01EF             60
        SFR0             0000-001F             20           1
        SFR1             0080-009F             20           1
        SFR2             0100-010F             10           1
        SFR3             0180-018F             10           1
        STACK            0110-016F             60           1
        STRCODE          0003-04DF            4DD           2
                         0800-1FFF           1800
        STRING           0003-04DF            100           2
                         0800-1FFF            100

                                  Symbol Table

OSC_config@frecuencia       cstackCOMMON 0070
Servo1_grados@Servo1_grados cstackCOMMON 0072
Servo2_grados@Servo2_grados cstackCOMMON 0072
_ANSEL                      (abs)        0188
_CCP1CONbits                (abs)        0017
_CCP2CONbits                (abs)        001D
_CCPR1L                     (abs)        0015
_CCPR2L                     (abs)        001B
_ESTADO                     bssCOMMON    0079
_ESTADO2                    bssCOMMON    0078
_ESTADO3                    bssCOMMON    0077
_OSCCONbits                 (abs)        008F
_OSC_config                 text4        05E2
_PIR1bits                   (abs)        000C
_PORTA                      (abs)        0005
_PORTB                      (abs)        0006
_PORTC                      (abs)        0007
_PORTD                      (abs)        0008
_PORTE                      (abs)        0009
_PORTEbits                  (abs)        0009
_PR2                        (abs)        0092
_Servo1_grados              text6        0538
_Servo2_grados              text5        058D
_T2CONbits                  (abs)        0012
_TRISCbits                  (abs)        0087
_TRISE                      (abs)        0089
__CFG_BOR4V$BOR40V          (abs)        0000
__CFG_BOREN$OFF             (abs)        0000
__CFG_CP$OFF                (abs)        0000
__CFG_CPD$OFF               (abs)        0000
__CFG_FCMEN$OFF             (abs)        0000
__CFG_FOSC$INTRC_CLKOUT     (abs)        0000
__CFG_IESO$OFF              (abs)        0000
__CFG_LVP$OFF               (abs)        0000
__CFG_MCLRE$ON              (abs)        0000
__CFG_PWRTE$OFF             (abs)        0000
__CFG_WDTE$OFF              (abs)        0000
__CFG_WRT$OFF               (abs)        0000
__Habs1                     abs1         0000
__Hbank0                    bank0        0000
__Hbank1                    bank1        0000
__Hbank2                    bank2        0000
__Hbank3                    bank3        0000
__HbssCOMMON                bssCOMMON    0000
__Hcinit                    cinit        0800
__Hclrtext                  clrtext      0000
__Hcode                     code         0000
__Hcommon                   common       0000
__Hconfig                   config       2009
__HcstackCOMMON             cstackCOMMON 0000
__Heeprom_data              eeprom_data  0000
__Hend_init                 end_init     0003
__Hfunctab                  functab      0000
__Hidloc                    idloc        0000
__Hinit                     init         0000
__Hintentry                 intentry     0000
__Hmaintext                 maintext     0000
__Hpowerup                  powerup      0000
__Hram                      ram          0000
__Hreset_vec                reset_vec    0000
__Hsfr0                     sfr0         0000
__Hsfr1                     sfr1         0000
__Hsfr2                     sfr2         0000
__Hsfr3                     sfr3         0000
__Hspace_0                  (abs)        2009
__Hspace_1                  (abs)        007A
__Hspace_2                  (abs)        0000
__Hspace_3                  (abs)        0000
__Hstack                    stack        0000
__Hstrings                  strings      0000
__Htext                     text         0000
__Labs1                     abs1         0000
__Lbank0                    bank0        0000
__Lbank1                    bank1        0000
__Lbank2                    bank2        0000
__Lbank3                    bank3        0000
__LbssCOMMON                bssCOMMON    0000
__Lcinit                    cinit        07F9
__Lclrtext                  clrtext      0000
__Lcode                     code         0000
__Lcommon                   common       0000
__Lconfig                   config       2007
__LcstackCOMMON             cstackCOMMON 0000
__Leeprom_data              eeprom_data  0000
__Lend_init                 end_init     0000
__Lfunctab                  functab      0000
__Lidloc                    idloc        0000
__Linit                     init         0000
__Lintentry                 intentry     0000
__Lmaintext                 maintext     0000
__Lpowerup                  powerup      0000
__Lram                      ram          0000
__Lreset_vec                reset_vec    0000
__Lsfr0                     sfr0         0000
__Lsfr1                     sfr1         0000
__Lsfr2                     sfr2         0000
__Lsfr3                     sfr3         0000
__Lspace_0                  (abs)        0000
__Lspace_1                  (abs)        0000
__Lspace_2                  (abs)        0000
__Lspace_3                  (abs)        0000
__Lstack                    stack        0000
__Lstrings                  strings      0000
__Ltext                     text         0000
__S0                        (abs)        2009
__S1                        (abs)        007A
__S2                        (abs)        0000
__S3                        (abs)        0000
___int_sp                   stack        0000
___latbits                  (abs)        0002
___sp                       stack        0000
___stackhi                  (abs)        0000
___stacklo                  (abs)        0000
__end_of_OSC_config         text4        068E
__end_of_Servo1_grados      text6        058D
__end_of_Servo2_grados      text5        05E2
__end_of__initialization    cinit        07FC
__end_of_config_PORTS       text3        04FC
__end_of_init_PWM_1         text2        0519
__end_of_init_PWM_2         text1        0538
__end_of_main               maintext     07F9
__initialization            cinit        07F9
__pbssCOMMON                bssCOMMON    0077
__pcstackCOMMON             cstackCOMMON 0070
__pmaintext                 maintext     068E
__ptext1                    text1        0519
__ptext2                    text2        04FC
__ptext3                    text3        04E0
__ptext4                    text4        05E2
__ptext5                    text5        058D
__ptext6                    text6        0538
__size_of_OSC_config        (abs)        0000
__size_of_Servo1_grados     (abs)        0000
__size_of_Servo2_grados     (abs)        0000
__size_of_config_PORTS      (abs)        0000
__size_of_init_PWM_1        (abs)        0000
__size_of_init_PWM_2        (abs)        0000
__size_of_main              (abs)        0000
_config_PORTS               text3        04E0
_init_PWM_1                 text2        04FC
_init_PWM_2                 text1        0519
_main                       maintext     068E
btemp                       (abs)        007E
end_of_initialization       cinit        07FC
intlevel0                   functab      0000
intlevel1                   functab      0000
intlevel2                   functab      0000
intlevel3                   functab      0000
intlevel4                   functab      0000
intlevel5                   functab      0000
reset_vec                   reset_vec    0000
start                       init         0000
start_initialization        cinit        07F9
wtemp0                      (abs)        007E


FUNCTION INFORMATION:

 *************** function _main *****************
 Defined at:
		line 54 in file "Servo_PWM.c"
 Parameters:    Size  Location     Type
		None
 Auto vars:     Size  Location     Type
		None
 Return value:  Size  Location     Type
                  1    wreg      void 
 Registers used:
		wreg, fsr0l, fsr0h, status,2, status,0, pclath, cstack
 Tracked objects:
		On entry : 
		On exit  : 
		Unchanged: 
 Data sizes:     COMMON   BANK0   BANK1   BANK3   BANK2
      Params:         0       0       0       0       0
      Locals:         0       0       0       0       0
      Temps:          3       0       0       0       0
      Totals:         3       0       0       0       0
Total ram usage:        3 bytes
 Hardware stack levels required when called:    2
 This function calls:
		_Servo1_grados
		_Servo2_grados
		_config_PORTS
		_init_PWM_1
		_init_PWM_2
 This function is called by:
		Startup code after reset
 This function uses a non-reentrant model


 *************** function _init_PWM_2 *****************
 Defined at:
		line 189 in file "Servo_PWM.c"
 Parameters:    Size  Location     Type
		None
 Auto vars:     Size  Location     Type
		None
 Return value:  Size  Location     Type
                  1    wreg      void 
 Registers used:
		wreg
 Tracked objects:
		On entry : 
		On exit  : 
		Unchanged: 
 Data sizes:     COMMON   BANK0   BANK1   BANK3   BANK2
      Params:         0       0       0       0       0
      Locals:         0       0       0       0       0
      Temps:          0       0       0       0       0
      Totals:         0       0       0       0       0
Total ram usage:        0 bytes
 Hardware stack levels used:    1
 This function calls:
		Nothing
 This function is called by:
		_main
 This function uses a non-reentrant model


 *************** function _init_PWM_1 *****************
 Defined at:
		line 160 in file "Servo_PWM.c"
 Parameters:    Size  Location     Type
		None
 Auto vars:     Size  Location     Type
		None
 Return value:  Size  Location     Type
                  1    wreg      void 
 Registers used:
		wreg
 Tracked objects:
		On entry : 
		On exit  : 
		Unchanged: 
 Data sizes:     COMMON   BANK0   BANK1   BANK3   BANK2
      Params:         0       0       0       0       0
      Locals:         0       0       0       0       0
      Temps:          0       0       0       0       0
      Totals:         0       0       0       0       0
Total ram usage:        0 bytes
 Hardware stack levels used:    1
 This function calls:
		Nothing
 This function is called by:
		_main
 This function uses a non-reentrant model


 *************** function _config_PORTS *****************
 Defined at:
		line 145 in file "Servo_PWM.c"
 Parameters:    Size  Location     Type
		None
 Auto vars:     Size  Location     Type
		None
 Return value:  Size  Location     Type
                  1    wreg      void 
 Registers used:
		wreg, fsr0l, fsr0h, status,2, status,0, pclath, cstack
 Tracked objects:
		On entry : 
		On exit  : 
		Unchanged: 
 Data sizes:     COMMON   BANK0   BANK1   BANK3   BANK2
      Params:         0       0       0       0       0
      Locals:         0       0       0       0       0
      Temps:          0       0       0       0       0
      Totals:         0       0       0       0       0
Total ram usage:        0 bytes
 Hardware stack levels used:    1
 Hardware stack levels required when called:    1
 This function calls:
		_OSC_config
 This function is called by:
		_main
 This function uses a non-reentrant model


 *************** function _OSC_config *****************
 Defined at:
		line 222 in file "Servo_PWM.c"
 Parameters:    Size  Location     Type
  frecuencia      4    0[COMMON] unsigned long 
 Auto vars:     Size  Location     Type
		None
 Return value:  Size  Location     Type
                  1    wreg      void 
 Registers used:
		wreg, fsr0l, fsr0h, status,2, status,0
 Tracked objects:
		On entry : 
		On exit  : 
		Unchanged: 
 Data sizes:     COMMON   BANK0   BANK1   BANK3   BANK2
      Params:         4       0       0       0       0
      Locals:         0       0       0       0       0
      Temps:          0       0       0       0       0
      Totals:         4       0       0       0       0
Total ram usage:        4 bytes
 Hardware stack levels used:    1
 This function calls:
		Nothing
 This function is called by:
		_config_PORTS
 This function uses a non-reentrant model


 *************** function _Servo2_grados *****************
 Defined at:
		line 309 in file "Servo_PWM.c"
 Parameters:    Size  Location     Type
  Servo2_grado    1    wreg     unsigned char 
 Auto vars:     Size  Location     Type
  Servo2_grado    1    2[COMMON] unsigned char 
 Return value:  Size  Location     Type
                  1    wreg      void 
 Registers used:
		wreg, fsr0l, fsr0h, status,2, status,0
 Tracked objects:
		On entry : 
		On exit  : 
		Unchanged: 
 Data sizes:     COMMON   BANK0   BANK1   BANK3   BANK2
      Params:         0       0       0       0       0
      Locals:         1       0       0       0       0
      Temps:          2       0       0       0       0
      Totals:         3       0       0       0       0
Total ram usage:        3 bytes
 Hardware stack levels used:    1
 This function calls:
		Nothing
 This function is called by:
		_main
 This function uses a non-reentrant model


 *************** function _Servo1_grados *****************
 Defined at:
		line 265 in file "Servo_PWM.c"
 Parameters:    Size  Location     Type
  Servo1_grado    1    wreg     unsigned char 
 Auto vars:     Size  Location     Type
  Servo1_grado    1    2[COMMON] unsigned char 
 Return value:  Size  Location     Type
                  1    wreg      void 
 Registers used:
		wreg, fsr0l, fsr0h, status,2, status,0
 Tracked objects:
		On entry : 
		On exit  : 
		Unchanged: 
 Data sizes:     COMMON   BANK0   BANK1   BANK3   BANK2
      Params:         0       0       0       0       0
      Locals:         1       0       0       0       0
      Temps:          2       0       0       0       0
      Totals:         3       0       0       0       0
Total ram usage:        3 bytes
 Hardware stack levels used:    1
 This function calls:
		Nothing
 This function is called by:
		_main
 This function uses a non-reentrant model



MODULE INFORMATION

Module		Function		Class		Link	Load	Size
Servo_PWM.c
		_main          		CODE           	068E	0000	364
		_Servo1_grados 		CODE           	0538	0000	86
		_OSC_config    		CODE           	05E2	0000	173
		_init_PWM_1    		CODE           	04FC	0000	30
		_init_PWM_2    		CODE           	0519	0000	32
		_config_PORTS  		CODE           	04E0	0000	29
		_Servo2_grados 		CODE           	058D	0000	86

Servo_PWM.c estimated size: 800

shared
		__initialization		CODE           	07F9	0000	4

shared estimated size: 4

